<!doctype html public "-//w3c//dtd html 4.0 transitional//en">
<html><head>
<title>Static Call Graph - [.\Objects\BG580_TFT.axf]</title></head>
<body><HR>
<H1>Static Call Graph for image .\Objects\BG580_TFT.axf</H1><HR>
<BR><P>#&#060CALLGRAPH&#062# ARM Linker, 5060750: Last Updated: Wed Dec 01 14:20:39 2021
<BR><P>
<H3>Maximum Stack Usage =        488 bytes + Unknown(Cycles, Untraceable Function Pointers)</H3><H3>
Call chain for Maximum Stack Depth:</H3>
simpleProfileChangeCB &rArr; updateDeviceDefaultInfo &rArr; UserInfo_NotifyStatus &rArr; SimpleProfile_SetParameter &rArr; GATTServApp_ProcessCharCfg &rArr; GATTServApp_ReadAttr &rArr; gattServApp_FindAuthorizeAttrCB
<P>
<H3>
Mutually Recursive functions
</H3> <LI><a href="#[3]">NMI_Handler</a>&nbsp;&nbsp;&nbsp;&rArr;&nbsp;&nbsp;&nbsp;<a href="#[3]">NMI_Handler</a><BR>
 <LI><a href="#[4]">HardFault_Handler</a>&nbsp;&nbsp;&nbsp;&rArr;&nbsp;&nbsp;&nbsp;<a href="#[4]">HardFault_Handler</a><BR>
 <LI><a href="#[5]">SVC_Handler</a>&nbsp;&nbsp;&nbsp;&rArr;&nbsp;&nbsp;&nbsp;<a href="#[5]">SVC_Handler</a><BR>
 <LI><a href="#[6]">PendSV_Handler</a>&nbsp;&nbsp;&nbsp;&rArr;&nbsp;&nbsp;&nbsp;<a href="#[6]">PendSV_Handler</a><BR>
 <LI><a href="#[7]">SysTick_Handler</a>&nbsp;&nbsp;&nbsp;&rArr;&nbsp;&nbsp;&nbsp;<a href="#[7]">SysTick_Handler</a><BR>
</UL>
<P>
<H3>
Function Pointers
</H3><UL>
 <LI><a href="#[2b]">GAPRole_ProcessEvent</a> from peripheral.o(i.GAPRole_ProcessEvent) referenced from osal_blesmartperipheral.o(.constdata)
 <LI><a href="#[28]">GAP_ProcessEvent</a> from rom1Sym.txt(ABSOLUTE) referenced from osal_blesmartperipheral.o(.constdata)
 <LI><a href="#[2c]">GATTServApp_ProcessEvent</a> from gattservapp.o(i.GATTServApp_ProcessEvent) referenced from osal_blesmartperipheral.o(.constdata)
 <LI><a href="#[29]">GATT_ProcessEvent</a> from rom1Sym.txt(ABSOLUTE) referenced from osal_blesmartperipheral.o(.constdata)
 <LI><a href="#[26]">HCI_ProcessEvent</a> from rom1Sym.txt(ABSOLUTE) referenced from osal_blesmartperipheral.o(.constdata)
 <LI><a href="#[4]">HardFault_Handler</a> from startup_armcm0.o(.text) referenced from startup_armcm0.o(RESET)
 <LI><a href="#[27]">L2CAP_ProcessEvent</a> from rom1Sym.txt(ABSOLUTE) referenced from osal_blesmartperipheral.o(.constdata)
 <LI><a href="#[25]">LL_ProcessEvent</a> from rom1Sym.txt(ABSOLUTE) referenced from osal_blesmartperipheral.o(.constdata)
 <LI><a href="#[1b]">LL_SetScanControl1</a> from patch.o(i.LL_SetScanControl1) referenced from patch.o(i.init_config)
 <LI><a href="#[3]">NMI_Handler</a> from startup_armcm0.o(.text) referenced from startup_armcm0.o(RESET)
 <LI><a href="#[6]">PendSV_Handler</a> from startup_armcm0.o(.text) referenced from startup_armcm0.o(RESET)
 <LI><a href="#[2]">Reset_Handler</a> from startup_armcm0.o(.text) referenced from startup_armcm0.o(RESET)
 <LI><a href="#[2a]">SM_ProcessEvent</a> from rom1Sym.txt(ABSOLUTE) referenced from osal_blesmartperipheral.o(.constdata)
 <LI><a href="#[5]">SVC_Handler</a> from startup_armcm0.o(.text) referenced from startup_armcm0.o(RESET)
 <LI><a href="#[7]">SysTick_Handler</a> from startup_armcm0.o(.text) referenced from startup_armcm0.o(RESET)
 <LI><a href="#[9]">SystemInit</a> from system_armcm0.o(i.SystemInit) referenced from startup_armcm0.o(.text)
 <LI><a href="#[a]">__main</a> from entry.o(.ARM.Collect$$$$00000000) referenced from startup_armcm0.o(.text)
 <LI><a href="#[e]">_sputc</a> from printf8.o(i._sputc) referenced from printf8.o(i.__0sprintf$8)
 <LI><a href="#[14]">adc_wakeup_hdl</a> from adc.o(i.adc_wakeup_hdl) referenced from adc.o(i.hal_adc_init)
 <LI><a href="#[33]">battReadAttrCB</a> from battservice.o(i.battReadAttrCB) referenced from battservice.o(.constdata)
 <LI><a href="#[34]">battWriteAttrCB</a> from battservice.o(i.battWriteAttrCB) referenced from battservice.o(.constdata)
 <LI><a href="#[f]">batt_adc_evt</a> from battery.o(i.batt_adc_evt) referenced from battery.o(i.batt_adc_init)
 <LI><a href="#[2d]">bleSmartPeripheral_ProcessEvent</a> from blesmartperipheral.o(i.bleSmartPeripheral_ProcessEvent) referenced from osal_blesmartperipheral.o(.constdata)
 <LI><a href="#[30]">command_center_ProcessEvent</a> from command_center.o(i.command_center_ProcessEvent) referenced from osal_blesmartperipheral.o(.constdata)
 <LI><a href="#[10]">customizeFlashCbfunc</a> from user_lighteffect.o(i.customizeFlashCbfunc) referenced from user_lighteffect.o(i.customizeFlashEffect)
 <LI><a href="#[11]">customizeFlashEndCbfunc</a> from user_lighteffect.o(i.customizeFlashEndCbfunc) referenced from user_lighteffect.o(i.customizeFlashEffect)
 <LI><a href="#[12]">customizeGrdualCbfunc</a> from user_lighteffect.o(i.customizeGrdualCbfunc) referenced from user_lighteffect.o(i.customizeGradualEffect)
 <LI><a href="#[13]">customizeGrdualEndCbfunc</a> from user_lighteffect.o(i.customizeGrdualEndCbfunc) referenced from user_lighteffect.o(i.customizeGradualEffect)
 <LI><a href="#[35]">devInfo_ReadAttrCB</a> from devinfoservice.o(i.devInfo_ReadAttrCB) referenced from devinfoservice.o(.constdata)
 <LI><a href="#[21]">fireProcess</a> from user_lighteffect.o(i.fireProcess) referenced from user_lighteffect.o(i.sceneFire)
 <LI><a href="#[23]">flashMode2StyleAfunc</a> from user_lighteffect.o(i.flashMode2StyleAfunc) referenced from user_lighteffect.o(i.set2FlashMode2StyleA)
 <LI><a href="#[d]">fputc</a> from fputc.o(i.fputc) referenced from printf8.o(i.__0printf$8)
 <LI><a href="#[b]">gattServApp_HandleConnStatusCB</a> from gattservapp.o(i.gattServApp_HandleConnStatusCB) referenced from gattservapp.o(i.GATTServApp_Init)
 <LI><a href="#[36]">ggs_ReadAttrCB</a> from gapgattserver.o(i.ggs_ReadAttrCB) referenced from gapgattserver.o(.constdata)
 <LI><a href="#[37]">ggs_WriteAttrCB</a> from gapgattserver.o(i.ggs_WriteAttrCB) referenced from gapgattserver.o(.constdata)
 <LI><a href="#[16]">gpio_sleep_handler</a> from gpio.o(i.gpio_sleep_handler) referenced from gpio.o(i.hal_gpio_init)
 <LI><a href="#[15]">gpio_wakeup_handler</a> from gpio.o(i.gpio_wakeup_handler) referenced from gpio.o(i.hal_gpio_init)
 <LI><a href="#[45]">hal_ADC_IRQHandler</a> from adc.o(i.hal_ADC_IRQHandler) referenced from jump_table.o(jump_table_mem_area)
 <LI><a href="#[44]">hal_GPIO_IRQHandler</a> from gpio.o(i.hal_GPIO_IRQHandler) referenced from jump_table.o(jump_table_mem_area)
 <LI><a href="#[42]">hal_SPI0_IRQHandler</a> from spi.o(i.hal_SPI0_IRQHandler) referenced from jump_table.o(jump_table_mem_area)
 <LI><a href="#[43]">hal_SPI1_IRQHandler</a> from spi.o(i.hal_SPI1_IRQHandler) referenced from jump_table.o(jump_table_mem_area)
 <LI><a href="#[41]">hal_UART0_IRQHandler</a> from uart.o(i.hal_UART0_IRQHandler) referenced from jump_table.o(jump_table_mem_area)
 <LI><a href="#[3d]">hal_pwrmgr_sleep_process</a> from pwrmgr.o(i.hal_pwrmgr_sleep_process) referenced from jump_table.o(jump_table_mem_area)
 <LI><a href="#[3e]">hal_pwrmgr_wakeup_process</a> from pwrmgr.o(i.hal_pwrmgr_wakeup_process) referenced from jump_table.o(jump_table_mem_area)
 <LI><a href="#[1f]">handleConnStatusCB</a> from ota_app_service.o(i.handleConnStatusCB) referenced from ota_app_service.o(i.ota_app_AddService)
 <LI><a href="#[40]">hard_fault</a> from jump_table.o(i.hard_fault) referenced from jump_table.o(jump_table_mem_area)
 <LI><a href="#[2f]">light_ProcessEvent</a> from light.o(i.light_ProcessEvent) referenced from osal_blesmartperipheral.o(.constdata)
 <LI><a href="#[22]">lightning1Process</a> from user_lighteffect.o(i.lightning1Process) referenced from user_lighteffect.o(i.sceneLightning1)
 <LI><a href="#[1c]">llSetupAdv1</a> from patch.o(i.llSetupAdv1) referenced from patch.o(i.init_config)
 <LI><a href="#[19]">ll_hw_go1</a> from patch.o(i.ll_hw_go1) referenced from patch.o(i.init_config)
 <LI><a href="#[8]">main</a> from main.o(i.main) referenced from entry9a.o(.ARM.Collect$$$$0000000B)
 <LI><a href="#[1e]">negedge_callback_wakeup</a> from keys.o(i.negedge_callback_wakeup) referenced from keys.o(i.keys_Init)
 <LI><a href="#[3c]">osalInitTasks</a> from osal_blesmartperipheral.o(i.osalInitTasks) referenced from jump_table.o(jump_table_mem_area)
 <LI><a href="#[38]">ota_ReadAttrCB</a> from ota_app_service.o(i.ota_ReadAttrCB) referenced from ota_app_service.o(.constdata)
 <LI><a href="#[39]">ota_WriteAttrCB</a> from ota_app_service.o(i.ota_WriteAttrCB) referenced from ota_app_service.o(.constdata)
 <LI><a href="#[1]">peripheralStateNotificationCB</a> from blesmartperipheral.o(i.peripheralStateNotificationCB) referenced 2 times from blesmartperipheral.o(.data)
 <LI><a href="#[1d]">posedge_callback_wakeup</a> from keys.o(i.posedge_callback_wakeup) referenced from keys.o(i.keys_Init)
 <LI><a href="#[2e]">protocol_uart_ProcessEvent</a> from protocol_uart.o(i.protocol_uart_ProcessEvent) referenced from osal_blesmartperipheral.o(.constdata)
 <LI><a href="#[32]">protocol_uart_evt_hdl</a> from protocol_uart.o(i.protocol_uart_evt_hdl) referenced from protocol_uart.o(.constdata)
 <LI><a href="#[20]">protocol_uart_wakeup_handle</a> from protocol_uart.o(i.protocol_uart_wakeup_handle) referenced from protocol_uart.o(i.protocol_uart_Init)
 <LI><a href="#[20]">protocol_uart_wakeup_handle</a> from protocol_uart.o(i.protocol_uart_wakeup_handle) referenced from protocol_uart.o(i.protocol_uart_ProcessEvent)
 <LI><a href="#[1a]">rf_calibrate1</a> from patch.o(i.rf_calibrate1) referenced from patch.o(i.init_config)
 <LI><a href="#[3f]">rf_phy_ini</a> from rf_phy_driver.o(i.rf_phy_ini) referenced from jump_table.o(jump_table_mem_area)
 <LI><a href="#[17]">rf_wakeup_handler</a> from main.o(i.rf_wakeup_handler) referenced from main.o(i.hal_rfphy_init)
 <LI><a href="#[0]">simpleProfileChangeCB</a> from blesmartperipheral.o(i.simpleProfileChangeCB) referenced 2 times from blesmartperipheral.o(.data)
 <LI><a href="#[c]">simpleProfile_HandleConnStatusCB</a> from simplegattprofile.o(i.simpleProfile_HandleConnStatusCB) referenced from simplegattprofile.o(i.SimpleProfile_AddService)
 <LI><a href="#[3a]">simpleProfile_ReadAttrCB</a> from simplegattprofile.o(i.simpleProfile_ReadAttrCB) referenced from simplegattprofile.o(.constdata)
 <LI><a href="#[3b]">simpleProfile_WriteAttrCB</a> from simplegattprofile.o(i.simpleProfile_WriteAttrCB) referenced from simplegattprofile.o(.constdata)
 <LI><a href="#[24]">temp_adc_evt</a> from temp.o(i.temp_adc_evt) referenced from temp.o(i.temp_adc_init)
 <LI><a href="#[18]">uart_hw_config</a> from uart.o(i.uart_hw_config) referenced from uart.o(i.hal_uart_init)
 <LI><a href="#[31]">userWatchDogProcessEvent</a> from user_watchdog.o(i.userWatchDogProcessEvent) referenced from osal_blesmartperipheral.o(.constdata)
</UL>
<P>
<H3>
Global Symbols
</H3>
<P><STRONG><a name="[6a]"></a>__aeabi_uidivmod</STRONG> (Thumb, 0 bytes, Stack size 0 bytes, rom1Sym.txt(ABSOLUTE))
<BR><BR>[Called By]<UL><LI><a href="#[68]">&gt;&gt;</a>&nbsp;&nbsp;&nbsp;CCS_DATATRANSFER_PROCESS (via Veneer)
<LI><a href="#[111]">&gt;&gt;</a>&nbsp;&nbsp;&nbsp;hal_gpio_pull_set (via Veneer)
<LI><a href="#[30]">&gt;&gt;</a>&nbsp;&nbsp;&nbsp;command_center_ProcessEvent (via Veneer)
<LI><a href="#[13a]">&gt;&gt;</a>&nbsp;&nbsp;&nbsp;customizeGradualEffect (via Veneer)
<LI><a href="#[10]">&gt;&gt;</a>&nbsp;&nbsp;&nbsp;customizeFlashCbfunc (via Veneer)
<LI><a href="#[14b]">&gt;&gt;</a>&nbsp;&nbsp;&nbsp;hsb2Rgb (via Veneer)
<LI><a href="#[183]">&gt;&gt;</a>&nbsp;&nbsp;&nbsp;hal_ms_intv (via Veneer)
<LI><a href="#[f4]">&gt;&gt;</a>&nbsp;&nbsp;&nbsp;WaitMs (via Veneer)
<LI><a href="#[1b9]">&gt;&gt;</a>&nbsp;&nbsp;&nbsp;originalHsv2Rgb (via Veneer)
<LI><a href="#[12e]">&gt;&gt;</a>&nbsp;&nbsp;&nbsp;setBattLevel (via Veneer)
<LI><a href="#[1aa]">&gt;&gt;</a>&nbsp;&nbsp;&nbsp;hal_system_init (via Veneer)
<LI><a href="#[16f]">&gt;&gt;</a>&nbsp;&nbsp;&nbsp;hal_gpio_wakeup_set (via Veneer)
<LI><a href="#[1a7]">&gt;&gt;</a>&nbsp;&nbsp;&nbsp;hal_spi_master_init (via Veneer)
<LI><a href="#[1e9]">&gt;&gt;</a>&nbsp;&nbsp;&nbsp;printi (via Veneer)
<LI><a href="#[18]">&gt;&gt;</a>&nbsp;&nbsp;&nbsp;uart_hw_config (via Veneer)
<LI><a href="#[15d]">&gt;&gt;</a>&nbsp;&nbsp;&nbsp;gattServApp_ProcessReadByTypeReq (via Veneer)
<LI><a href="#[163]">&gt;&gt;</a>&nbsp;&nbsp;&nbsp;gattServApp_ProcessReadByGrpTypeReq (via Veneer)
<LI><a href="#[1f4]">&gt;&gt;</a>&nbsp;&nbsp;&nbsp;rc32k_tracking_check (via Veneer)
</UL>

<P><STRONG><a name="[16e]"></a>__aeabi_idivmod</STRONG> (Thumb, 0 bytes, Stack size 0 bytes, rom1Sym.txt(ABSOLUTE))
<BR><BR>[Called By]<UL><LI><a href="#[16d]">&gt;&gt;</a>&nbsp;&nbsp;&nbsp;getBattPercentByVoltMv (via Veneer)
</UL>

<P><STRONG><a name="[1e8]"></a>strlen</STRONG> (Thumb, 0 bytes, Stack size 0 bytes, rom1Sym.txt(ABSOLUTE))
<BR><BR>[Called By]<UL><LI><a href="#[107]">&gt;&gt;</a>&nbsp;&nbsp;&nbsp;phy_printf (via Veneer)
<LI><a href="#[1e4]">&gt;&gt;</a>&nbsp;&nbsp;&nbsp;process_cmd (via Veneer)
</UL>

<P><STRONG><a name="[db]"></a>ATT_CompareUUID</STRONG> (Thumb, 0 bytes, Stack size 0 bytes, rom1Sym.txt(ABSOLUTE))
<BR><BR>[Called By]<UL><LI><a href="#[d3]">&gt;&gt;</a>&nbsp;&nbsp;&nbsp;GATTServApp_ReadAttr (via Veneer)
</UL>

<P><STRONG><a name="[160]"></a>ATT_ErrorRsp</STRONG> (Thumb, 0 bytes, Stack size 0 bytes, rom1Sym.txt(ABSOLUTE))
<BR><BR>[Called By]<UL><LI><a href="#[d6]">&gt;&gt;</a>&nbsp;&nbsp;&nbsp;gattServApp_ProcessMsg (via Veneer)
</UL>

<P><STRONG><a name="[15c]"></a>ATT_ExchangeMTURsp</STRONG> (Thumb, 0 bytes, Stack size 0 bytes, rom1Sym.txt(ABSOLUTE))
<BR><BR>[Called By]<UL><LI><a href="#[d6]">&gt;&gt;</a>&nbsp;&nbsp;&nbsp;gattServApp_ProcessMsg (via Veneer)
</UL>

<P><STRONG><a name="[158]"></a>ATT_ExecuteWriteRsp</STRONG> (Thumb, 0 bytes, Stack size 0 bytes, rom1Sym.txt(ABSOLUTE))
<BR><BR>[Called By]<UL><LI><a href="#[157]">&gt;&gt;</a>&nbsp;&nbsp;&nbsp;gattServApp_ProcessExecuteWriteReq (via Veneer)
</UL>

<P><STRONG><a name="[15b]"></a>ATT_FindByTypeValueRsp</STRONG> (Thumb, 0 bytes, Stack size 0 bytes, rom1Sym.txt(ABSOLUTE))
<BR><BR>[Called By]<UL><LI><a href="#[159]">&gt;&gt;</a>&nbsp;&nbsp;&nbsp;gattServApp_ProcessFindByTypeValueReq (via Veneer)
</UL>

<P><STRONG><a name="[166]"></a>ATT_PrepareWriteRsp</STRONG> (Thumb, 0 bytes, Stack size 0 bytes, rom1Sym.txt(ABSOLUTE))
<BR><BR>[Called By]<UL><LI><a href="#[165]">&gt;&gt;</a>&nbsp;&nbsp;&nbsp;gattServApp_ProcessPrepareWriteReq (via Veneer)
</UL>

<P><STRONG><a name="[15f]"></a>ATT_ReadBlobRsp</STRONG> (Thumb, 0 bytes, Stack size 0 bytes, rom1Sym.txt(ABSOLUTE))
<BR><BR>[Called By]<UL><LI><a href="#[d6]">&gt;&gt;</a>&nbsp;&nbsp;&nbsp;gattServApp_ProcessMsg (via Veneer)
</UL>

<P><STRONG><a name="[168]"></a>ATT_ReadByGrpTypeRsp</STRONG> (Thumb, 0 bytes, Stack size 0 bytes, rom1Sym.txt(ABSOLUTE))
<BR><BR>[Called By]<UL><LI><a href="#[163]">&gt;&gt;</a>&nbsp;&nbsp;&nbsp;gattServApp_ProcessReadByGrpTypeReq (via Veneer)
</UL>

<P><STRONG><a name="[169]"></a>ATT_ReadByTypeRsp</STRONG> (Thumb, 0 bytes, Stack size 0 bytes, rom1Sym.txt(ABSOLUTE))
<BR><BR>[Called By]<UL><LI><a href="#[15d]">&gt;&gt;</a>&nbsp;&nbsp;&nbsp;gattServApp_ProcessReadByTypeReq (via Veneer)
</UL>

<P><STRONG><a name="[16a]"></a>ATT_ReadMultiRsp</STRONG> (Thumb, 0 bytes, Stack size 0 bytes, rom1Sym.txt(ABSOLUTE))
<BR><BR>[Called By]<UL><LI><a href="#[162]">&gt;&gt;</a>&nbsp;&nbsp;&nbsp;gattServApp_ProcessReadMultiReq (via Veneer)
</UL>

<P><STRONG><a name="[15e]"></a>ATT_ReadRsp</STRONG> (Thumb, 0 bytes, Stack size 0 bytes, rom1Sym.txt(ABSOLUTE))
<BR><BR>[Called By]<UL><LI><a href="#[d6]">&gt;&gt;</a>&nbsp;&nbsp;&nbsp;gattServApp_ProcessMsg (via Veneer)
</UL>

<P><STRONG><a name="[16b]"></a>ATT_WriteRsp</STRONG> (Thumb, 0 bytes, Stack size 0 bytes, rom1Sym.txt(ABSOLUTE))
<BR><BR>[Called By]<UL><LI><a href="#[164]">&gt;&gt;</a>&nbsp;&nbsp;&nbsp;gattServApp_ProcessWriteReq (via Veneer)
</UL>

<P><STRONG><a name="[a4]"></a>GAP_Bond</STRONG> (Thumb, 0 bytes, Stack size 0 bytes, rom1Sym.txt(ABSOLUTE))
<BR><BR>[Called By]<UL><LI><a href="#[a0]">&gt;&gt;</a>&nbsp;&nbsp;&nbsp;GAPBondMgr_LinkEst (via Veneer)
</UL>

<P><STRONG><a name="[ba]"></a>GAP_EndDiscoverable</STRONG> (Thumb, 0 bytes, Stack size 0 bytes, rom1Sym.txt(ABSOLUTE))
<BR><BR>[Called By]<UL><LI><a href="#[82]">&gt;&gt;</a>&nbsp;&nbsp;&nbsp;GAPRole_SetParameter (via Veneer)
<LI><a href="#[153]">&gt;&gt;</a>&nbsp;&nbsp;&nbsp;gapRole_ProcessGAPMsg (via Veneer)
</UL>

<P><STRONG><a name="[b0]"></a>GAP_GetParamValue</STRONG> (Thumb, 0 bytes, Stack size 0 bytes, rom1Sym.txt(ABSOLUTE))
<BR><BR>[Called By]<UL><LI><a href="#[81]">&gt;&gt;</a>&nbsp;&nbsp;&nbsp;GAPRole_GetParameter (via Veneer)
<LI><a href="#[b8]">&gt;&gt;</a>&nbsp;&nbsp;&nbsp;gapRole_startConnUpdate (via Veneer)
<LI><a href="#[b4]">&gt;&gt;</a>&nbsp;&nbsp;&nbsp;gapRole_ProcessOSALMsg (via Veneer)
<LI><a href="#[153]">&gt;&gt;</a>&nbsp;&nbsp;&nbsp;gapRole_ProcessGAPMsg (via Veneer)
</UL>

<P><STRONG><a name="[1db]"></a>GAP_Init</STRONG> (Thumb, 0 bytes, Stack size 0 bytes, rom1Sym.txt(ABSOLUTE))
<BR><BR>[Called By]<UL><LI><a href="#[3c]">&gt;&gt;</a>&nbsp;&nbsp;&nbsp;osalInitTasks (via Veneer)
</UL>

<P><STRONG><a name="[b6]"></a>GAP_MakeDiscoverable</STRONG> (Thumb, 0 bytes, Stack size 0 bytes, rom1Sym.txt(ABSOLUTE))
<BR><BR>[Called By]<UL><LI><a href="#[2b]">&gt;&gt;</a>&nbsp;&nbsp;&nbsp;GAPRole_ProcessEvent (via Veneer)
</UL>

<P><STRONG><a name="[c1]"></a>GAP_ParamsInit</STRONG> (Thumb, 0 bytes, Stack size 0 bytes, rom1Sym.txt(ABSOLUTE))
<BR><BR>[Called By]<UL><LI><a href="#[bf]">&gt;&gt;</a>&nbsp;&nbsp;&nbsp;GAP_DeviceInit (via Veneer)
</UL>

<P><STRONG><a name="[c3]"></a>GAP_PeriDevMgrInit</STRONG> (Thumb, 0 bytes, Stack size 0 bytes, rom1Sym.txt(ABSOLUTE))
<BR><BR>[Called By]<UL><LI><a href="#[bf]">&gt;&gt;</a>&nbsp;&nbsp;&nbsp;GAP_DeviceInit (via Veneer)
</UL>

<P><STRONG><a name="[28]"></a>GAP_ProcessEvent</STRONG> (Thumb, 0 bytes, Stack size 0 bytes, rom1Sym.txt(ABSOLUTE), UNUSED)
<BR>[Address Reference Count : 1]<UL><LI> osal_blesmartperipheral.o(.constdata)
</UL>
<P><STRONG><a name="[b2]"></a>GAP_RegisterForHCIMsgs</STRONG> (Thumb, 0 bytes, Stack size 0 bytes, rom1Sym.txt(ABSOLUTE))
<BR><BR>[Called By]<UL><LI><a href="#[b1]">&gt;&gt;</a>&nbsp;&nbsp;&nbsp;GAPRole_Init (via Veneer)
</UL>

<P><STRONG><a name="[ae]"></a>GAP_ResolvePrivateAddr</STRONG> (Thumb, 0 bytes, Stack size 0 bytes, rom1Sym.txt(ABSOLUTE))
<BR><BR>[Called By]<UL><LI><a href="#[a1]">&gt;&gt;</a>&nbsp;&nbsp;&nbsp;GAPBondMgr_ResolveAddr (via Veneer)
</UL>

<P><STRONG><a name="[c2]"></a>GAP_SecParamsInit</STRONG> (Thumb, 0 bytes, Stack size 0 bytes, rom1Sym.txt(ABSOLUTE))
<BR><BR>[Called By]<UL><LI><a href="#[bf]">&gt;&gt;</a>&nbsp;&nbsp;&nbsp;GAP_DeviceInit (via Veneer)
</UL>

<P><STRONG><a name="[aa]"></a>GAP_SendSlaveSecurityRequest</STRONG> (Thumb, 0 bytes, Stack size 0 bytes, rom1Sym.txt(ABSOLUTE))
<BR><BR>[Called By]<UL><LI><a href="#[a0]">&gt;&gt;</a>&nbsp;&nbsp;&nbsp;GAPBondMgr_LinkEst (via Veneer)
</UL>

<P><STRONG><a name="[bd]"></a>GAP_SetParamValue</STRONG> (Thumb, 0 bytes, Stack size 0 bytes, rom1Sym.txt(ABSOLUTE))
<BR><BR>[Called By]<UL><LI><a href="#[82]">&gt;&gt;</a>&nbsp;&nbsp;&nbsp;GAPRole_SetParameter (via Veneer)
<LI><a href="#[116]">&gt;&gt;</a>&nbsp;&nbsp;&nbsp;bleSmartPeripheral_Init (via Veneer)
</UL>

<P><STRONG><a name="[a6]"></a>GAP_Signable</STRONG> (Thumb, 0 bytes, Stack size 0 bytes, rom1Sym.txt(ABSOLUTE))
<BR><BR>[Called By]<UL><LI><a href="#[a0]">&gt;&gt;</a>&nbsp;&nbsp;&nbsp;GAPBondMgr_LinkEst (via Veneer)
</UL>

<P><STRONG><a name="[c0]"></a>GAP_TerminateLinkReq</STRONG> (Thumb, 0 bytes, Stack size 0 bytes, rom1Sym.txt(ABSOLUTE))
<BR><BR>[Called By]<UL><LI><a href="#[80]">&gt;&gt;</a>&nbsp;&nbsp;&nbsp;GAPRole_TerminateConnection (via Veneer)
</UL>

<P><STRONG><a name="[bc]"></a>GAP_UpdateAdvertisingData</STRONG> (Thumb, 0 bytes, Stack size 0 bytes, rom1Sym.txt(ABSOLUTE))
<BR><BR>[Called By]<UL><LI><a href="#[82]">&gt;&gt;</a>&nbsp;&nbsp;&nbsp;GAPRole_SetParameter (via Veneer)
<LI><a href="#[153]">&gt;&gt;</a>&nbsp;&nbsp;&nbsp;gapRole_ProcessGAPMsg (via Veneer)
</UL>

<P><STRONG><a name="[161]"></a>GATT_AppCompletedMsg</STRONG> (Thumb, 0 bytes, Stack size 0 bytes, rom1Sym.txt(ABSOLUTE))
<BR><BR>[Called By]<UL><LI><a href="#[d6]">&gt;&gt;</a>&nbsp;&nbsp;&nbsp;gattServApp_ProcessMsg (via Veneer)
</UL>

<P><STRONG><a name="[d9]"></a>GATT_FindHandle</STRONG> (Thumb, 0 bytes, Stack size 0 bytes, rom1Sym.txt(ABSOLUTE))
<BR><BR>[Called By]<UL><LI><a href="#[e2]">&gt;&gt;</a>&nbsp;&nbsp;&nbsp;GATTServApp_WriteAttr (via Veneer)
<LI><a href="#[164]">&gt;&gt;</a>&nbsp;&nbsp;&nbsp;gattServApp_ProcessWriteReq (via Veneer)
<LI><a href="#[162]">&gt;&gt;</a>&nbsp;&nbsp;&nbsp;gattServApp_ProcessReadMultiReq (via Veneer)
<LI><a href="#[165]">&gt;&gt;</a>&nbsp;&nbsp;&nbsp;gattServApp_ProcessPrepareWriteReq (via Veneer)
<LI><a href="#[d6]">&gt;&gt;</a>&nbsp;&nbsp;&nbsp;gattServApp_ProcessMsg (via Veneer)
<LI><a href="#[d3]">&gt;&gt;</a>&nbsp;&nbsp;&nbsp;GATTServApp_ReadAttr (via Veneer)
</UL>

<P><STRONG><a name="[15a]"></a>GATT_FindHandleUUID</STRONG> (Thumb, 0 bytes, Stack size 0 bytes, rom1Sym.txt(ABSOLUTE))
<BR><BR>[Called By]<UL><LI><a href="#[15d]">&gt;&gt;</a>&nbsp;&nbsp;&nbsp;gattServApp_ProcessReadByTypeReq (via Veneer)
<LI><a href="#[163]">&gt;&gt;</a>&nbsp;&nbsp;&nbsp;gattServApp_ProcessReadByGrpTypeReq (via Veneer)
<LI><a href="#[159]">&gt;&gt;</a>&nbsp;&nbsp;&nbsp;gattServApp_ProcessFindByTypeValueReq (via Veneer)
</UL>

<P><STRONG><a name="[da]"></a>GATT_FindNextAttr</STRONG> (Thumb, 0 bytes, Stack size 0 bytes, rom1Sym.txt(ABSOLUTE))
<BR><BR>[Called By]<UL><LI><a href="#[163]">&gt;&gt;</a>&nbsp;&nbsp;&nbsp;gattServApp_ProcessReadByGrpTypeReq (via Veneer)
<LI><a href="#[159]">&gt;&gt;</a>&nbsp;&nbsp;&nbsp;gattServApp_ProcessFindByTypeValueReq (via Veneer)
<LI><a href="#[d3]">&gt;&gt;</a>&nbsp;&nbsp;&nbsp;GATTServApp_ReadAttr (via Veneer)
</UL>

<P><STRONG><a name="[d5]"></a>GATT_Indication</STRONG> (Thumb, 0 bytes, Stack size 0 bytes, rom1Sym.txt(ABSOLUTE))
<BR><BR>[Called By]<UL><LI><a href="#[d1]">&gt;&gt;</a>&nbsp;&nbsp;&nbsp;GATTServApp_ProcessCharCfg (via Veneer)
</UL>

<P><STRONG><a name="[1dc]"></a>GATT_Init</STRONG> (Thumb, 0 bytes, Stack size 0 bytes, rom1Sym.txt(ABSOLUTE))
<BR><BR>[Called By]<UL><LI><a href="#[3c]">&gt;&gt;</a>&nbsp;&nbsp;&nbsp;osalInitTasks (via Veneer)
</UL>

<P><STRONG><a name="[d4]"></a>GATT_Notification</STRONG> (Thumb, 0 bytes, Stack size 0 bytes, rom1Sym.txt(ABSOLUTE))
<BR><BR>[Called By]<UL><LI><a href="#[d1]">&gt;&gt;</a>&nbsp;&nbsp;&nbsp;GATTServApp_ProcessCharCfg (via Veneer)
<LI><a href="#[1ec]">&gt;&gt;</a>&nbsp;&nbsp;&nbsp;response (via Veneer)
</UL>

<P><STRONG><a name="[29]"></a>GATT_ProcessEvent</STRONG> (Thumb, 0 bytes, Stack size 0 bytes, rom1Sym.txt(ABSOLUTE), UNUSED)
<BR>[Address Reference Count : 1]<UL><LI> osal_blesmartperipheral.o(.constdata)
</UL>
<P><STRONG><a name="[ca]"></a>GATT_RegisterForReq</STRONG> (Thumb, 0 bytes, Stack size 0 bytes, rom1Sym.txt(ABSOLUTE))
<BR><BR>[Called By]<UL><LI><a href="#[c8]">&gt;&gt;</a>&nbsp;&nbsp;&nbsp;GATTServApp_Init (via Veneer)
</UL>

<P><STRONG><a name="[dd]"></a>GATT_RegisterService</STRONG> (Thumb, 0 bytes, Stack size 0 bytes, rom1Sym.txt(ABSOLUTE))
<BR><BR>[Called By]<UL><LI><a href="#[67]">&gt;&gt;</a>&nbsp;&nbsp;&nbsp;GATTServApp_RegisterService (via Veneer)
</UL>

<P><STRONG><a name="[e1]"></a>GATT_ServiceChangedInd</STRONG> (Thumb, 0 bytes, Stack size 0 bytes, rom1Sym.txt(ABSOLUTE))
<BR><BR>[Called By]<UL><LI><a href="#[a9]">&gt;&gt;</a>&nbsp;&nbsp;&nbsp;GATTServApp_SendServiceChangedInd (via Veneer)
</UL>

<P><STRONG><a name="[167]"></a>GATT_VerifyReadPermissions</STRONG> (Thumb, 0 bytes, Stack size 0 bytes, rom1Sym.txt(ABSOLUTE))
<BR><BR>[Called By]<UL><LI><a href="#[15d]">&gt;&gt;</a>&nbsp;&nbsp;&nbsp;gattServApp_ProcessReadByTypeReq (via Veneer)
<LI><a href="#[163]">&gt;&gt;</a>&nbsp;&nbsp;&nbsp;gattServApp_ProcessReadByGrpTypeReq (via Veneer)
</UL>

<P><STRONG><a name="[1d9]"></a>HCI_Init</STRONG> (Thumb, 0 bytes, Stack size 0 bytes, rom1Sym.txt(ABSOLUTE))
<BR><BR>[Called By]<UL><LI><a href="#[3c]">&gt;&gt;</a>&nbsp;&nbsp;&nbsp;osalInitTasks (via Veneer)
</UL>

<P><STRONG><a name="[26]"></a>HCI_ProcessEvent</STRONG> (Thumb, 0 bytes, Stack size 0 bytes, rom1Sym.txt(ABSOLUTE), UNUSED)
<BR>[Address Reference Count : 1]<UL><LI> osal_blesmartperipheral.o(.constdata)
</UL>
<P><STRONG><a name="[b7]"></a>HCI_ReadRssiCmd</STRONG> (Thumb, 0 bytes, Stack size 0 bytes, rom1Sym.txt(ABSOLUTE))
<BR><BR>[Called By]<UL><LI><a href="#[2b]">&gt;&gt;</a>&nbsp;&nbsp;&nbsp;GAPRole_ProcessEvent (via Veneer)
</UL>

<P><STRONG><a name="[154]"></a>L2CAP_ConnParamUpdateReq</STRONG> (Thumb, 0 bytes, Stack size 0 bytes, rom1Sym.txt(ABSOLUTE))
<BR><BR>[Called By]<UL><LI><a href="#[b8]">&gt;&gt;</a>&nbsp;&nbsp;&nbsp;gapRole_startConnUpdate (via Veneer)
</UL>

<P><STRONG><a name="[1da]"></a>L2CAP_Init</STRONG> (Thumb, 0 bytes, Stack size 0 bytes, rom1Sym.txt(ABSOLUTE))
<BR><BR>[Called By]<UL><LI><a href="#[3c]">&gt;&gt;</a>&nbsp;&nbsp;&nbsp;osalInitTasks (via Veneer)
</UL>

<P><STRONG><a name="[27]"></a>L2CAP_ProcessEvent</STRONG> (Thumb, 0 bytes, Stack size 0 bytes, rom1Sym.txt(ABSOLUTE), UNUSED)
<BR>[Address Reference Count : 1]<UL><LI> osal_blesmartperipheral.o(.constdata)
</UL>
<P><STRONG><a name="[1d8]"></a>LL_Init</STRONG> (Thumb, 0 bytes, Stack size 0 bytes, rom1Sym.txt(ABSOLUTE))
<BR><BR>[Called By]<UL><LI><a href="#[3c]">&gt;&gt;</a>&nbsp;&nbsp;&nbsp;osalInitTasks (via Veneer)
</UL>

<P><STRONG><a name="[25]"></a>LL_ProcessEvent</STRONG> (Thumb, 0 bytes, Stack size 0 bytes, rom1Sym.txt(ABSOLUTE), UNUSED)
<BR>[Address Reference Count : 1]<UL><LI> osal_blesmartperipheral.o(.constdata)
</UL>
<P><STRONG><a name="[216]"></a>LL_ReadBDADDR</STRONG> (Thumb, 0 bytes, Stack size 0 bytes, rom1Sym.txt(ABSOLUTE))
<BR><BR>[Called By]<UL><LI><a href="#[1de]">&gt;&gt;</a>&nbsp;&nbsp;&nbsp;systems_parameters_Init (via Veneer)
</UL>

<P><STRONG><a name="[e8]"></a>LL_evt_schedule</STRONG> (Thumb, 0 bytes, Stack size 0 bytes, rom1Sym.txt(ABSOLUTE))
<BR><BR>[Called By]<UL><LI><a href="#[1b]">&gt;&gt;</a>&nbsp;&nbsp;&nbsp;LL_SetScanControl1 (via Veneer)
</UL>

<P><STRONG><a name="[1dd]"></a>SM_Init</STRONG> (Thumb, 0 bytes, Stack size 0 bytes, rom1Sym.txt(ABSOLUTE))
<BR><BR>[Called By]<UL><LI><a href="#[3c]">&gt;&gt;</a>&nbsp;&nbsp;&nbsp;osalInitTasks (via Veneer)
</UL>

<P><STRONG><a name="[2a]"></a>SM_ProcessEvent</STRONG> (Thumb, 0 bytes, Stack size 0 bytes, rom1Sym.txt(ABSOLUTE), UNUSED)
<BR>[Address Reference Count : 1]<UL><LI> osal_blesmartperipheral.o(.constdata)
</UL>
<P><STRONG><a name="[c4]"></a>SM_ResponderInit</STRONG> (Thumb, 0 bytes, Stack size 0 bytes, rom1Sym.txt(ABSOLUTE))
<BR><BR>[Called By]<UL><LI><a href="#[bf]">&gt;&gt;</a>&nbsp;&nbsp;&nbsp;GAP_DeviceInit (via Veneer)
</UL>

<P><STRONG><a name="[6d]"></a>__ARM_common_switch8</STRONG> (Thumb, 0 bytes, Stack size 0 bytes, rom1Sym.txt(ABSOLUTE))
<BR><BR>[Called By]<UL><LI><a href="#[6c]">&gt;&gt;</a>&nbsp;&nbsp;&nbsp;CCS_EventsPro_TestMode (via Veneer)
<LI><a href="#[10d]">&gt;&gt;</a>&nbsp;&nbsp;&nbsp;hal_adc_config_channel (via Veneer)
<LI><a href="#[7d]">&gt;&gt;</a>&nbsp;&nbsp;&nbsp;SimpleProfile_SetParameter (via Veneer)
<LI><a href="#[1e5]">&gt;&gt;</a>&nbsp;&nbsp;&nbsp;systems_param_Set_param (via Veneer)
<LI><a href="#[c6]">&gt;&gt;</a>&nbsp;&nbsp;&nbsp;systems_param_Get_param (via Veneer)
<LI><a href="#[e4]">&gt;&gt;</a>&nbsp;&nbsp;&nbsp;GGS_SetParameter (via Veneer)
<LI><a href="#[82]">&gt;&gt;</a>&nbsp;&nbsp;&nbsp;GAPRole_SetParameter (via Veneer)
<LI><a href="#[81]">&gt;&gt;</a>&nbsp;&nbsp;&nbsp;GAPRole_GetParameter (via Veneer)
<LI><a href="#[c7]">&gt;&gt;</a>&nbsp;&nbsp;&nbsp;GAP_GetadvInt (via Veneer)
<LI><a href="#[c5]">&gt;&gt;</a>&nbsp;&nbsp;&nbsp;GAP_GetConnetInt (via Veneer)
<LI><a href="#[1]">&gt;&gt;</a>&nbsp;&nbsp;&nbsp;peripheralStateNotificationCB (via Veneer)
<LI><a href="#[14b]">&gt;&gt;</a>&nbsp;&nbsp;&nbsp;hsb2Rgb (via Veneer)
<LI><a href="#[1b9]">&gt;&gt;</a>&nbsp;&nbsp;&nbsp;originalHsv2Rgb (via Veneer)
<LI><a href="#[1ef]">&gt;&gt;</a>&nbsp;&nbsp;&nbsp;protocol_uart_GetBandrate (via Veneer)
<LI><a href="#[bf]">&gt;&gt;</a>&nbsp;&nbsp;&nbsp;GAP_DeviceInit (via Veneer)
<LI><a href="#[153]">&gt;&gt;</a>&nbsp;&nbsp;&nbsp;gapRole_ProcessGAPMsg (via Veneer)
<LI><a href="#[36]">&gt;&gt;</a>&nbsp;&nbsp;&nbsp;ggs_ReadAttrCB (via Veneer)
<LI><a href="#[19e]">&gt;&gt;</a>&nbsp;&nbsp;&nbsp;hal_rom_code_ini (via Veneer)
<LI><a href="#[3a]">&gt;&gt;</a>&nbsp;&nbsp;&nbsp;simpleProfile_ReadAttrCB (via Veneer)
<LI><a href="#[200]">&gt;&gt;</a>&nbsp;&nbsp;&nbsp;rf_rxDcoc_cfg (via Veneer)
<LI><a href="#[1c]">&gt;&gt;</a>&nbsp;&nbsp;&nbsp;llSetupAdv1 (via Veneer)
<LI><a href="#[203]">&gt;&gt;</a>&nbsp;&nbsp;&nbsp;rf_tp_cal (via Veneer)
</UL>

<P><STRONG><a name="[1a0]"></a>boot_init</STRONG> (Thumb, 0 bytes, Stack size 0 bytes, rom1Sym.txt(ABSOLUTE))
<BR><BR>[Called By]<UL><LI><a href="#[19e]">&gt;&gt;</a>&nbsp;&nbsp;&nbsp;hal_rom_code_ini (via Veneer)
</UL>

<P><STRONG><a name="[f6]"></a>clock_time_rtc</STRONG> (Thumb, 0 bytes, Stack size 0 bytes, rom1Sym.txt(ABSOLUTE))
<BR><BR>[Called By]<UL><LI><a href="#[f5]">&gt;&gt;</a>&nbsp;&nbsp;&nbsp;WaitRTCCount (via Veneer)
</UL>

<P><STRONG><a name="[19b]"></a>disableSleep</STRONG> (Thumb, 0 bytes, Stack size 0 bytes, rom1Sym.txt(ABSOLUTE))
<BR><BR>[Called By]<UL><LI><a href="#[185]">&gt;&gt;</a>&nbsp;&nbsp;&nbsp;hal_pwrmgr_unlock (via Veneer)
<LI><a href="#[181]">&gt;&gt;</a>&nbsp;&nbsp;&nbsp;hal_pwrmgr_lock (via Veneer)
<LI><a href="#[19a]">&gt;&gt;</a>&nbsp;&nbsp;&nbsp;hal_pwrmgr_init (via Veneer)
</UL>

<P><STRONG><a name="[19c]"></a>enableSleep</STRONG> (Thumb, 0 bytes, Stack size 0 bytes, rom1Sym.txt(ABSOLUTE))
<BR><BR>[Called By]<UL><LI><a href="#[185]">&gt;&gt;</a>&nbsp;&nbsp;&nbsp;hal_pwrmgr_unlock (via Veneer)
<LI><a href="#[19a]">&gt;&gt;</a>&nbsp;&nbsp;&nbsp;hal_pwrmgr_init (via Veneer)
</UL>

<P><STRONG><a name="[cb]"></a>linkDB_Register</STRONG> (Thumb, 0 bytes, Stack size 0 bytes, rom1Sym.txt(ABSOLUTE))
<BR><BR>[Called By]<UL><LI><a href="#[118]">&gt;&gt;</a>&nbsp;&nbsp;&nbsp;ota_app_AddService (via Veneer)
<LI><a href="#[f1]">&gt;&gt;</a>&nbsp;&nbsp;&nbsp;SimpleProfile_AddService (via Veneer)
<LI><a href="#[c8]">&gt;&gt;</a>&nbsp;&nbsp;&nbsp;GATTServApp_Init (via Veneer)
</UL>

<P><STRONG><a name="[155]"></a>linkDB_State</STRONG> (Thumb, 0 bytes, Stack size 0 bytes, rom1Sym.txt(ABSOLUTE))
<BR><BR>[Called By]<UL><LI><a href="#[b]">&gt;&gt;</a>&nbsp;&nbsp;&nbsp;gattServApp_HandleConnStatusCB (via Veneer)
<LI><a href="#[c]">&gt;&gt;</a>&nbsp;&nbsp;&nbsp;simpleProfile_HandleConnStatusCB (via Veneer)
<LI><a href="#[1f]">&gt;&gt;</a>&nbsp;&nbsp;&nbsp;handleConnStatusCB (via Veneer)
</UL>

<P><STRONG><a name="[1cd]"></a>llSetupDirectedAdvEvt</STRONG> (Thumb, 0 bytes, Stack size 0 bytes, rom1Sym.txt(ABSOLUTE))
<BR><BR>[Called By]<UL><LI><a href="#[1c]">&gt;&gt;</a>&nbsp;&nbsp;&nbsp;llSetupAdv1 (via Veneer)
</UL>

<P><STRONG><a name="[1cf]"></a>llSetupNonConnectableAdvEvt</STRONG> (Thumb, 0 bytes, Stack size 0 bytes, rom1Sym.txt(ABSOLUTE))
<BR><BR>[Called By]<UL><LI><a href="#[1c]">&gt;&gt;</a>&nbsp;&nbsp;&nbsp;llSetupAdv1 (via Veneer)
</UL>

<P><STRONG><a name="[1d0]"></a>llSetupScannableAdvEvt</STRONG> (Thumb, 0 bytes, Stack size 0 bytes, rom1Sym.txt(ABSOLUTE))
<BR><BR>[Called By]<UL><LI><a href="#[1c]">&gt;&gt;</a>&nbsp;&nbsp;&nbsp;llSetupAdv1 (via Veneer)
</UL>

<P><STRONG><a name="[1ce]"></a>llSetupUndirectedAdvEvt</STRONG> (Thumb, 0 bytes, Stack size 0 bytes, rom1Sym.txt(ABSOLUTE))
<BR><BR>[Called By]<UL><LI><a href="#[1c]">&gt;&gt;</a>&nbsp;&nbsp;&nbsp;llSetupAdv1 (via Veneer)
</UL>

<P><STRONG><a name="[ea]"></a>ll_debug_output</STRONG> (Thumb, 0 bytes, Stack size 0 bytes, rom1Sym.txt(ABSOLUTE))
<BR><BR>[Called By]<UL><LI><a href="#[1b]">&gt;&gt;</a>&nbsp;&nbsp;&nbsp;LL_SetScanControl1 (via Veneer)
</UL>

<P><STRONG><a name="[1d1]"></a>ll_hw_get_tr_mode</STRONG> (Thumb, 0 bytes, Stack size 0 bytes, rom1Sym.txt(ABSOLUTE))
<BR><BR>[Called By]<UL><LI><a href="#[19]">&gt;&gt;</a>&nbsp;&nbsp;&nbsp;ll_hw_go1 (via Veneer)
</UL>

<P><STRONG><a name="[1ca]"></a>ll_hw_ign_rfifo</STRONG> (Thumb, 0 bytes, Stack size 0 bytes, rom1Sym.txt(ABSOLUTE))
<BR><BR>[Called By]<UL><LI><a href="#[1c]">&gt;&gt;</a>&nbsp;&nbsp;&nbsp;llSetupAdv1 (via Veneer)
</UL>

<P><STRONG><a name="[1cb]"></a>ll_hw_rst_rfifo</STRONG> (Thumb, 0 bytes, Stack size 0 bytes, rom1Sym.txt(ABSOLUTE))
<BR><BR>[Called By]<UL><LI><a href="#[1c]">&gt;&gt;</a>&nbsp;&nbsp;&nbsp;llSetupAdv1 (via Veneer)
</UL>

<P><STRONG><a name="[1cc]"></a>ll_hw_rst_tfifo</STRONG> (Thumb, 0 bytes, Stack size 0 bytes, rom1Sym.txt(ABSOLUTE))
<BR><BR>[Called By]<UL><LI><a href="#[1c]">&gt;&gt;</a>&nbsp;&nbsp;&nbsp;llSetupAdv1 (via Veneer)
</UL>

<P><STRONG><a name="[eb]"></a>ll_hw_set_rx_timeout</STRONG> (Thumb, 0 bytes, Stack size 0 bytes, rom1Sym.txt(ABSOLUTE))
<BR><BR>[Called By]<UL><LI><a href="#[1b]">&gt;&gt;</a>&nbsp;&nbsp;&nbsp;LL_SetScanControl1 (via Veneer)
</UL>

<P><STRONG><a name="[96]"></a>osal_get_timeoutEx</STRONG> (Thumb, 0 bytes, Stack size 0 bytes, rom1Sym.txt(ABSOLUTE))
<BR><BR>[Called By]<UL><LI><a href="#[90]">&gt;&gt;</a>&nbsp;&nbsp;&nbsp;CCS_keysChange_handle (via Veneer)
<LI><a href="#[82]">&gt;&gt;</a>&nbsp;&nbsp;&nbsp;GAPRole_SetParameter (via Veneer)
<LI><a href="#[153]">&gt;&gt;</a>&nbsp;&nbsp;&nbsp;gapRole_ProcessGAPMsg (via Veneer)
</UL>

<P><STRONG><a name="[fd]"></a>osal_init_system</STRONG> (Thumb, 0 bytes, Stack size 0 bytes, rom1Sym.txt(ABSOLUTE))
<BR><BR>[Called By]<UL><LI><a href="#[fc]">&gt;&gt;</a>&nbsp;&nbsp;&nbsp;app_main (via Veneer)
</UL>

<P><STRONG><a name="[a5]"></a>osal_isbufset</STRONG> (Thumb, 0 bytes, Stack size 0 bytes, rom1Sym.txt(ABSOLUTE))
<BR><BR>[Called By]<UL><LI><a href="#[a1]">&gt;&gt;</a>&nbsp;&nbsp;&nbsp;GAPBondMgr_ResolveAddr (via Veneer)
<LI><a href="#[a0]">&gt;&gt;</a>&nbsp;&nbsp;&nbsp;GAPBondMgr_LinkEst (via Veneer)
</UL>

<P><STRONG><a name="[de]"></a>osal_mem_alloc</STRONG> (Thumb, 0 bytes, Stack size 0 bytes, rom1Sym.txt(ABSOLUTE))
<BR><BR>[Called By]<UL><LI><a href="#[3c]">&gt;&gt;</a>&nbsp;&nbsp;&nbsp;osalInitTasks (via Veneer)
<LI><a href="#[67]">&gt;&gt;</a>&nbsp;&nbsp;&nbsp;GATTServApp_RegisterService (via Veneer)
</UL>

<P><STRONG><a name="[1d5]"></a>osal_mem_set_heap</STRONG> (Thumb, 0 bytes, Stack size 0 bytes, rom1Sym.txt(ABSOLUTE))
<BR><BR>[Called By]<UL><LI><a href="#[8]">&gt;&gt;</a>&nbsp;&nbsp;&nbsp;main (via Veneer)
</UL>

<P><STRONG><a name="[ad]"></a>osal_memcmp</STRONG> (Thumb, 0 bytes, Stack size 0 bytes, rom1Sym.txt(ABSOLUTE))
<BR><BR>[Called By]<UL><LI><a href="#[159]">&gt;&gt;</a>&nbsp;&nbsp;&nbsp;gattServApp_ProcessFindByTypeValueReq (via Veneer)
<LI><a href="#[a1]">&gt;&gt;</a>&nbsp;&nbsp;&nbsp;GAPBondMgr_ResolveAddr (via Veneer)
<LI><a href="#[ab]">&gt;&gt;</a>&nbsp;&nbsp;&nbsp;gapBondMgrFindAddr (via Veneer)
</UL>

<P><STRONG><a name="[ac]"></a>osal_memcpy</STRONG> (Thumb, 0 bytes, Stack size 0 bytes, rom1Sym.txt(ABSOLUTE))
<BR><BR>[Called By]<UL><LI><a href="#[1e2]">&gt;&gt;</a>&nbsp;&nbsp;&nbsp;osal_snv_write (via Veneer)
<LI><a href="#[a2]">&gt;&gt;</a>&nbsp;&nbsp;&nbsp;osal_snv_read (via Veneer)
<LI><a href="#[7d]">&gt;&gt;</a>&nbsp;&nbsp;&nbsp;SimpleProfile_SetParameter (via Veneer)
<LI><a href="#[210]">&gt;&gt;</a>&nbsp;&nbsp;&nbsp;updateDeviceDefaultInfo (via Veneer)
<LI><a href="#[1e5]">&gt;&gt;</a>&nbsp;&nbsp;&nbsp;systems_param_Set_param (via Veneer)
<LI><a href="#[c6]">&gt;&gt;</a>&nbsp;&nbsp;&nbsp;systems_param_Get_param (via Veneer)
<LI><a href="#[f2]">&gt;&gt;</a>&nbsp;&nbsp;&nbsp;SimpleProfile_GetParameter (via Veneer)
<LI><a href="#[e4]">&gt;&gt;</a>&nbsp;&nbsp;&nbsp;GGS_SetParameter (via Veneer)
<LI><a href="#[82]">&gt;&gt;</a>&nbsp;&nbsp;&nbsp;GAPRole_SetParameter (via Veneer)
<LI><a href="#[81]">&gt;&gt;</a>&nbsp;&nbsp;&nbsp;GAPRole_GetParameter (via Veneer)
<LI><a href="#[1de]">&gt;&gt;</a>&nbsp;&nbsp;&nbsp;systems_parameters_Init (via Veneer)
<LI><a href="#[2b]">&gt;&gt;</a>&nbsp;&nbsp;&nbsp;GAPRole_ProcessEvent (via Veneer)
<LI><a href="#[33]">&gt;&gt;</a>&nbsp;&nbsp;&nbsp;battReadAttrCB (via Veneer)
<LI><a href="#[162]">&gt;&gt;</a>&nbsp;&nbsp;&nbsp;gattServApp_ProcessReadMultiReq (via Veneer)
<LI><a href="#[15d]">&gt;&gt;</a>&nbsp;&nbsp;&nbsp;gattServApp_ProcessReadByTypeReq (via Veneer)
<LI><a href="#[163]">&gt;&gt;</a>&nbsp;&nbsp;&nbsp;gattServApp_ProcessReadByGrpTypeReq (via Veneer)
<LI><a href="#[165]">&gt;&gt;</a>&nbsp;&nbsp;&nbsp;gattServApp_ProcessPrepareWriteReq (via Veneer)
<LI><a href="#[d3]">&gt;&gt;</a>&nbsp;&nbsp;&nbsp;GATTServApp_ReadAttr (via Veneer)
<LI><a href="#[a1]">&gt;&gt;</a>&nbsp;&nbsp;&nbsp;GAPBondMgr_ResolveAddr (via Veneer)
<LI><a href="#[af]">&gt;&gt;</a>&nbsp;&nbsp;&nbsp;gapBondMgrGetPublicAddr (via Veneer)
<LI><a href="#[153]">&gt;&gt;</a>&nbsp;&nbsp;&nbsp;gapRole_ProcessGAPMsg (via Veneer)
<LI><a href="#[37]">&gt;&gt;</a>&nbsp;&nbsp;&nbsp;ggs_WriteAttrCB (via Veneer)
<LI><a href="#[36]">&gt;&gt;</a>&nbsp;&nbsp;&nbsp;ggs_ReadAttrCB (via Veneer)
<LI><a href="#[3b]">&gt;&gt;</a>&nbsp;&nbsp;&nbsp;simpleProfile_WriteAttrCB (via Veneer)
<LI><a href="#[3a]">&gt;&gt;</a>&nbsp;&nbsp;&nbsp;simpleProfile_ReadAttrCB (via Veneer)
<LI><a href="#[1ec]">&gt;&gt;</a>&nbsp;&nbsp;&nbsp;response (via Veneer)
</UL>

<P><STRONG><a name="[a3]"></a>osal_memset</STRONG> (Thumb, 0 bytes, Stack size 0 bytes, rom1Sym.txt(ABSOLUTE))
<BR><BR>[Called By]<UL><LI><a href="#[1e2]">&gt;&gt;</a>&nbsp;&nbsp;&nbsp;osal_snv_write (via Veneer)
<LI><a href="#[e4]">&gt;&gt;</a>&nbsp;&nbsp;&nbsp;GGS_SetParameter (via Veneer)
<LI><a href="#[82]">&gt;&gt;</a>&nbsp;&nbsp;&nbsp;GAPRole_SetParameter (via Veneer)
<LI><a href="#[b1]">&gt;&gt;</a>&nbsp;&nbsp;&nbsp;GAPRole_Init (via Veneer)
<LI><a href="#[3c]">&gt;&gt;</a>&nbsp;&nbsp;&nbsp;osalInitTasks (via Veneer)
<LI><a href="#[c9]">&gt;&gt;</a>&nbsp;&nbsp;&nbsp;gattServApp_SetNumPrepareWrites (via Veneer)
<LI><a href="#[159]">&gt;&gt;</a>&nbsp;&nbsp;&nbsp;gattServApp_ProcessFindByTypeValueReq (via Veneer)
<LI><a href="#[157]">&gt;&gt;</a>&nbsp;&nbsp;&nbsp;gattServApp_ProcessExecuteWriteReq (via Veneer)
<LI><a href="#[b]">&gt;&gt;</a>&nbsp;&nbsp;&nbsp;gattServApp_HandleConnStatusCB (via Veneer)
<LI><a href="#[d3]">&gt;&gt;</a>&nbsp;&nbsp;&nbsp;GATTServApp_ReadAttr (via Veneer)
<LI><a href="#[a0]">&gt;&gt;</a>&nbsp;&nbsp;&nbsp;GAPBondMgr_LinkEst (via Veneer)
<LI><a href="#[153]">&gt;&gt;</a>&nbsp;&nbsp;&nbsp;gapRole_ProcessGAPMsg (via Veneer)
<LI><a href="#[1ec]">&gt;&gt;</a>&nbsp;&nbsp;&nbsp;response (via Veneer)
<LI><a href="#[1e4]">&gt;&gt;</a>&nbsp;&nbsp;&nbsp;process_cmd (via Veneer)
</UL>

<P><STRONG><a name="[df]"></a>osal_msg_allocate</STRONG> (Thumb, 0 bytes, Stack size 0 bytes, rom1Sym.txt(ABSOLUTE))
<BR><BR>[Called By]<UL><LI><a href="#[d0]">&gt;&gt;</a>&nbsp;&nbsp;&nbsp;GATTServApp_SendCCCUpdatedEvent (via Veneer)
</UL>

<P><STRONG><a name="[b5]"></a>osal_msg_deallocate</STRONG> (Thumb, 0 bytes, Stack size 0 bytes, rom1Sym.txt(ABSOLUTE))
<BR><BR>[Called By]<UL><LI><a href="#[2e]">&gt;&gt;</a>&nbsp;&nbsp;&nbsp;protocol_uart_ProcessEvent (via Veneer)
<LI><a href="#[2f]">&gt;&gt;</a>&nbsp;&nbsp;&nbsp;light_ProcessEvent (via Veneer)
<LI><a href="#[30]">&gt;&gt;</a>&nbsp;&nbsp;&nbsp;command_center_ProcessEvent (via Veneer)
<LI><a href="#[2d]">&gt;&gt;</a>&nbsp;&nbsp;&nbsp;bleSmartPeripheral_ProcessEvent (via Veneer)
<LI><a href="#[2c]">&gt;&gt;</a>&nbsp;&nbsp;&nbsp;GATTServApp_ProcessEvent (via Veneer)
<LI><a href="#[2b]">&gt;&gt;</a>&nbsp;&nbsp;&nbsp;GAPRole_ProcessEvent (via Veneer)
</UL>

<P><STRONG><a name="[b3]"></a>osal_msg_receive</STRONG> (Thumb, 0 bytes, Stack size 0 bytes, rom1Sym.txt(ABSOLUTE))
<BR><BR>[Called By]<UL><LI><a href="#[2e]">&gt;&gt;</a>&nbsp;&nbsp;&nbsp;protocol_uart_ProcessEvent (via Veneer)
<LI><a href="#[2f]">&gt;&gt;</a>&nbsp;&nbsp;&nbsp;light_ProcessEvent (via Veneer)
<LI><a href="#[30]">&gt;&gt;</a>&nbsp;&nbsp;&nbsp;command_center_ProcessEvent (via Veneer)
<LI><a href="#[2d]">&gt;&gt;</a>&nbsp;&nbsp;&nbsp;bleSmartPeripheral_ProcessEvent (via Veneer)
<LI><a href="#[2c]">&gt;&gt;</a>&nbsp;&nbsp;&nbsp;GATTServApp_ProcessEvent (via Veneer)
<LI><a href="#[2b]">&gt;&gt;</a>&nbsp;&nbsp;&nbsp;GAPRole_ProcessEvent (via Veneer)
</UL>

<P><STRONG><a name="[e0]"></a>osal_msg_send</STRONG> (Thumb, 0 bytes, Stack size 0 bytes, rom1Sym.txt(ABSOLUTE))
<BR><BR>[Called By]<UL><LI><a href="#[d0]">&gt;&gt;</a>&nbsp;&nbsp;&nbsp;GATTServApp_SendCCCUpdatedEvent (via Veneer)
</UL>

<P><STRONG><a name="[fe]"></a>osal_pwrmgr_device</STRONG> (Thumb, 0 bytes, Stack size 0 bytes, rom1Sym.txt(ABSOLUTE))
<BR><BR>[Called By]<UL><LI><a href="#[fc]">&gt;&gt;</a>&nbsp;&nbsp;&nbsp;app_main (via Veneer)
</UL>

<P><STRONG><a name="[bb]"></a>osal_set_event</STRONG> (Thumb, 0 bytes, Stack size 0 bytes, rom1Sym.txt(ABSOLUTE))
<BR><BR>[Called By]<UL><LI><a href="#[f]">&gt;&gt;</a>&nbsp;&nbsp;&nbsp;batt_adc_evt (via Veneer)
<LI><a href="#[11a]">&gt;&gt;</a>&nbsp;&nbsp;&nbsp;keys_Debounce_Handle (via Veneer)
<LI><a href="#[82]">&gt;&gt;</a>&nbsp;&nbsp;&nbsp;GAPRole_SetParameter (via Veneer)
<LI><a href="#[116]">&gt;&gt;</a>&nbsp;&nbsp;&nbsp;bleSmartPeripheral_Init (via Veneer)
<LI><a href="#[24]">&gt;&gt;</a>&nbsp;&nbsp;&nbsp;temp_adc_evt (via Veneer)
<LI><a href="#[153]">&gt;&gt;</a>&nbsp;&nbsp;&nbsp;gapRole_ProcessGAPMsg (via Veneer)
<LI><a href="#[1c]">&gt;&gt;</a>&nbsp;&nbsp;&nbsp;llSetupAdv1 (via Veneer)
<LI><a href="#[1b]">&gt;&gt;</a>&nbsp;&nbsp;&nbsp;LL_SetScanControl1 (via Veneer)
</UL>

<P><STRONG><a name="[12f]"></a>osal_start_reload_timer</STRONG> (Thumb, 0 bytes, Stack size 0 bytes, rom1Sym.txt(ABSOLUTE))
<BR><BR>[Called By]<UL><LI><a href="#[30]">&gt;&gt;</a>&nbsp;&nbsp;&nbsp;command_center_ProcessEvent (via Veneer)
<LI><a href="#[213]">&gt;&gt;</a>&nbsp;&nbsp;&nbsp;startLightEffectEvent (via Veneer)
</UL>

<P><STRONG><a name="[ff]"></a>osal_start_system</STRONG> (Thumb, 0 bytes, Stack size 0 bytes, rom1Sym.txt(ABSOLUTE))
<BR><BR>[Called By]<UL><LI><a href="#[fc]">&gt;&gt;</a>&nbsp;&nbsp;&nbsp;app_main (via Veneer)
</UL>

<P><STRONG><a name="[71]"></a>osal_start_timerEx</STRONG> (Thumb, 0 bytes, Stack size 0 bytes, rom1Sym.txt(ABSOLUTE))
<BR><BR>[Called By]<UL><LI><a href="#[90]">&gt;&gt;</a>&nbsp;&nbsp;&nbsp;CCS_keysChange_handle (via Veneer)
<LI><a href="#[6c]">&gt;&gt;</a>&nbsp;&nbsp;&nbsp;CCS_EventsPro_TestMode (via Veneer)
<LI><a href="#[10b]">&gt;&gt;</a>&nbsp;&nbsp;&nbsp;batt_adc_init (via Veneer)
<LI><a href="#[f]">&gt;&gt;</a>&nbsp;&nbsp;&nbsp;batt_adc_evt (via Veneer)
<LI><a href="#[82]">&gt;&gt;</a>&nbsp;&nbsp;&nbsp;GAPRole_SetParameter (via Veneer)
<LI><a href="#[1]">&gt;&gt;</a>&nbsp;&nbsp;&nbsp;peripheralStateNotificationCB (via Veneer)
<LI><a href="#[30]">&gt;&gt;</a>&nbsp;&nbsp;&nbsp;command_center_ProcessEvent (via Veneer)
<LI><a href="#[123]">&gt;&gt;</a>&nbsp;&nbsp;&nbsp;command_center_Init (via Veneer)
<LI><a href="#[2b]">&gt;&gt;</a>&nbsp;&nbsp;&nbsp;GAPRole_ProcessEvent (via Veneer)
<LI><a href="#[218]">&gt;&gt;</a>&nbsp;&nbsp;&nbsp;temp_adc_init (via Veneer)
<LI><a href="#[24]">&gt;&gt;</a>&nbsp;&nbsp;&nbsp;temp_adc_evt (via Veneer)
<LI><a href="#[92]">&gt;&gt;</a>&nbsp;&nbsp;&nbsp;setBatteryFully (via Veneer)
<LI><a href="#[6e]">&gt;&gt;</a>&nbsp;&nbsp;&nbsp;entryFactoryMode (via Veneer)
<LI><a href="#[78]">&gt;&gt;</a>&nbsp;&nbsp;&nbsp;entryBurnInTest (via Veneer)
<LI><a href="#[89]">&gt;&gt;</a>&nbsp;&nbsp;&nbsp;CCS_Systems_on (via Veneer)
<LI><a href="#[7e]">&gt;&gt;</a>&nbsp;&nbsp;&nbsp;CCS_Systems_off (via Veneer)
<LI><a href="#[20]">&gt;&gt;</a>&nbsp;&nbsp;&nbsp;protocol_uart_wakeup_handle (via Veneer)
<LI><a href="#[1d]">&gt;&gt;</a>&nbsp;&nbsp;&nbsp;posedge_callback_wakeup (via Veneer)
<LI><a href="#[1e]">&gt;&gt;</a>&nbsp;&nbsp;&nbsp;negedge_callback_wakeup (via Veneer)
<LI><a href="#[b8]">&gt;&gt;</a>&nbsp;&nbsp;&nbsp;gapRole_startConnUpdate (via Veneer)
<LI><a href="#[b4]">&gt;&gt;</a>&nbsp;&nbsp;&nbsp;gapRole_ProcessOSALMsg (via Veneer)
<LI><a href="#[153]">&gt;&gt;</a>&nbsp;&nbsp;&nbsp;gapRole_ProcessGAPMsg (via Veneer)
<LI><a href="#[3b]">&gt;&gt;</a>&nbsp;&nbsp;&nbsp;simpleProfile_WriteAttrCB (via Veneer)
</UL>

<P><STRONG><a name="[83]"></a>osal_stop_timerEx</STRONG> (Thumb, 0 bytes, Stack size 0 bytes, rom1Sym.txt(ABSOLUTE))
<BR><BR>[Called By]<UL><LI><a href="#[f]">&gt;&gt;</a>&nbsp;&nbsp;&nbsp;batt_adc_evt (via Veneer)
<LI><a href="#[82]">&gt;&gt;</a>&nbsp;&nbsp;&nbsp;GAPRole_SetParameter (via Veneer)
<LI><a href="#[30]">&gt;&gt;</a>&nbsp;&nbsp;&nbsp;command_center_ProcessEvent (via Veneer)
<LI><a href="#[24]">&gt;&gt;</a>&nbsp;&nbsp;&nbsp;temp_adc_evt (via Veneer)
<LI><a href="#[13c]">&gt;&gt;</a>&nbsp;&nbsp;&nbsp;stopLightEffectEvent (via Veneer)
<LI><a href="#[92]">&gt;&gt;</a>&nbsp;&nbsp;&nbsp;setBatteryFully (via Veneer)
<LI><a href="#[7e]">&gt;&gt;</a>&nbsp;&nbsp;&nbsp;CCS_Systems_off (via Veneer)
<LI><a href="#[b9]">&gt;&gt;</a>&nbsp;&nbsp;&nbsp;GAPRole_SendUpdateParam (via Veneer)
<LI><a href="#[b4]">&gt;&gt;</a>&nbsp;&nbsp;&nbsp;gapRole_ProcessOSALMsg (via Veneer)
<LI><a href="#[153]">&gt;&gt;</a>&nbsp;&nbsp;&nbsp;gapRole_ProcessGAPMsg (via Veneer)
<LI><a href="#[3b]">&gt;&gt;</a>&nbsp;&nbsp;&nbsp;simpleProfile_WriteAttrCB (via Veneer)
</UL>

<P><STRONG><a name="[dc]"></a>osal_strlen</STRONG> (Thumb, 0 bytes, Stack size 0 bytes, rom1Sym.txt(ABSOLUTE))
<BR><BR>[Called By]<UL><LI><a href="#[d3]">&gt;&gt;</a>&nbsp;&nbsp;&nbsp;GATTServApp_ReadAttr (via Veneer)
<LI><a href="#[37]">&gt;&gt;</a>&nbsp;&nbsp;&nbsp;ggs_WriteAttrCB (via Veneer)
<LI><a href="#[36]">&gt;&gt;</a>&nbsp;&nbsp;&nbsp;ggs_ReadAttrCB (via Veneer)
</UL>

<P><STRONG><a name="[17d]"></a>pad_ds_control</STRONG> (Thumb, 0 bytes, Stack size 0 bytes, rom1Sym.txt(ABSOLUTE))
<BR><BR>[Called By]<UL><LI><a href="#[10d]">&gt;&gt;</a>&nbsp;&nbsp;&nbsp;hal_adc_config_channel (via Veneer)
</UL>

<P><STRONG><a name="[ec]"></a>read_current_fine_time</STRONG> (Thumb, 0 bytes, Stack size 0 bytes, rom1Sym.txt(ABSOLUTE))
<BR><BR>[Called By]<UL><LI><a href="#[1b]">&gt;&gt;</a>&nbsp;&nbsp;&nbsp;LL_SetScanControl1 (via Veneer)
</UL>

<P><STRONG><a name="[1d2]"></a>set_max_length</STRONG> (Thumb, 0 bytes, Stack size 0 bytes, rom1Sym.txt(ABSOLUTE))
<BR><BR>[Called By]<UL><LI><a href="#[19]">&gt;&gt;</a>&nbsp;&nbsp;&nbsp;ll_hw_go1 (via Veneer)
</UL>

<P><STRONG><a name="[1a1]"></a>wakeup_init</STRONG> (Thumb, 0 bytes, Stack size 0 bytes, rom1Sym.txt(ABSOLUTE))
<BR><BR>[Called By]<UL><LI><a href="#[19e]">&gt;&gt;</a>&nbsp;&nbsp;&nbsp;hal_rom_code_ini (via Veneer)
</UL>

<P><STRONG><a name="[a]"></a>__main</STRONG> (Thumb, 0 bytes, Stack size unknown bytes, entry.o(.ARM.Collect$$$$00000000))
<BR>[Address Reference Count : 1]<UL><LI> startup_armcm0.o(.text)
</UL>
<P><STRONG><a name="[220]"></a>_main_stk</STRONG> (Thumb, 0 bytes, Stack size unknown bytes, entry2.o(.ARM.Collect$$$$00000001))

<P><STRONG><a name="[46]"></a>_main_scatterload</STRONG> (Thumb, 0 bytes, Stack size unknown bytes, entry5.o(.ARM.Collect$$$$00000004))
<BR><BR>[Calls]<UL><LI><a href="#[47]">&gt;&gt;</a>&nbsp;&nbsp;&nbsp;__scatterload
</UL>

<P><STRONG><a name="[64]"></a>__main_after_scatterload</STRONG> (Thumb, 0 bytes, Stack size unknown bytes, entry5.o(.ARM.Collect$$$$00000004))
<BR><BR>[Called By]<UL><LI><a href="#[47]">&gt;&gt;</a>&nbsp;&nbsp;&nbsp;__scatterload
</UL>

<P><STRONG><a name="[221]"></a>_main_clock</STRONG> (Thumb, 0 bytes, Stack size unknown bytes, entry7b.o(.ARM.Collect$$$$00000008))

<P><STRONG><a name="[222]"></a>_main_cpp_init</STRONG> (Thumb, 0 bytes, Stack size unknown bytes, entry8b.o(.ARM.Collect$$$$0000000A))

<P><STRONG><a name="[223]"></a>_main_init</STRONG> (Thumb, 0 bytes, Stack size unknown bytes, entry9a.o(.ARM.Collect$$$$0000000B))

<P><STRONG><a name="[224]"></a>__rt_final_cpp</STRONG> (Thumb, 0 bytes, Stack size unknown bytes, entry10a.o(.ARM.Collect$$$$0000000D))

<P><STRONG><a name="[225]"></a>__rt_final_exit</STRONG> (Thumb, 0 bytes, Stack size unknown bytes, entry11a.o(.ARM.Collect$$$$0000000F))

<P><STRONG><a name="[2]"></a>Reset_Handler</STRONG> (Thumb, 8 bytes, Stack size 0 bytes, startup_armcm0.o(.text))
<BR>[Address Reference Count : 1]<UL><LI> startup_armcm0.o(RESET)
</UL>
<P><STRONG><a name="[3]"></a>NMI_Handler</STRONG> (Thumb, 2 bytes, Stack size 0 bytes, startup_armcm0.o(.text))
<BR><BR>[Calls]<UL><LI><a href="#[3]">&gt;&gt;</a>&nbsp;&nbsp;&nbsp;NMI_Handler
</UL>
<BR>[Called By]<UL><LI><a href="#[3]">&gt;&gt;</a>&nbsp;&nbsp;&nbsp;NMI_Handler
</UL>
<BR>[Address Reference Count : 1]<UL><LI> startup_armcm0.o(RESET)
</UL>
<P><STRONG><a name="[4]"></a>HardFault_Handler</STRONG> (Thumb, 2 bytes, Stack size 0 bytes, startup_armcm0.o(.text))
<BR><BR>[Calls]<UL><LI><a href="#[4]">&gt;&gt;</a>&nbsp;&nbsp;&nbsp;HardFault_Handler
</UL>
<BR>[Called By]<UL><LI><a href="#[4]">&gt;&gt;</a>&nbsp;&nbsp;&nbsp;HardFault_Handler
</UL>
<BR>[Address Reference Count : 1]<UL><LI> startup_armcm0.o(RESET)
</UL>
<P><STRONG><a name="[5]"></a>SVC_Handler</STRONG> (Thumb, 2 bytes, Stack size 0 bytes, startup_armcm0.o(.text))
<BR><BR>[Calls]<UL><LI><a href="#[5]">&gt;&gt;</a>&nbsp;&nbsp;&nbsp;SVC_Handler
</UL>
<BR>[Called By]<UL><LI><a href="#[5]">&gt;&gt;</a>&nbsp;&nbsp;&nbsp;SVC_Handler
</UL>
<BR>[Address Reference Count : 1]<UL><LI> startup_armcm0.o(RESET)
</UL>
<P><STRONG><a name="[6]"></a>PendSV_Handler</STRONG> (Thumb, 2 bytes, Stack size 0 bytes, startup_armcm0.o(.text))
<BR><BR>[Calls]<UL><LI><a href="#[6]">&gt;&gt;</a>&nbsp;&nbsp;&nbsp;PendSV_Handler
</UL>
<BR>[Called By]<UL><LI><a href="#[6]">&gt;&gt;</a>&nbsp;&nbsp;&nbsp;PendSV_Handler
</UL>
<BR>[Address Reference Count : 1]<UL><LI> startup_armcm0.o(RESET)
</UL>
<P><STRONG><a name="[7]"></a>SysTick_Handler</STRONG> (Thumb, 2 bytes, Stack size 0 bytes, startup_armcm0.o(.text))
<BR><BR>[Calls]<UL><LI><a href="#[7]">&gt;&gt;</a>&nbsp;&nbsp;&nbsp;SysTick_Handler
</UL>
<BR>[Called By]<UL><LI><a href="#[7]">&gt;&gt;</a>&nbsp;&nbsp;&nbsp;SysTick_Handler
</UL>
<BR>[Address Reference Count : 1]<UL><LI> startup_armcm0.o(RESET)
</UL>
<P><STRONG><a name="[48]"></a>AACI_IRQHandler</STRONG> (Thumb, 0 bytes, Stack size 0 bytes, startup_armcm0.o(.text), UNUSED)
<BR><BR>[Calls]<UL><LI><a href="#[48]">&gt;&gt;</a>&nbsp;&nbsp;&nbsp;AACI_IRQHandler
</UL>
<BR>[Called By]<UL><LI><a href="#[48]">&gt;&gt;</a>&nbsp;&nbsp;&nbsp;AACI_IRQHandler
</UL>

<P><STRONG><a name="[226]"></a>CAN_IRQHandler</STRONG> (Thumb, 0 bytes, Stack size 0 bytes, startup_armcm0.o(.text), UNUSED)

<P><STRONG><a name="[227]"></a>CHLCD_IRQHandler</STRONG> (Thumb, 0 bytes, Stack size 0 bytes, startup_armcm0.o(.text), UNUSED)

<P><STRONG><a name="[228]"></a>CLCD_IRQHandler</STRONG> (Thumb, 0 bytes, Stack size 0 bytes, startup_armcm0.o(.text), UNUSED)

<P><STRONG><a name="[229]"></a>CPU_CLCD_IRQHandler</STRONG> (Thumb, 0 bytes, Stack size 0 bytes, startup_armcm0.o(.text), UNUSED)

<P><STRONG><a name="[22a]"></a>ENET_IRQHandler</STRONG> (Thumb, 0 bytes, Stack size 0 bytes, startup_armcm0.o(.text), UNUSED)

<P><STRONG><a name="[22b]"></a>FLEXRAY_IRQHandler</STRONG> (Thumb, 0 bytes, Stack size 0 bytes, startup_armcm0.o(.text), UNUSED)

<P><STRONG><a name="[22c]"></a>I2C_IRQHandler</STRONG> (Thumb, 0 bytes, Stack size 0 bytes, startup_armcm0.o(.text), UNUSED)

<P><STRONG><a name="[22d]"></a>LIN_IRQHandler</STRONG> (Thumb, 0 bytes, Stack size 0 bytes, startup_armcm0.o(.text), UNUSED)

<P><STRONG><a name="[22e]"></a>MCIA_IRQHandler</STRONG> (Thumb, 0 bytes, Stack size 0 bytes, startup_armcm0.o(.text), UNUSED)

<P><STRONG><a name="[22f]"></a>MCIB_IRQHandler</STRONG> (Thumb, 0 bytes, Stack size 0 bytes, startup_armcm0.o(.text), UNUSED)

<P><STRONG><a name="[230]"></a>RTC_IRQHandler</STRONG> (Thumb, 0 bytes, Stack size 0 bytes, startup_armcm0.o(.text), UNUSED)

<P><STRONG><a name="[231]"></a>SPI_IRQHandler</STRONG> (Thumb, 0 bytes, Stack size 0 bytes, startup_armcm0.o(.text), UNUSED)

<P><STRONG><a name="[232]"></a>TIM0_IRQHandler</STRONG> (Thumb, 0 bytes, Stack size 0 bytes, startup_armcm0.o(.text), UNUSED)

<P><STRONG><a name="[233]"></a>TIM2_IRQHandler</STRONG> (Thumb, 0 bytes, Stack size 0 bytes, startup_armcm0.o(.text), UNUSED)

<P><STRONG><a name="[234]"></a>UART0_IRQHandler</STRONG> (Thumb, 0 bytes, Stack size 0 bytes, startup_armcm0.o(.text), UNUSED)

<P><STRONG><a name="[235]"></a>UART1_IRQHandler</STRONG> (Thumb, 0 bytes, Stack size 0 bytes, startup_armcm0.o(.text), UNUSED)

<P><STRONG><a name="[236]"></a>UART2_IRQHandler</STRONG> (Thumb, 0 bytes, Stack size 0 bytes, startup_armcm0.o(.text), UNUSED)

<P><STRONG><a name="[237]"></a>UART3_IRQHandler</STRONG> (Thumb, 0 bytes, Stack size 0 bytes, startup_armcm0.o(.text), UNUSED)

<P><STRONG><a name="[238]"></a>UART4_IRQHandler</STRONG> (Thumb, 0 bytes, Stack size 0 bytes, startup_armcm0.o(.text), UNUSED)

<P><STRONG><a name="[239]"></a>USBDC_IRQHandler</STRONG> (Thumb, 0 bytes, Stack size 0 bytes, startup_armcm0.o(.text), UNUSED)

<P><STRONG><a name="[23a]"></a>USBHC_IRQHandler</STRONG> (Thumb, 0 bytes, Stack size 0 bytes, startup_armcm0.o(.text), UNUSED)

<P><STRONG><a name="[23b]"></a>WDT_IRQHandler</STRONG> (Thumb, 0 bytes, Stack size 0 bytes, startup_armcm0.o(.text), UNUSED)

<P><STRONG><a name="[e5]"></a>__aeabi_memcpy</STRONG> (Thumb, 36 bytes, Stack size 0 bytes, memcpya.o(.text))
<BR><BR>[Called By]<UL><LI><a href="#[e7]">&gt;&gt;</a>&nbsp;&nbsp;&nbsp;storeExceptionStts
<LI><a href="#[1fb]">&gt;&gt;</a>&nbsp;&nbsp;&nbsp;resetDeviceInfoParams
<LI><a href="#[f3]">&gt;&gt;</a>&nbsp;&nbsp;&nbsp;UserInfo_NotifyStatus
<LI><a href="#[e4]">&gt;&gt;</a>&nbsp;&nbsp;&nbsp;GGS_SetParameter
<LI><a href="#[12b]">&gt;&gt;</a>&nbsp;&nbsp;&nbsp;readExceptionStts
<LI><a href="#[32]">&gt;&gt;</a>&nbsp;&nbsp;&nbsp;protocol_uart_evt_hdl
<LI><a href="#[1ac]">&gt;&gt;</a>&nbsp;&nbsp;&nbsp;txmit_buf_use_tx_buf
</UL>

<P><STRONG><a name="[23c]"></a>__aeabi_memcpy4</STRONG> (Thumb, 0 bytes, Stack size 0 bytes, memcpya.o(.text), UNUSED)

<P><STRONG><a name="[23d]"></a>__aeabi_memcpy8</STRONG> (Thumb, 0 bytes, Stack size 0 bytes, memcpya.o(.text), UNUSED)

<P><STRONG><a name="[4a]"></a>__aeabi_memset</STRONG> (Thumb, 14 bytes, Stack size 0 bytes, memseta.o(.text))
<BR><BR>[Called By]<UL><LI><a href="#[f3]">&gt;&gt;</a>&nbsp;&nbsp;&nbsp;UserInfo_NotifyStatus
<LI><a href="#[4b]">&gt;&gt;</a>&nbsp;&nbsp;&nbsp;_memset$wrapper
<LI><a href="#[49]">&gt;&gt;</a>&nbsp;&nbsp;&nbsp;__aeabi_memclr
</UL>

<P><STRONG><a name="[23e]"></a>__aeabi_memset4</STRONG> (Thumb, 0 bytes, Stack size 0 bytes, memseta.o(.text), UNUSED)

<P><STRONG><a name="[23f]"></a>__aeabi_memset8</STRONG> (Thumb, 0 bytes, Stack size 0 bytes, memseta.o(.text), UNUSED)

<P><STRONG><a name="[49]"></a>__aeabi_memclr</STRONG> (Thumb, 4 bytes, Stack size 0 bytes, memseta.o(.text))
<BR><BR>[Calls]<UL><LI><a href="#[4a]">&gt;&gt;</a>&nbsp;&nbsp;&nbsp;__aeabi_memset
</UL>
<BR>[Called By]<UL><LI><a href="#[107]">&gt;&gt;</a>&nbsp;&nbsp;&nbsp;phy_printf
<LI><a href="#[1fb]">&gt;&gt;</a>&nbsp;&nbsp;&nbsp;resetDeviceInfoParams
<LI><a href="#[1df]">&gt;&gt;</a>&nbsp;&nbsp;&nbsp;protocol_uart_Init
<LI><a href="#[13a]">&gt;&gt;</a>&nbsp;&nbsp;&nbsp;customizeGradualEffect
</UL>

<P><STRONG><a name="[69]"></a>__aeabi_memclr4</STRONG> (Thumb, 0 bytes, Stack size 0 bytes, memseta.o(.text))
<BR><BR>[Called By]<UL><LI><a href="#[7c]">&gt;&gt;</a>&nbsp;&nbsp;&nbsp;CCS_NotifyStatus
<LI><a href="#[68]">&gt;&gt;</a>&nbsp;&nbsp;&nbsp;CCS_DATATRANSFER_PROCESS
<LI><a href="#[f3]">&gt;&gt;</a>&nbsp;&nbsp;&nbsp;UserInfo_NotifyStatus
<LI><a href="#[1]">&gt;&gt;</a>&nbsp;&nbsp;&nbsp;peripheralStateNotificationCB
<LI><a href="#[123]">&gt;&gt;</a>&nbsp;&nbsp;&nbsp;command_center_Init
<LI><a href="#[116]">&gt;&gt;</a>&nbsp;&nbsp;&nbsp;bleSmartPeripheral_Init
<LI><a href="#[1d4]">&gt;&gt;</a>&nbsp;&nbsp;&nbsp;loadTargetRGBValue
<LI><a href="#[1a3]">&gt;&gt;</a>&nbsp;&nbsp;&nbsp;hal_spi_bus_deinit
<LI><a href="#[144]">&gt;&gt;</a>&nbsp;&nbsp;&nbsp;updateStrobeDisplay
<LI><a href="#[142]">&gt;&gt;</a>&nbsp;&nbsp;&nbsp;updateHuesDisplay
<LI><a href="#[141]">&gt;&gt;</a>&nbsp;&nbsp;&nbsp;updateColorTempDisplay
<LI><a href="#[145]">&gt;&gt;</a>&nbsp;&nbsp;&nbsp;updateBrightnessDisplay
<LI><a href="#[19a]">&gt;&gt;</a>&nbsp;&nbsp;&nbsp;hal_pwrmgr_init
<LI><a href="#[1ab]">&gt;&gt;</a>&nbsp;&nbsp;&nbsp;hal_uart_init
<LI><a href="#[122]">&gt;&gt;</a>&nbsp;&nbsp;&nbsp;clear_adcc_cfg
<LI><a href="#[18a]">&gt;&gt;</a>&nbsp;&nbsp;&nbsp;hal_gpio_init
</UL>

<P><STRONG><a name="[240]"></a>__aeabi_memclr8</STRONG> (Thumb, 0 bytes, Stack size 0 bytes, memseta.o(.text), UNUSED)

<P><STRONG><a name="[4b]"></a>_memset$wrapper</STRONG> (Thumb, 18 bytes, Stack size 8 bytes, memseta.o(.text), UNUSED)
<BR><BR>[Calls]<UL><LI><a href="#[4a]">&gt;&gt;</a>&nbsp;&nbsp;&nbsp;__aeabi_memset
</UL>

<P><STRONG><a name="[21c]"></a>memcmp</STRONG> (Thumb, 26 bytes, Stack size 12 bytes, memcmp.o(.text))
<BR><BR>[Stack]<UL><LI>Max Depth = 12<LI>Call Chain = memcmp
</UL>
<BR>[Called By]<UL><LI><a href="#[8f]">&gt;&gt;</a>&nbsp;&nbsp;&nbsp;updateDeviceInfo2Flash
<LI><a href="#[210]">&gt;&gt;</a>&nbsp;&nbsp;&nbsp;updateDeviceDefaultInfo
</UL>

<P><STRONG><a name="[152]"></a>__aeabi_uread4</STRONG> (Thumb, 20 bytes, Stack size 0 bytes, uread4.o(.text))
<BR><BR>[Called By]<UL><LI><a href="#[151]">&gt;&gt;</a>&nbsp;&nbsp;&nbsp;flash_write_ucds_block_byte
</UL>

<P><STRONG><a name="[241]"></a>__rt_uread4</STRONG> (Thumb, 0 bytes, Stack size 0 bytes, uread4.o(.text), UNUSED)

<P><STRONG><a name="[242]"></a>_uread4</STRONG> (Thumb, 0 bytes, Stack size 0 bytes, uread4.o(.text), UNUSED)

<P><STRONG><a name="[4c]"></a>__aeabi_fadd</STRONG> (Thumb, 162 bytes, Stack size 24 bytes, fadd.o(.text))
<BR><BR>[Stack]<UL><LI>Max Depth = 36<LI>Call Chain = __aeabi_fadd &rArr; _float_epilogue
</UL>
<BR>[Calls]<UL><LI><a href="#[4e]">&gt;&gt;</a>&nbsp;&nbsp;&nbsp;_float_round
<LI><a href="#[4d]">&gt;&gt;</a>&nbsp;&nbsp;&nbsp;_float_epilogue
</UL>
<BR>[Called By]<UL><LI><a href="#[108]">&gt;&gt;</a>&nbsp;&nbsp;&nbsp;hal_adc_value_cal
<LI><a href="#[f]">&gt;&gt;</a>&nbsp;&nbsp;&nbsp;batt_adc_evt
<LI><a href="#[50]">&gt;&gt;</a>&nbsp;&nbsp;&nbsp;__aeabi_frsub
<LI><a href="#[1c5]">&gt;&gt;</a>&nbsp;&nbsp;&nbsp;setLEDFunc
<LI><a href="#[23]">&gt;&gt;</a>&nbsp;&nbsp;&nbsp;flashMode2StyleAfunc
<LI><a href="#[21]">&gt;&gt;</a>&nbsp;&nbsp;&nbsp;fireProcess
<LI><a href="#[133]">&gt;&gt;</a>&nbsp;&nbsp;&nbsp;coolUpdateByCoe
<LI><a href="#[14b]">&gt;&gt;</a>&nbsp;&nbsp;&nbsp;hsb2Rgb
<LI><a href="#[134]">&gt;&gt;</a>&nbsp;&nbsp;&nbsp;updateRGBLamp
<LI><a href="#[135]">&gt;&gt;</a>&nbsp;&nbsp;&nbsp;updateColorTemp
<LI><a href="#[1d4]">&gt;&gt;</a>&nbsp;&nbsp;&nbsp;loadTargetRGBValue
<LI><a href="#[1d3]">&gt;&gt;</a>&nbsp;&nbsp;&nbsp;loadTargetColorTemperatureValue
<LI><a href="#[6b]">&gt;&gt;</a>&nbsp;&nbsp;&nbsp;light_ctrl
<LI><a href="#[4f]">&gt;&gt;</a>&nbsp;&nbsp;&nbsp;__aeabi_fsub
<LI><a href="#[11f]">&gt;&gt;</a>&nbsp;&nbsp;&nbsp;chkLightEffectModeVoltCompensation
</UL>

<P><STRONG><a name="[4f]"></a>__aeabi_fsub</STRONG> (Thumb, 8 bytes, Stack size 0 bytes, fadd.o(.text))
<BR><BR>[Stack]<UL><LI>Max Depth = 36<LI>Call Chain = __aeabi_fsub &rArr; __aeabi_fadd &rArr; _float_epilogue
</UL>
<BR>[Calls]<UL><LI><a href="#[4c]">&gt;&gt;</a>&nbsp;&nbsp;&nbsp;__aeabi_fadd
</UL>
<BR>[Called By]<UL><LI><a href="#[108]">&gt;&gt;</a>&nbsp;&nbsp;&nbsp;hal_adc_value_cal
<LI><a href="#[217]">&gt;&gt;</a>&nbsp;&nbsp;&nbsp;temp_cal
<LI><a href="#[14b]">&gt;&gt;</a>&nbsp;&nbsp;&nbsp;hsb2Rgb
<LI><a href="#[1b9]">&gt;&gt;</a>&nbsp;&nbsp;&nbsp;originalHsv2Rgb
<LI><a href="#[11f]">&gt;&gt;</a>&nbsp;&nbsp;&nbsp;chkLightEffectModeVoltCompensation
<LI><a href="#[20c]">&gt;&gt;</a>&nbsp;&nbsp;&nbsp;updatePWMDuty
</UL>

<P><STRONG><a name="[50]"></a>__aeabi_frsub</STRONG> (Thumb, 8 bytes, Stack size 0 bytes, fadd.o(.text))
<BR><BR>[Stack]<UL><LI>Max Depth = 36<LI>Call Chain = __aeabi_frsub &rArr; __aeabi_fadd &rArr; _float_epilogue
</UL>
<BR>[Calls]<UL><LI><a href="#[4c]">&gt;&gt;</a>&nbsp;&nbsp;&nbsp;__aeabi_fadd
</UL>
<BR>[Called By]<UL><LI><a href="#[12]">&gt;&gt;</a>&nbsp;&nbsp;&nbsp;customizeGrdualCbfunc
<LI><a href="#[14b]">&gt;&gt;</a>&nbsp;&nbsp;&nbsp;hsb2Rgb
<LI><a href="#[1b9]">&gt;&gt;</a>&nbsp;&nbsp;&nbsp;originalHsv2Rgb
</UL>

<P><STRONG><a name="[102]"></a>__aeabi_fmul</STRONG> (Thumb, 122 bytes, Stack size 16 bytes, fmul.o(.text))
<BR><BR>[Stack]<UL><LI>Max Depth = 16<LI>Call Chain = __aeabi_fmul
</UL>
<BR>[Called By]<UL><LI><a href="#[16c]">&gt;&gt;</a>&nbsp;&nbsp;&nbsp;getBattPercentByVolt
<LI><a href="#[10a]">&gt;&gt;</a>&nbsp;&nbsp;&nbsp;batt_cal
<LI><a href="#[f]">&gt;&gt;</a>&nbsp;&nbsp;&nbsp;batt_adc_evt
<LI><a href="#[1c5]">&gt;&gt;</a>&nbsp;&nbsp;&nbsp;setLEDFunc
<LI><a href="#[23]">&gt;&gt;</a>&nbsp;&nbsp;&nbsp;flashMode2StyleAfunc
<LI><a href="#[21]">&gt;&gt;</a>&nbsp;&nbsp;&nbsp;fireProcess
<LI><a href="#[12]">&gt;&gt;</a>&nbsp;&nbsp;&nbsp;customizeGrdualCbfunc
<LI><a href="#[133]">&gt;&gt;</a>&nbsp;&nbsp;&nbsp;coolUpdateByCoe
<LI><a href="#[217]">&gt;&gt;</a>&nbsp;&nbsp;&nbsp;temp_cal
<LI><a href="#[14b]">&gt;&gt;</a>&nbsp;&nbsp;&nbsp;hsb2Rgb
<LI><a href="#[134]">&gt;&gt;</a>&nbsp;&nbsp;&nbsp;updateRGBLamp
<LI><a href="#[135]">&gt;&gt;</a>&nbsp;&nbsp;&nbsp;updateColorTemp
<LI><a href="#[1d4]">&gt;&gt;</a>&nbsp;&nbsp;&nbsp;loadTargetRGBValue
<LI><a href="#[1d3]">&gt;&gt;</a>&nbsp;&nbsp;&nbsp;loadTargetColorTemperatureValue
<LI><a href="#[142]">&gt;&gt;</a>&nbsp;&nbsp;&nbsp;updateHuesDisplay
<LI><a href="#[1b9]">&gt;&gt;</a>&nbsp;&nbsp;&nbsp;originalHsv2Rgb
<LI><a href="#[6b]">&gt;&gt;</a>&nbsp;&nbsp;&nbsp;light_ctrl
<LI><a href="#[12e]">&gt;&gt;</a>&nbsp;&nbsp;&nbsp;setBattLevel
<LI><a href="#[104]">&gt;&gt;</a>&nbsp;&nbsp;&nbsp;battVoltCompensation
<LI><a href="#[20c]">&gt;&gt;</a>&nbsp;&nbsp;&nbsp;updatePWMDuty
<LI><a href="#[148]">&gt;&gt;</a>&nbsp;&nbsp;&nbsp;updateRgbOnly
<LI><a href="#[149]">&gt;&gt;</a>&nbsp;&nbsp;&nbsp;updateColor
<LI><a href="#[33]">&gt;&gt;</a>&nbsp;&nbsp;&nbsp;battReadAttrCB
</UL>

<P><STRONG><a name="[51]"></a>__aeabi_fdiv</STRONG> (Thumb, 124 bytes, Stack size 16 bytes, fdiv.o(.text))
<BR><BR>[Stack]<UL><LI>Max Depth = 16<LI>Call Chain = __aeabi_fdiv
</UL>
<BR>[Calls]<UL><LI><a href="#[4e]">&gt;&gt;</a>&nbsp;&nbsp;&nbsp;_float_round
</UL>
<BR>[Called By]<UL><LI><a href="#[108]">&gt;&gt;</a>&nbsp;&nbsp;&nbsp;hal_adc_value_cal
<LI><a href="#[1c5]">&gt;&gt;</a>&nbsp;&nbsp;&nbsp;setLEDFunc
<LI><a href="#[22]">&gt;&gt;</a>&nbsp;&nbsp;&nbsp;lightning1Process
<LI><a href="#[23]">&gt;&gt;</a>&nbsp;&nbsp;&nbsp;flashMode2StyleAfunc
<LI><a href="#[21]">&gt;&gt;</a>&nbsp;&nbsp;&nbsp;fireProcess
<LI><a href="#[133]">&gt;&gt;</a>&nbsp;&nbsp;&nbsp;coolUpdateByCoe
<LI><a href="#[217]">&gt;&gt;</a>&nbsp;&nbsp;&nbsp;temp_cal
<LI><a href="#[14b]">&gt;&gt;</a>&nbsp;&nbsp;&nbsp;hsb2Rgb
<LI><a href="#[134]">&gt;&gt;</a>&nbsp;&nbsp;&nbsp;updateRGBLamp
<LI><a href="#[135]">&gt;&gt;</a>&nbsp;&nbsp;&nbsp;updateColorTemp
<LI><a href="#[1d4]">&gt;&gt;</a>&nbsp;&nbsp;&nbsp;loadTargetRGBValue
<LI><a href="#[1d3]">&gt;&gt;</a>&nbsp;&nbsp;&nbsp;loadTargetColorTemperatureValue
<LI><a href="#[75]">&gt;&gt;</a>&nbsp;&nbsp;&nbsp;setWarmData
<LI><a href="#[70]">&gt;&gt;</a>&nbsp;&nbsp;&nbsp;setRedData
<LI><a href="#[72]">&gt;&gt;</a>&nbsp;&nbsp;&nbsp;setGreenData
<LI><a href="#[74]">&gt;&gt;</a>&nbsp;&nbsp;&nbsp;setCoolData
<LI><a href="#[73]">&gt;&gt;</a>&nbsp;&nbsp;&nbsp;setBlueData
<LI><a href="#[1b9]">&gt;&gt;</a>&nbsp;&nbsp;&nbsp;originalHsv2Rgb
<LI><a href="#[6b]">&gt;&gt;</a>&nbsp;&nbsp;&nbsp;light_ctrl
<LI><a href="#[11f]">&gt;&gt;</a>&nbsp;&nbsp;&nbsp;chkLightEffectModeVoltCompensation
</UL>

<P><STRONG><a name="[109]"></a>__ARM_scalbnf</STRONG> (Thumb, 24 bytes, Stack size 0 bytes, fscalb.o(.text))
<BR><BR>[Called By]<UL><LI><a href="#[108]">&gt;&gt;</a>&nbsp;&nbsp;&nbsp;hal_adc_value_cal
<LI><a href="#[f]">&gt;&gt;</a>&nbsp;&nbsp;&nbsp;batt_adc_evt
</UL>

<P><STRONG><a name="[243]"></a>scalbnf</STRONG> (Thumb, 0 bytes, Stack size 0 bytes, fscalb.o(.text), UNUSED)

<P><STRONG><a name="[52]"></a>__aeabi_dadd</STRONG> (Thumb, 328 bytes, Stack size 48 bytes, dadd.o(.text))
<BR><BR>[Stack]<UL><LI>Max Depth = 104<LI>Call Chain = __aeabi_dadd &rArr; _double_epilogue &rArr; _double_round
</UL>
<BR>[Calls]<UL><LI><a href="#[56]">&gt;&gt;</a>&nbsp;&nbsp;&nbsp;_double_round
<LI><a href="#[55]">&gt;&gt;</a>&nbsp;&nbsp;&nbsp;_double_epilogue
<LI><a href="#[54]">&gt;&gt;</a>&nbsp;&nbsp;&nbsp;__aeabi_lasr
<LI><a href="#[53]">&gt;&gt;</a>&nbsp;&nbsp;&nbsp;__aeabi_llsl
</UL>
<BR>[Called By]<UL><LI><a href="#[57]">&gt;&gt;</a>&nbsp;&nbsp;&nbsp;__aeabi_dsub
<LI><a href="#[21]">&gt;&gt;</a>&nbsp;&nbsp;&nbsp;fireProcess
<LI><a href="#[12]">&gt;&gt;</a>&nbsp;&nbsp;&nbsp;customizeGrdualCbfunc
<LI><a href="#[14b]">&gt;&gt;</a>&nbsp;&nbsp;&nbsp;hsb2Rgb
<LI><a href="#[58]">&gt;&gt;</a>&nbsp;&nbsp;&nbsp;__aeabi_drsub
<LI><a href="#[105]">&gt;&gt;</a>&nbsp;&nbsp;&nbsp;getChargingCurrentByVolt
<LI><a href="#[104]">&gt;&gt;</a>&nbsp;&nbsp;&nbsp;battVoltCompensation
</UL>

<P><STRONG><a name="[57]"></a>__aeabi_dsub</STRONG> (Thumb, 12 bytes, Stack size 8 bytes, dadd.o(.text))
<BR><BR>[Stack]<UL><LI>Max Depth = 112<LI>Call Chain = __aeabi_dsub &rArr; __aeabi_dadd &rArr; _double_epilogue &rArr; _double_round
</UL>
<BR>[Calls]<UL><LI><a href="#[52]">&gt;&gt;</a>&nbsp;&nbsp;&nbsp;__aeabi_dadd
</UL>
<BR>[Called By]<UL><LI><a href="#[16d]">&gt;&gt;</a>&nbsp;&nbsp;&nbsp;getBattPercentByVoltMv
<LI><a href="#[10a]">&gt;&gt;</a>&nbsp;&nbsp;&nbsp;batt_cal
<LI><a href="#[105]">&gt;&gt;</a>&nbsp;&nbsp;&nbsp;getChargingCurrentByVolt
<LI><a href="#[104]">&gt;&gt;</a>&nbsp;&nbsp;&nbsp;battVoltCompensation
<LI><a href="#[33]">&gt;&gt;</a>&nbsp;&nbsp;&nbsp;battReadAttrCB
</UL>

<P><STRONG><a name="[58]"></a>__aeabi_drsub</STRONG> (Thumb, 12 bytes, Stack size 8 bytes, dadd.o(.text))
<BR><BR>[Stack]<UL><LI>Max Depth = 112<LI>Call Chain = __aeabi_drsub &rArr; __aeabi_dadd &rArr; _double_epilogue &rArr; _double_round
</UL>
<BR>[Calls]<UL><LI><a href="#[52]">&gt;&gt;</a>&nbsp;&nbsp;&nbsp;__aeabi_dadd
</UL>
<BR>[Called By]<UL><LI><a href="#[22]">&gt;&gt;</a>&nbsp;&nbsp;&nbsp;lightning1Process
<LI><a href="#[21]">&gt;&gt;</a>&nbsp;&nbsp;&nbsp;fireProcess
<LI><a href="#[14b]">&gt;&gt;</a>&nbsp;&nbsp;&nbsp;hsb2Rgb
<LI><a href="#[105]">&gt;&gt;</a>&nbsp;&nbsp;&nbsp;getChargingCurrentByVolt
</UL>

<P><STRONG><a name="[59]"></a>__aeabi_dmul</STRONG> (Thumb, 202 bytes, Stack size 72 bytes, dmul.o(.text))
<BR><BR>[Stack]<UL><LI>Max Depth = 128<LI>Call Chain = __aeabi_dmul &rArr; _double_epilogue &rArr; _double_round
</UL>
<BR>[Calls]<UL><LI><a href="#[55]">&gt;&gt;</a>&nbsp;&nbsp;&nbsp;_double_epilogue
</UL>
<BR>[Called By]<UL><LI><a href="#[16d]">&gt;&gt;</a>&nbsp;&nbsp;&nbsp;getBattPercentByVoltMv
<LI><a href="#[10a]">&gt;&gt;</a>&nbsp;&nbsp;&nbsp;batt_cal
<LI><a href="#[30]">&gt;&gt;</a>&nbsp;&nbsp;&nbsp;command_center_ProcessEvent
<LI><a href="#[22]">&gt;&gt;</a>&nbsp;&nbsp;&nbsp;lightning1Process
<LI><a href="#[21]">&gt;&gt;</a>&nbsp;&nbsp;&nbsp;fireProcess
<LI><a href="#[14b]">&gt;&gt;</a>&nbsp;&nbsp;&nbsp;hsb2Rgb
<LI><a href="#[105]">&gt;&gt;</a>&nbsp;&nbsp;&nbsp;getChargingCurrentByVolt
<LI><a href="#[104]">&gt;&gt;</a>&nbsp;&nbsp;&nbsp;battVoltCompensation
<LI><a href="#[100]">&gt;&gt;</a>&nbsp;&nbsp;&nbsp;battMeasure
</UL>

<P><STRONG><a name="[5a]"></a>__aeabi_ddiv</STRONG> (Thumb, 234 bytes, Stack size 40 bytes, ddiv.o(.text))
<BR><BR>[Stack]<UL><LI>Max Depth = 48<LI>Call Chain = __aeabi_ddiv &rArr; _double_round
</UL>
<BR>[Calls]<UL><LI><a href="#[56]">&gt;&gt;</a>&nbsp;&nbsp;&nbsp;_double_round
</UL>
<BR>[Called By]<UL><LI><a href="#[16d]">&gt;&gt;</a>&nbsp;&nbsp;&nbsp;getBattPercentByVoltMv
<LI><a href="#[10a]">&gt;&gt;</a>&nbsp;&nbsp;&nbsp;batt_cal
<LI><a href="#[12]">&gt;&gt;</a>&nbsp;&nbsp;&nbsp;customizeGrdualCbfunc
<LI><a href="#[14b]">&gt;&gt;</a>&nbsp;&nbsp;&nbsp;hsb2Rgb
<LI><a href="#[105]">&gt;&gt;</a>&nbsp;&nbsp;&nbsp;getChargingCurrentByVolt
<LI><a href="#[104]">&gt;&gt;</a>&nbsp;&nbsp;&nbsp;battVoltCompensation
<LI><a href="#[33]">&gt;&gt;</a>&nbsp;&nbsp;&nbsp;battReadAttrCB
<LI><a href="#[100]">&gt;&gt;</a>&nbsp;&nbsp;&nbsp;battMeasure
</UL>

<P><STRONG><a name="[187]"></a>__ARM_scalbn</STRONG> (Thumb, 44 bytes, Stack size 16 bytes, dscalb.o(.text))
<BR><BR>[Stack]<UL><LI>Max Depth = 16<LI>Call Chain = __ARM_scalbn
</UL>
<BR>[Called By]<UL><LI><a href="#[108]">&gt;&gt;</a>&nbsp;&nbsp;&nbsp;hal_adc_value_cal
</UL>

<P><STRONG><a name="[244]"></a>scalbn</STRONG> (Thumb, 0 bytes, Stack size 16 bytes, dscalb.o(.text), UNUSED)

<P><STRONG><a name="[5b]"></a>__aeabi_i2f</STRONG> (Thumb, 22 bytes, Stack size 8 bytes, fflti.o(.text))
<BR><BR>[Stack]<UL><LI>Max Depth = 20<LI>Call Chain = __aeabi_i2f &rArr; _float_epilogue
</UL>
<BR>[Calls]<UL><LI><a href="#[4d]">&gt;&gt;</a>&nbsp;&nbsp;&nbsp;_float_epilogue
</UL>
<BR>[Called By]<UL><LI><a href="#[108]">&gt;&gt;</a>&nbsp;&nbsp;&nbsp;hal_adc_value_cal
<LI><a href="#[12]">&gt;&gt;</a>&nbsp;&nbsp;&nbsp;customizeGrdualCbfunc
<LI><a href="#[14b]">&gt;&gt;</a>&nbsp;&nbsp;&nbsp;hsb2Rgb
<LI><a href="#[1b9]">&gt;&gt;</a>&nbsp;&nbsp;&nbsp;originalHsv2Rgb
</UL>

<P><STRONG><a name="[5c]"></a>__aeabi_ui2f</STRONG> (Thumb, 14 bytes, Stack size 8 bytes, ffltui.o(.text))
<BR><BR>[Stack]<UL><LI>Max Depth = 20<LI>Call Chain = __aeabi_ui2f &rArr; _float_epilogue
</UL>
<BR>[Calls]<UL><LI><a href="#[4d]">&gt;&gt;</a>&nbsp;&nbsp;&nbsp;_float_epilogue
</UL>
<BR>[Called By]<UL><LI><a href="#[90]">&gt;&gt;</a>&nbsp;&nbsp;&nbsp;CCS_keysChange_handle
<LI><a href="#[6c]">&gt;&gt;</a>&nbsp;&nbsp;&nbsp;CCS_EventsPro_TestMode
<LI><a href="#[108]">&gt;&gt;</a>&nbsp;&nbsp;&nbsp;hal_adc_value_cal
<LI><a href="#[1c5]">&gt;&gt;</a>&nbsp;&nbsp;&nbsp;setLEDFunc
<LI><a href="#[23]">&gt;&gt;</a>&nbsp;&nbsp;&nbsp;flashMode2StyleAfunc
<LI><a href="#[21]">&gt;&gt;</a>&nbsp;&nbsp;&nbsp;fireProcess
<LI><a href="#[12]">&gt;&gt;</a>&nbsp;&nbsp;&nbsp;customizeGrdualCbfunc
<LI><a href="#[133]">&gt;&gt;</a>&nbsp;&nbsp;&nbsp;coolUpdateByCoe
<LI><a href="#[217]">&gt;&gt;</a>&nbsp;&nbsp;&nbsp;temp_cal
<LI><a href="#[14b]">&gt;&gt;</a>&nbsp;&nbsp;&nbsp;hsb2Rgb
<LI><a href="#[134]">&gt;&gt;</a>&nbsp;&nbsp;&nbsp;updateRGBLamp
<LI><a href="#[135]">&gt;&gt;</a>&nbsp;&nbsp;&nbsp;updateColorTemp
<LI><a href="#[1d4]">&gt;&gt;</a>&nbsp;&nbsp;&nbsp;loadTargetRGBValue
<LI><a href="#[1d3]">&gt;&gt;</a>&nbsp;&nbsp;&nbsp;loadTargetColorTemperatureValue
<LI><a href="#[75]">&gt;&gt;</a>&nbsp;&nbsp;&nbsp;setWarmData
<LI><a href="#[70]">&gt;&gt;</a>&nbsp;&nbsp;&nbsp;setRedData
<LI><a href="#[72]">&gt;&gt;</a>&nbsp;&nbsp;&nbsp;setGreenData
<LI><a href="#[74]">&gt;&gt;</a>&nbsp;&nbsp;&nbsp;setCoolData
<LI><a href="#[73]">&gt;&gt;</a>&nbsp;&nbsp;&nbsp;setBlueData
<LI><a href="#[1b9]">&gt;&gt;</a>&nbsp;&nbsp;&nbsp;originalHsv2Rgb
<LI><a href="#[6b]">&gt;&gt;</a>&nbsp;&nbsp;&nbsp;light_ctrl
<LI><a href="#[148]">&gt;&gt;</a>&nbsp;&nbsp;&nbsp;updateRgbOnly
<LI><a href="#[149]">&gt;&gt;</a>&nbsp;&nbsp;&nbsp;updateColor
</UL>

<P><STRONG><a name="[5d]"></a>__aeabi_i2d</STRONG> (Thumb, 34 bytes, Stack size 16 bytes, dflti.o(.text))
<BR><BR>[Stack]<UL><LI>Max Depth = 72<LI>Call Chain = __aeabi_i2d &rArr; _double_epilogue &rArr; _double_round
</UL>
<BR>[Calls]<UL><LI><a href="#[55]">&gt;&gt;</a>&nbsp;&nbsp;&nbsp;_double_epilogue
</UL>
<BR>[Called By]<UL><LI><a href="#[108]">&gt;&gt;</a>&nbsp;&nbsp;&nbsp;hal_adc_value_cal
</UL>

<P><STRONG><a name="[5e]"></a>__aeabi_ui2d</STRONG> (Thumb, 24 bytes, Stack size 16 bytes, dfltui.o(.text))
<BR><BR>[Stack]<UL><LI>Max Depth = 72<LI>Call Chain = __aeabi_ui2d &rArr; _double_epilogue &rArr; _double_round
</UL>
<BR>[Calls]<UL><LI><a href="#[55]">&gt;&gt;</a>&nbsp;&nbsp;&nbsp;_double_epilogue
</UL>
<BR>[Called By]<UL><LI><a href="#[16d]">&gt;&gt;</a>&nbsp;&nbsp;&nbsp;getBattPercentByVoltMv
<LI><a href="#[10a]">&gt;&gt;</a>&nbsp;&nbsp;&nbsp;batt_cal
<LI><a href="#[30]">&gt;&gt;</a>&nbsp;&nbsp;&nbsp;command_center_ProcessEvent
<LI><a href="#[22]">&gt;&gt;</a>&nbsp;&nbsp;&nbsp;lightning1Process
<LI><a href="#[21]">&gt;&gt;</a>&nbsp;&nbsp;&nbsp;fireProcess
<LI><a href="#[12]">&gt;&gt;</a>&nbsp;&nbsp;&nbsp;customizeGrdualCbfunc
<LI><a href="#[104]">&gt;&gt;</a>&nbsp;&nbsp;&nbsp;battVoltCompensation
<LI><a href="#[100]">&gt;&gt;</a>&nbsp;&nbsp;&nbsp;battMeasure
</UL>

<P><STRONG><a name="[10f]"></a>__aeabi_f2uiz</STRONG> (Thumb, 40 bytes, Stack size 0 bytes, ffixui.o(.text))
<BR><BR>[Called By]<UL><LI><a href="#[16c]">&gt;&gt;</a>&nbsp;&nbsp;&nbsp;getBattPercentByVolt
<LI><a href="#[10a]">&gt;&gt;</a>&nbsp;&nbsp;&nbsp;batt_cal
<LI><a href="#[1c5]">&gt;&gt;</a>&nbsp;&nbsp;&nbsp;setLEDFunc
<LI><a href="#[12]">&gt;&gt;</a>&nbsp;&nbsp;&nbsp;customizeGrdualCbfunc
<LI><a href="#[133]">&gt;&gt;</a>&nbsp;&nbsp;&nbsp;coolUpdateByCoe
<LI><a href="#[14b]">&gt;&gt;</a>&nbsp;&nbsp;&nbsp;hsb2Rgb
<LI><a href="#[135]">&gt;&gt;</a>&nbsp;&nbsp;&nbsp;updateColorTemp
<LI><a href="#[1d3]">&gt;&gt;</a>&nbsp;&nbsp;&nbsp;loadTargetColorTemperatureValue
<LI><a href="#[142]">&gt;&gt;</a>&nbsp;&nbsp;&nbsp;updateHuesDisplay
<LI><a href="#[1ee]">&gt;&gt;</a>&nbsp;&nbsp;&nbsp;protocol_uartCB_Handle
<LI><a href="#[20c]">&gt;&gt;</a>&nbsp;&nbsp;&nbsp;updatePWMDuty
<LI><a href="#[148]">&gt;&gt;</a>&nbsp;&nbsp;&nbsp;updateRgbOnly
<LI><a href="#[149]">&gt;&gt;</a>&nbsp;&nbsp;&nbsp;updateColor
<LI><a href="#[3a]">&gt;&gt;</a>&nbsp;&nbsp;&nbsp;simpleProfile_ReadAttrCB
</UL>

<P><STRONG><a name="[5f]"></a>__aeabi_d2uiz</STRONG> (Thumb, 50 bytes, Stack size 8 bytes, dfixui.o(.text))
<BR><BR>[Stack]<UL><LI>Max Depth = 16<LI>Call Chain = __aeabi_d2uiz &rArr; __aeabi_llsr
</UL>
<BR>[Calls]<UL><LI><a href="#[60]">&gt;&gt;</a>&nbsp;&nbsp;&nbsp;__aeabi_llsr
</UL>
<BR>[Called By]<UL><LI><a href="#[16d]">&gt;&gt;</a>&nbsp;&nbsp;&nbsp;getBattPercentByVoltMv
<LI><a href="#[10a]">&gt;&gt;</a>&nbsp;&nbsp;&nbsp;batt_cal
<LI><a href="#[21]">&gt;&gt;</a>&nbsp;&nbsp;&nbsp;fireProcess
<LI><a href="#[33]">&gt;&gt;</a>&nbsp;&nbsp;&nbsp;battReadAttrCB
<LI><a href="#[100]">&gt;&gt;</a>&nbsp;&nbsp;&nbsp;battMeasure
</UL>

<P><STRONG><a name="[103]"></a>__aeabi_f2d</STRONG> (Thumb, 40 bytes, Stack size 0 bytes, f2d.o(.text))
<BR><BR>[Called By]<UL><LI><a href="#[21]">&gt;&gt;</a>&nbsp;&nbsp;&nbsp;fireProcess
<LI><a href="#[12]">&gt;&gt;</a>&nbsp;&nbsp;&nbsp;customizeGrdualCbfunc
<LI><a href="#[14b]">&gt;&gt;</a>&nbsp;&nbsp;&nbsp;hsb2Rgb
<LI><a href="#[12e]">&gt;&gt;</a>&nbsp;&nbsp;&nbsp;setBattLevel
<LI><a href="#[105]">&gt;&gt;</a>&nbsp;&nbsp;&nbsp;getChargingCurrentByVolt
<LI><a href="#[104]">&gt;&gt;</a>&nbsp;&nbsp;&nbsp;battVoltCompensation
<LI><a href="#[33]">&gt;&gt;</a>&nbsp;&nbsp;&nbsp;battReadAttrCB
</UL>

<P><STRONG><a name="[245]"></a>__aeabi_cdcmpeq</STRONG> (Thumb, 0 bytes, Stack size 0 bytes, cdcmple.o(.text), UNUSED)

<P><STRONG><a name="[14a]"></a>__aeabi_cdcmple</STRONG> (Thumb, 38 bytes, Stack size 0 bytes, cdcmple.o(.text))
<BR><BR>[Called By]<UL><LI><a href="#[21]">&gt;&gt;</a>&nbsp;&nbsp;&nbsp;fireProcess
</UL>

<P><STRONG><a name="[61]"></a>__aeabi_d2f</STRONG> (Thumb, 56 bytes, Stack size 8 bytes, d2f.o(.text))
<BR><BR>[Stack]<UL><LI>Max Depth = 8<LI>Call Chain = __aeabi_d2f
</UL>
<BR>[Calls]<UL><LI><a href="#[4e]">&gt;&gt;</a>&nbsp;&nbsp;&nbsp;_float_round
</UL>
<BR>[Called By]<UL><LI><a href="#[108]">&gt;&gt;</a>&nbsp;&nbsp;&nbsp;hal_adc_value_cal
<LI><a href="#[30]">&gt;&gt;</a>&nbsp;&nbsp;&nbsp;command_center_ProcessEvent
<LI><a href="#[22]">&gt;&gt;</a>&nbsp;&nbsp;&nbsp;lightning1Process
<LI><a href="#[12]">&gt;&gt;</a>&nbsp;&nbsp;&nbsp;customizeGrdualCbfunc
<LI><a href="#[14b]">&gt;&gt;</a>&nbsp;&nbsp;&nbsp;hsb2Rgb
<LI><a href="#[105]">&gt;&gt;</a>&nbsp;&nbsp;&nbsp;getChargingCurrentByVolt
<LI><a href="#[104]">&gt;&gt;</a>&nbsp;&nbsp;&nbsp;battVoltCompensation
</UL>

<P><STRONG><a name="[246]"></a>__aeabi_cfcmpeq</STRONG> (Thumb, 0 bytes, Stack size 0 bytes, cfcmple.o(.text), UNUSED)

<P><STRONG><a name="[121]"></a>__aeabi_cfcmple</STRONG> (Thumb, 20 bytes, Stack size 0 bytes, cfcmple.o(.text))
<BR><BR>[Called By]<UL><LI><a href="#[11f]">&gt;&gt;</a>&nbsp;&nbsp;&nbsp;chkLightEffectModeVoltCompensation
</UL>

<P><STRONG><a name="[120]"></a>__aeabi_cfrcmple</STRONG> (Thumb, 20 bytes, Stack size 0 bytes, cfrcmple.o(.text))
<BR><BR>[Called By]<UL><LI><a href="#[217]">&gt;&gt;</a>&nbsp;&nbsp;&nbsp;temp_cal
<LI><a href="#[11f]">&gt;&gt;</a>&nbsp;&nbsp;&nbsp;chkLightEffectModeVoltCompensation
</UL>

<P><STRONG><a name="[62]"></a>__aeabi_uldivmod</STRONG> (Thumb, 96 bytes, Stack size 48 bytes, uldiv.o(.text), UNUSED)
<BR><BR>[Calls]<UL><LI><a href="#[60]">&gt;&gt;</a>&nbsp;&nbsp;&nbsp;__aeabi_llsr
<LI><a href="#[53]">&gt;&gt;</a>&nbsp;&nbsp;&nbsp;__aeabi_llsl
</UL>
<BR>[Called By]<UL><LI><a href="#[f8]">&gt;&gt;</a>&nbsp;&nbsp;&nbsp;_printf_core
</UL>

<P><STRONG><a name="[53]"></a>__aeabi_llsl</STRONG> (Thumb, 32 bytes, Stack size 8 bytes, llshl.o(.text))
<BR><BR>[Stack]<UL><LI>Max Depth = 8<LI>Call Chain = __aeabi_llsl
</UL>
<BR>[Called By]<UL><LI><a href="#[52]">&gt;&gt;</a>&nbsp;&nbsp;&nbsp;__aeabi_dadd
<LI><a href="#[55]">&gt;&gt;</a>&nbsp;&nbsp;&nbsp;_double_epilogue
<LI><a href="#[62]">&gt;&gt;</a>&nbsp;&nbsp;&nbsp;__aeabi_uldivmod
</UL>

<P><STRONG><a name="[247]"></a>_ll_shift_l</STRONG> (Thumb, 0 bytes, Stack size 8 bytes, llshl.o(.text), UNUSED)

<P><STRONG><a name="[60]"></a>__aeabi_llsr</STRONG> (Thumb, 34 bytes, Stack size 8 bytes, llushr.o(.text))
<BR><BR>[Stack]<UL><LI>Max Depth = 8<LI>Call Chain = __aeabi_llsr
</UL>
<BR>[Called By]<UL><LI><a href="#[5f]">&gt;&gt;</a>&nbsp;&nbsp;&nbsp;__aeabi_d2uiz
<LI><a href="#[55]">&gt;&gt;</a>&nbsp;&nbsp;&nbsp;_double_epilogue
<LI><a href="#[62]">&gt;&gt;</a>&nbsp;&nbsp;&nbsp;__aeabi_uldivmod
</UL>

<P><STRONG><a name="[248]"></a>_ll_ushift_r</STRONG> (Thumb, 0 bytes, Stack size 8 bytes, llushr.o(.text), UNUSED)

<P><STRONG><a name="[54]"></a>__aeabi_lasr</STRONG> (Thumb, 38 bytes, Stack size 8 bytes, llsshr.o(.text))
<BR><BR>[Stack]<UL><LI>Max Depth = 8<LI>Call Chain = __aeabi_lasr
</UL>
<BR>[Called By]<UL><LI><a href="#[52]">&gt;&gt;</a>&nbsp;&nbsp;&nbsp;__aeabi_dadd
</UL>

<P><STRONG><a name="[249]"></a>_ll_sshift_r</STRONG> (Thumb, 0 bytes, Stack size 8 bytes, llsshr.o(.text), UNUSED)

<P><STRONG><a name="[24a]"></a>__I$use$fp</STRONG> (Thumb, 0 bytes, Stack size 0 bytes, iusefp.o(.text), UNUSED)

<P><STRONG><a name="[4e]"></a>_float_round</STRONG> (Thumb, 16 bytes, Stack size 0 bytes, fepilogue.o(.text))
<BR><BR>[Called By]<UL><LI><a href="#[4c]">&gt;&gt;</a>&nbsp;&nbsp;&nbsp;__aeabi_fadd
<LI><a href="#[51]">&gt;&gt;</a>&nbsp;&nbsp;&nbsp;__aeabi_fdiv
<LI><a href="#[61]">&gt;&gt;</a>&nbsp;&nbsp;&nbsp;__aeabi_d2f
</UL>

<P><STRONG><a name="[4d]"></a>_float_epilogue</STRONG> (Thumb, 114 bytes, Stack size 12 bytes, fepilogue.o(.text))
<BR><BR>[Stack]<UL><LI>Max Depth = 12<LI>Call Chain = _float_epilogue
</UL>
<BR>[Called By]<UL><LI><a href="#[4c]">&gt;&gt;</a>&nbsp;&nbsp;&nbsp;__aeabi_fadd
<LI><a href="#[5b]">&gt;&gt;</a>&nbsp;&nbsp;&nbsp;__aeabi_i2f
<LI><a href="#[5c]">&gt;&gt;</a>&nbsp;&nbsp;&nbsp;__aeabi_ui2f
</UL>

<P><STRONG><a name="[56]"></a>_double_round</STRONG> (Thumb, 26 bytes, Stack size 8 bytes, depilogue.o(.text))
<BR><BR>[Stack]<UL><LI>Max Depth = 8<LI>Call Chain = _double_round
</UL>
<BR>[Called By]<UL><LI><a href="#[5a]">&gt;&gt;</a>&nbsp;&nbsp;&nbsp;__aeabi_ddiv
<LI><a href="#[52]">&gt;&gt;</a>&nbsp;&nbsp;&nbsp;__aeabi_dadd
<LI><a href="#[55]">&gt;&gt;</a>&nbsp;&nbsp;&nbsp;_double_epilogue
</UL>

<P><STRONG><a name="[55]"></a>_double_epilogue</STRONG> (Thumb, 164 bytes, Stack size 48 bytes, depilogue.o(.text))
<BR><BR>[Stack]<UL><LI>Max Depth = 56<LI>Call Chain = _double_epilogue &rArr; _double_round
</UL>
<BR>[Calls]<UL><LI><a href="#[56]">&gt;&gt;</a>&nbsp;&nbsp;&nbsp;_double_round
<LI><a href="#[63]">&gt;&gt;</a>&nbsp;&nbsp;&nbsp;__ARM_clz
<LI><a href="#[60]">&gt;&gt;</a>&nbsp;&nbsp;&nbsp;__aeabi_llsr
<LI><a href="#[53]">&gt;&gt;</a>&nbsp;&nbsp;&nbsp;__aeabi_llsl
</UL>
<BR>[Called By]<UL><LI><a href="#[5e]">&gt;&gt;</a>&nbsp;&nbsp;&nbsp;__aeabi_ui2d
<LI><a href="#[59]">&gt;&gt;</a>&nbsp;&nbsp;&nbsp;__aeabi_dmul
<LI><a href="#[52]">&gt;&gt;</a>&nbsp;&nbsp;&nbsp;__aeabi_dadd
<LI><a href="#[5d]">&gt;&gt;</a>&nbsp;&nbsp;&nbsp;__aeabi_i2d
</UL>

<P><STRONG><a name="[47]"></a>__scatterload</STRONG> (Thumb, 28 bytes, Stack size 0 bytes, init.o(.text))
<BR><BR>[Calls]<UL><LI><a href="#[64]">&gt;&gt;</a>&nbsp;&nbsp;&nbsp;__main_after_scatterload
</UL>
<BR>[Called By]<UL><LI><a href="#[46]">&gt;&gt;</a>&nbsp;&nbsp;&nbsp;_main_scatterload
</UL>

<P><STRONG><a name="[24b]"></a>__scatterload_rt2</STRONG> (Thumb, 0 bytes, Stack size 0 bytes, init.o(.text), UNUSED)

[...]
<BR><BR>[Stack]<UL><LI>Max Depth = 8<LI>Call Chain = gattServApp_FindAuthorizeAttrCB
</UL>
<BR>[Calls]<UL><LI><a href="#[d8]">&gt;&gt;</a>&nbsp;&nbsp;&nbsp;gattServApp_FindServiceCBs
</UL>
<BR>[Called By]<UL><LI><a href="#[164]">&gt;&gt;</a>&nbsp;&nbsp;&nbsp;gattServApp_ProcessWriteReq
<LI><a href="#[165]">&gt;&gt;</a>&nbsp;&nbsp;&nbsp;gattServApp_ProcessPrepareWriteReq
<LI><a href="#[d3]">&gt;&gt;</a>&nbsp;&nbsp;&nbsp;GATTServApp_ReadAttr
</UL>

<P><STRONG><a name="[cc]"></a>gattServApp_FindCharCfgItem</STRONG> (Thumb, 28 bytes, Stack size 0 bytes, gattservapp.o(i.gattServApp_FindCharCfgItem))
<BR><BR>[Called By]<UL><LI><a href="#[cf]">&gt;&gt;</a>&nbsp;&nbsp;&nbsp;GATTServApp_WriteCharCfg
<LI><a href="#[ce]">&gt;&gt;</a>&nbsp;&nbsp;&nbsp;GATTServApp_ReadCharCfg
<LI><a href="#[66]">&gt;&gt;</a>&nbsp;&nbsp;&nbsp;GATTServApp_InitCharCfg
</UL>

<P><STRONG><a name="[156]"></a>gattServApp_FindPrepareWriteQ</STRONG> (Thumb, 30 bytes, Stack size 0 bytes, gattservapp.o(i.gattServApp_FindPrepareWriteQ))
<BR><BR>[Called By]<UL><LI><a href="#[165]">&gt;&gt;</a>&nbsp;&nbsp;&nbsp;gattServApp_ProcessPrepareWriteReq
<LI><a href="#[157]">&gt;&gt;</a>&nbsp;&nbsp;&nbsp;gattServApp_ProcessExecuteWriteReq
<LI><a href="#[b]">&gt;&gt;</a>&nbsp;&nbsp;&nbsp;gattServApp_HandleConnStatusCB
</UL>

<P><STRONG><a name="[d8]"></a>gattServApp_FindServiceCBs</STRONG> (Thumb, 26 bytes, Stack size 0 bytes, gattservapp.o(i.gattServApp_FindServiceCBs))
<BR><BR>[Called By]<UL><LI><a href="#[e2]">&gt;&gt;</a>&nbsp;&nbsp;&nbsp;GATTServApp_WriteAttr
<LI><a href="#[d7]">&gt;&gt;</a>&nbsp;&nbsp;&nbsp;gattServApp_FindAuthorizeAttrCB
<LI><a href="#[d3]">&gt;&gt;</a>&nbsp;&nbsp;&nbsp;GATTServApp_ReadAttr
</UL>

<P><STRONG><a name="[b]"></a>gattServApp_HandleConnStatusCB</STRONG> (Thumb, 88 bytes, Stack size 24 bytes, gattservapp.o(i.gattServApp_HandleConnStatusCB))
<BR><BR>[Stack]<UL><LI>Max Depth = 40<LI>Call Chain = gattServApp_HandleConnStatusCB &rArr; GATTServApp_InitCharCfg
</UL>
<BR>[Calls]<UL><LI><a href="#[a3]">&gt;&gt;</a>&nbsp;&nbsp;&nbsp;osal_memset (via Veneer)
<LI><a href="#[156]">&gt;&gt;</a>&nbsp;&nbsp;&nbsp;gattServApp_FindPrepareWriteQ
<LI><a href="#[155]">&gt;&gt;</a>&nbsp;&nbsp;&nbsp;linkDB_State (via Veneer)
<LI><a href="#[66]">&gt;&gt;</a>&nbsp;&nbsp;&nbsp;GATTServApp_InitCharCfg
</UL>
<BR>[Address Reference Count : 1]<UL><LI> gattservapp.o(i.GATTServApp_Init)
</UL>
<P><STRONG><a name="[157]"></a>gattServApp_ProcessExecuteWriteReq</STRONG> (Thumb, 132 bytes, Stack size 40 bytes, gattservapp.o(i.gattServApp_ProcessExecuteWriteReq))
<BR><BR>[Stack]<UL><LI>Max Depth = 88<LI>Call Chain = gattServApp_ProcessExecuteWriteReq &rArr; GATTServApp_WriteAttr
</UL>
<BR>[Calls]<UL><LI><a href="#[a3]">&gt;&gt;</a>&nbsp;&nbsp;&nbsp;osal_memset (via Veneer)
<LI><a href="#[e2]">&gt;&gt;</a>&nbsp;&nbsp;&nbsp;GATTServApp_WriteAttr
<LI><a href="#[156]">&gt;&gt;</a>&nbsp;&nbsp;&nbsp;gattServApp_FindPrepareWriteQ
<LI><a href="#[158]">&gt;&gt;</a>&nbsp;&nbsp;&nbsp;ATT_ExecuteWriteRsp (via Veneer)
</UL>
<BR>[Called By]<UL><LI><a href="#[d6]">&gt;&gt;</a>&nbsp;&nbsp;&nbsp;gattServApp_ProcessMsg
</UL>

<P><STRONG><a name="[159]"></a>gattServApp_ProcessFindByTypeValueReq</STRONG> (Thumb, 224 bytes, Stack size 48 bytes, gattservapp.o(i.gattServApp_ProcessFindByTypeValueReq))
<BR><BR>[Stack]<UL><LI>Max Depth = 104<LI>Call Chain = gattServApp_ProcessFindByTypeValueReq &rArr; GATTServApp_ReadAttr &rArr; gattServApp_FindAuthorizeAttrCB
</UL>
<BR>[Calls]<UL><LI><a href="#[a3]">&gt;&gt;</a>&nbsp;&nbsp;&nbsp;osal_memset (via Veneer)
<LI><a href="#[ad]">&gt;&gt;</a>&nbsp;&nbsp;&nbsp;osal_memcmp (via Veneer)
<LI><a href="#[da]">&gt;&gt;</a>&nbsp;&nbsp;&nbsp;GATT_FindNextAttr (via Veneer)
<LI><a href="#[15a]">&gt;&gt;</a>&nbsp;&nbsp;&nbsp;GATT_FindHandleUUID (via Veneer)
<LI><a href="#[d3]">&gt;&gt;</a>&nbsp;&nbsp;&nbsp;GATTServApp_ReadAttr
<LI><a href="#[15b]">&gt;&gt;</a>&nbsp;&nbsp;&nbsp;ATT_FindByTypeValueRsp (via Veneer)
</UL>
<BR>[Called By]<UL><LI><a href="#[d6]">&gt;&gt;</a>&nbsp;&nbsp;&nbsp;gattServApp_ProcessMsg
</UL>

<P><STRONG><a name="[d6]"></a>gattServApp_ProcessMsg</STRONG> (Thumb, 338 bytes, Stack size 40 bytes, gattservapp.o(i.gattServApp_ProcessMsg))
<BR><BR>[Stack]<UL><LI>Max Depth = 152<LI>Call Chain = gattServApp_ProcessMsg &rArr; gattServApp_ProcessReadByGrpTypeReq &rArr; GATTServApp_ReadAttr &rArr; gattServApp_FindAuthorizeAttrCB
</UL>
<BR>[Calls]<UL><LI><a href="#[15c]">&gt;&gt;</a>&nbsp;&nbsp;&nbsp;ATT_ExchangeMTURsp (via Veneer)
<LI><a href="#[160]">&gt;&gt;</a>&nbsp;&nbsp;&nbsp;ATT_ErrorRsp (via Veneer)
<LI><a href="#[164]">&gt;&gt;</a>&nbsp;&nbsp;&nbsp;gattServApp_ProcessWriteReq
<LI><a href="#[162]">&gt;&gt;</a>&nbsp;&nbsp;&nbsp;gattServApp_ProcessReadMultiReq
<LI><a href="#[15d]">&gt;&gt;</a>&nbsp;&nbsp;&nbsp;gattServApp_ProcessReadByTypeReq
<LI><a href="#[163]">&gt;&gt;</a>&nbsp;&nbsp;&nbsp;gattServApp_ProcessReadByGrpTypeReq
<LI><a href="#[165]">&gt;&gt;</a>&nbsp;&nbsp;&nbsp;gattServApp_ProcessPrepareWriteReq
<LI><a href="#[159]">&gt;&gt;</a>&nbsp;&nbsp;&nbsp;gattServApp_ProcessFindByTypeValueReq
<LI><a href="#[157]">&gt;&gt;</a>&nbsp;&nbsp;&nbsp;gattServApp_ProcessExecuteWriteReq
<LI><a href="#[d3]">&gt;&gt;</a>&nbsp;&nbsp;&nbsp;GATTServApp_ReadAttr
<LI><a href="#[d9]">&gt;&gt;</a>&nbsp;&nbsp;&nbsp;GATT_FindHandle (via Veneer)
<LI><a href="#[161]">&gt;&gt;</a>&nbsp;&nbsp;&nbsp;GATT_AppCompletedMsg (via Veneer)
<LI><a href="#[15e]">&gt;&gt;</a>&nbsp;&nbsp;&nbsp;ATT_ReadRsp (via Veneer)
<LI><a href="#[15f]">&gt;&gt;</a>&nbsp;&nbsp;&nbsp;ATT_ReadBlobRsp (via Veneer)
</UL>
<BR>[Called By]<UL><LI><a href="#[2c]">&gt;&gt;</a>&nbsp;&nbsp;&nbsp;GATTServApp_ProcessEvent
</UL>

<P><STRONG><a name="[165]"></a>gattServApp_ProcessPrepareWriteReq</STRONG> (Thumb, 156 bytes, Stack size 24 bytes, gattservapp.o(i.gattServApp_ProcessPrepareWriteReq))
<BR><BR>[Stack]<UL><LI>Max Depth = 32<LI>Call Chain = gattServApp_ProcessPrepareWriteReq &rArr; gattServApp_FindAuthorizeAttrCB
</UL>
<BR>[Calls]<UL><LI><a href="#[ac]">&gt;&gt;</a>&nbsp;&nbsp;&nbsp;osal_memcpy (via Veneer)
<LI><a href="#[156]">&gt;&gt;</a>&nbsp;&nbsp;&nbsp;gattServApp_FindPrepareWriteQ
<LI><a href="#[d7]">&gt;&gt;</a>&nbsp;&nbsp;&nbsp;gattServApp_FindAuthorizeAttrCB
<LI><a href="#[d9]">&gt;&gt;</a>&nbsp;&nbsp;&nbsp;GATT_FindHandle (via Veneer)
<LI><a href="#[166]">&gt;&gt;</a>&nbsp;&nbsp;&nbsp;ATT_PrepareWriteRsp (via Veneer)
</UL>
<BR>[Called By]<UL><LI><a href="#[d6]">&gt;&gt;</a>&nbsp;&nbsp;&nbsp;gattServApp_ProcessMsg
</UL>

<P><STRONG><a name="[163]"></a>gattServApp_ProcessReadByGrpTypeReq</STRONG> (Thumb, 300 bytes, Stack size 56 bytes, gattservapp.o(i.gattServApp_ProcessReadByGrpTypeReq))
<BR><BR>[Stack]<UL><LI>Max Depth = 112<LI>Call Chain = gattServApp_ProcessReadByGrpTypeReq &rArr; GATTServApp_ReadAttr &rArr; gattServApp_FindAuthorizeAttrCB
</UL>
<BR>[Calls]<UL><LI><a href="#[ac]">&gt;&gt;</a>&nbsp;&nbsp;&nbsp;osal_memcpy (via Veneer)
<LI><a href="#[6a]">&gt;&gt;</a>&nbsp;&nbsp;&nbsp;__aeabi_uidivmod (via Veneer)
<LI><a href="#[da]">&gt;&gt;</a>&nbsp;&nbsp;&nbsp;GATT_FindNextAttr (via Veneer)
<LI><a href="#[15a]">&gt;&gt;</a>&nbsp;&nbsp;&nbsp;GATT_FindHandleUUID (via Veneer)
<LI><a href="#[d3]">&gt;&gt;</a>&nbsp;&nbsp;&nbsp;GATTServApp_ReadAttr
<LI><a href="#[167]">&gt;&gt;</a>&nbsp;&nbsp;&nbsp;GATT_VerifyReadPermissions (via Veneer)
<LI><a href="#[168]">&gt;&gt;</a>&nbsp;&nbsp;&nbsp;ATT_ReadByGrpTypeRsp (via Veneer)
</UL>
<BR>[Called By]<UL><LI><a href="#[d6]">&gt;&gt;</a>&nbsp;&nbsp;&nbsp;gattServApp_ProcessMsg
</UL>

<P><STRONG><a name="[15d]"></a>gattServApp_ProcessReadByTypeReq</STRONG> (Thumb, 262 bytes, Stack size 48 bytes, gattservapp.o(i.gattServApp_ProcessReadByTypeReq))
<BR><BR>[Stack]<UL><LI>Max Depth = 104<LI>Call Chain = gattServApp_ProcessReadByTypeReq &rArr; GATTServApp_ReadAttr &rArr; gattServApp_FindAuthorizeAttrCB
</UL>
<BR>[Calls]<UL><LI><a href="#[ac]">&gt;&gt;</a>&nbsp;&nbsp;&nbsp;osal_memcpy (via Veneer)
<LI><a href="#[6a]">&gt;&gt;</a>&nbsp;&nbsp;&nbsp;__aeabi_uidivmod (via Veneer)
<LI><a href="#[15a]">&gt;&gt;</a>&nbsp;&nbsp;&nbsp;GATT_FindHandleUUID (via Veneer)
<LI><a href="#[d3]">&gt;&gt;</a>&nbsp;&nbsp;&nbsp;GATTServApp_ReadAttr
<LI><a href="#[167]">&gt;&gt;</a>&nbsp;&nbsp;&nbsp;GATT_VerifyReadPermissions (via Veneer)
<LI><a href="#[169]">&gt;&gt;</a>&nbsp;&nbsp;&nbsp;ATT_ReadByTypeRsp (via Veneer)
</UL>
<BR>[Called By]<UL><LI><a href="#[d6]">&gt;&gt;</a>&nbsp;&nbsp;&nbsp;gattServApp_ProcessMsg
</UL>

<P><STRONG><a name="[162]"></a>gattServApp_ProcessReadMultiReq</STRONG> (Thumb, 186 bytes, Stack size 48 bytes, gattservapp.o(i.gattServApp_ProcessReadMultiReq))
<BR><BR>[Stack]<UL><LI>Max Depth = 104<LI>Call Chain = gattServApp_ProcessReadMultiReq &rArr; GATTServApp_ReadAttr &rArr; gattServApp_FindAuthorizeAttrCB
</UL>
<BR>[Calls]<UL><LI><a href="#[ac]">&gt;&gt;</a>&nbsp;&nbsp;&nbsp;osal_memcpy (via Veneer)
<LI><a href="#[d3]">&gt;&gt;</a>&nbsp;&nbsp;&nbsp;GATTServApp_ReadAttr
<LI><a href="#[d9]">&gt;&gt;</a>&nbsp;&nbsp;&nbsp;GATT_FindHandle (via Veneer)
<LI><a href="#[16a]">&gt;&gt;</a>&nbsp;&nbsp;&nbsp;ATT_ReadMultiRsp (via Veneer)
</UL>
<BR>[Called By]<UL><LI><a href="#[d6]">&gt;&gt;</a>&nbsp;&nbsp;&nbsp;gattServApp_ProcessMsg
</UL>

<P><STRONG><a name="[164]"></a>gattServApp_ProcessWriteReq</STRONG> (Thumb, 122 bytes, Stack size 40 bytes, gattservapp.o(i.gattServApp_ProcessWriteReq))
<BR><BR>[Stack]<UL><LI>Max Depth = 88<LI>Call Chain = gattServApp_ProcessWriteReq &rArr; GATTServApp_WriteAttr
</UL>
<BR>[Calls]<UL><LI><a href="#[e2]">&gt;&gt;</a>&nbsp;&nbsp;&nbsp;GATTServApp_WriteAttr
<LI><a href="#[d7]">&gt;&gt;</a>&nbsp;&nbsp;&nbsp;gattServApp_FindAuthorizeAttrCB
<LI><a href="#[d9]">&gt;&gt;</a>&nbsp;&nbsp;&nbsp;GATT_FindHandle (via Veneer)
<LI><a href="#[16b]">&gt;&gt;</a>&nbsp;&nbsp;&nbsp;ATT_WriteRsp (via Veneer)
</UL>
<BR>[Called By]<UL><LI><a href="#[d6]">&gt;&gt;</a>&nbsp;&nbsp;&nbsp;gattServApp_ProcessMsg
</UL>

<P><STRONG><a name="[c9]"></a>gattServApp_SetNumPrepareWrites</STRONG> (Thumb, 112 bytes, Stack size 24 bytes, gattservapp.o(i.gattServApp_SetNumPrepareWrites))
<BR><BR>[Stack]<UL><LI>Max Depth = 24<LI>Call Chain = gattServApp_SetNumPrepareWrites
</UL>
<BR>[Calls]<UL><LI><a href="#[a3]">&gt;&gt;</a>&nbsp;&nbsp;&nbsp;osal_memset (via Veneer)
</UL>
<BR>[Called By]<UL><LI><a href="#[c8]">&gt;&gt;</a>&nbsp;&nbsp;&nbsp;GATTServApp_Init
</UL>

<P><STRONG><a name="[1ae]"></a>__NVIC_SystemReset</STRONG> (Thumb, 18 bytes, Stack size 0 bytes, ota_app_service.o(i.__NVIC_SystemReset))
<BR><BR>[Called By]<UL><LI><a href="#[1e4]">&gt;&gt;</a>&nbsp;&nbsp;&nbsp;process_cmd
<LI><a href="#[1f]">&gt;&gt;</a>&nbsp;&nbsp;&nbsp;handleConnStatusCB
</UL>

<P><STRONG><a name="[1f]"></a>handleConnStatusCB</STRONG> (Thumb, 70 bytes, Stack size 16 bytes, ota_app_service.o(i.handleConnStatusCB))
<BR><BR>[Stack]<UL><LI>Max Depth = 176<LI>Call Chain = handleConnStatusCB &rArr; phy_printf &rArr; print &rArr; printi &rArr; prints
</UL>
<BR>[Calls]<UL><LI><a href="#[107]">&gt;&gt;</a>&nbsp;&nbsp;&nbsp;phy_printf
<LI><a href="#[155]">&gt;&gt;</a>&nbsp;&nbsp;&nbsp;linkDB_State (via Veneer)
<LI><a href="#[66]">&gt;&gt;</a>&nbsp;&nbsp;&nbsp;GATTServApp_InitCharCfg
<LI><a href="#[1ae]">&gt;&gt;</a>&nbsp;&nbsp;&nbsp;__NVIC_SystemReset
</UL>
<BR>[Address Reference Count : 1]<UL><LI> ota_app_service.o(i.ota_app_AddService)
</UL>
<P><STRONG><a name="[38]"></a>ota_ReadAttrCB</STRONG> (Thumb, 26 bytes, Stack size 16 bytes, ota_app_service.o(i.ota_ReadAttrCB))
<BR><BR>[Stack]<UL><LI>Max Depth = 176<LI>Call Chain = ota_ReadAttrCB &rArr; phy_printf &rArr; print &rArr; printi &rArr; prints
</UL>
<BR>[Calls]<UL><LI><a href="#[107]">&gt;&gt;</a>&nbsp;&nbsp;&nbsp;phy_printf
</UL>
<BR>[Address Reference Count : 1]<UL><LI> ota_app_service.o(.constdata)
</UL>
<P><STRONG><a name="[39]"></a>ota_WriteAttrCB</STRONG> (Thumb, 132 bytes, Stack size 32 bytes, ota_app_service.o(i.ota_WriteAttrCB))
<BR><BR>[Stack]<UL><LI>Max Depth = 360<LI>Call Chain = ota_WriteAttrCB &rArr; process_cmd &rArr; response &rArr; GAPRole_GetParameter
</UL>
<BR>[Calls]<UL><LI><a href="#[107]">&gt;&gt;</a>&nbsp;&nbsp;&nbsp;phy_printf
<LI><a href="#[cd]">&gt;&gt;</a>&nbsp;&nbsp;&nbsp;GATTServApp_ProcessCCCWriteReq
<LI><a href="#[1e4]">&gt;&gt;</a>&nbsp;&nbsp;&nbsp;process_cmd
</UL>
<BR>[Address Reference Count : 1]<UL><LI> ota_app_service.o(.constdata)
</UL>
<P><STRONG><a name="[1e4]"></a>process_cmd</STRONG> (Thumb, 190 bytes, Stack size 48 bytes, ota_app_service.o(i.process_cmd))
<BR><BR>[Stack]<UL><LI>Max Depth = 328<LI>Call Chain = process_cmd &rArr; response &rArr; GAPRole_GetParameter
</UL>
<BR>[Calls]<UL><LI><a href="#[81]">&gt;&gt;</a>&nbsp;&nbsp;&nbsp;GAPRole_GetParameter
<LI><a href="#[a3]">&gt;&gt;</a>&nbsp;&nbsp;&nbsp;osal_memset (via Veneer)
<LI><a href="#[1e8]">&gt;&gt;</a>&nbsp;&nbsp;&nbsp;strlen (via Veneer)
<LI><a href="#[1ec]">&gt;&gt;</a>&nbsp;&nbsp;&nbsp;response
<LI><a href="#[1ae]">&gt;&gt;</a>&nbsp;&nbsp;&nbsp;__NVIC_SystemReset
<LI><a href="#[1ed]">&gt;&gt;</a>&nbsp;&nbsp;&nbsp;__2sprintf
</UL>
<BR>[Called By]<UL><LI><a href="#[39]">&gt;&gt;</a>&nbsp;&nbsp;&nbsp;ota_WriteAttrCB
</UL>

<P><STRONG><a name="[1ec]"></a>response</STRONG> (Thumb, 94 bytes, Stack size 264 bytes, ota_app_service.o(i.response))
<BR><BR>[Stack]<UL><LI>Max Depth = 280<LI>Call Chain = response &rArr; GAPRole_GetParameter
</UL>
<BR>[Calls]<UL><LI><a href="#[ac]">&gt;&gt;</a>&nbsp;&nbsp;&nbsp;osal_memcpy (via Veneer)
<LI><a href="#[81]">&gt;&gt;</a>&nbsp;&nbsp;&nbsp;GAPRole_GetParameter
<LI><a href="#[a3]">&gt;&gt;</a>&nbsp;&nbsp;&nbsp;osal_memset (via Veneer)
<LI><a href="#[d4]">&gt;&gt;</a>&nbsp;&nbsp;&nbsp;GATT_Notification (via Veneer)
<LI><a href="#[ce]">&gt;&gt;</a>&nbsp;&nbsp;&nbsp;GATTServApp_ReadCharCfg
</UL>
<BR>[Called By]<UL><LI><a href="#[1e4]">&gt;&gt;</a>&nbsp;&nbsp;&nbsp;process_cmd
</UL>

<P><STRONG><a name="[c]"></a>simpleProfile_HandleConnStatusCB</STRONG> (Thumb, 40 bytes, Stack size 8 bytes, simplegattprofile.o(i.simpleProfile_HandleConnStatusCB))
<BR><BR>[Stack]<UL><LI>Max Depth = 24<LI>Call Chain = simpleProfile_HandleConnStatusCB &rArr; GATTServApp_InitCharCfg
</UL>
<BR>[Calls]<UL><LI><a href="#[155]">&gt;&gt;</a>&nbsp;&nbsp;&nbsp;linkDB_State (via Veneer)
<LI><a href="#[66]">&gt;&gt;</a>&nbsp;&nbsp;&nbsp;GATTServApp_InitCharCfg
</UL>
<BR>[Address Reference Count : 1]<UL><LI> simplegattprofile.o(i.SimpleProfile_AddService)
</UL>
<P><STRONG><a name="[3a]"></a>simpleProfile_ReadAttrCB</STRONG> (Thumb, 250 bytes, Stack size 32 bytes, simplegattprofile.o(i.simpleProfile_ReadAttrCB))
<BR><BR>[Stack]<UL><LI>Max Depth = 32<LI>Call Chain = simpleProfile_ReadAttrCB
</UL>
<BR>[Calls]<UL><LI><a href="#[10f]">&gt;&gt;</a>&nbsp;&nbsp;&nbsp;__aeabi_f2uiz
<LI><a href="#[ac]">&gt;&gt;</a>&nbsp;&nbsp;&nbsp;osal_memcpy (via Veneer)
<LI><a href="#[98]">&gt;&gt;</a>&nbsp;&nbsp;&nbsp;temp_get_value
<LI><a href="#[6d]">&gt;&gt;</a>&nbsp;&nbsp;&nbsp;__ARM_common_switch8 (via Veneer)
</UL>
<BR>[Address Reference Count : 1]<UL><LI> simplegattprofile.o(.constdata)
</UL>
<P><STRONG><a name="[3b]"></a>simpleProfile_WriteAttrCB</STRONG> (Thumb, 216 bytes, Stack size 32 bytes, simplegattprofile.o(i.simpleProfile_WriteAttrCB))
<BR><BR>[Stack]<UL><LI>Max Depth = 80<LI>Call Chain = simpleProfile_WriteAttrCB &rArr; GATTServApp_ProcessCCCWriteReq &rArr; GATTServApp_SendCCCUpdatedEvent
</UL>
<BR>[Calls]<UL><LI><a href="#[83]">&gt;&gt;</a>&nbsp;&nbsp;&nbsp;osal_stop_timerEx (via Veneer)
<LI><a href="#[ac]">&gt;&gt;</a>&nbsp;&nbsp;&nbsp;osal_memcpy (via Veneer)
<LI><a href="#[71]">&gt;&gt;</a>&nbsp;&nbsp;&nbsp;osal_start_timerEx (via Veneer)
<LI><a href="#[cd]">&gt;&gt;</a>&nbsp;&nbsp;&nbsp;GATTServApp_ProcessCCCWriteReq
</UL>
<BR>[Address Reference Count : 1]<UL><LI> simplegattprofile.o(.constdata)
</UL>
<P><STRONG><a name="[19f]"></a>__NVIC_SetPriority</STRONG> (Thumb, 60 bytes, Stack size 0 bytes, main.o(i.__NVIC_SetPriority))
<BR><BR>[Called By]<UL><LI><a href="#[17]">&gt;&gt;</a>&nbsp;&nbsp;&nbsp;rf_wakeup_handler
<LI><a href="#[19d]">&gt;&gt;</a>&nbsp;&nbsp;&nbsp;hal_rfphy_init
</UL>

<P><STRONG><a name="[19d]"></a>hal_rfphy_init</STRONG> (Thumb, 92 bytes, Stack size 8 bytes, main.o(i.hal_rfphy_init))
<BR><BR>[Stack]<UL><LI>Max Depth = 184<LI>Call Chain = hal_rfphy_init &rArr; hal_rom_code_ini &rArr; rf_calibrate1 &rArr; rc32k_calibration_check &rArr; rc32k_tracking_check &rArr; WaitRTCCount
</UL>
<BR>[Calls]<UL><LI><a href="#[111]">&gt;&gt;</a>&nbsp;&nbsp;&nbsp;hal_gpio_pull_set
<LI><a href="#[129]">&gt;&gt;</a>&nbsp;&nbsp;&nbsp;hal_pwrmgr_register
<LI><a href="#[17f]">&gt;&gt;</a>&nbsp;&nbsp;&nbsp;subWriteReg
<LI><a href="#[19e]">&gt;&gt;</a>&nbsp;&nbsp;&nbsp;hal_rom_code_ini
<LI><a href="#[19f]">&gt;&gt;</a>&nbsp;&nbsp;&nbsp;__NVIC_SetPriority
</UL>
<BR>[Called By]<UL><LI><a href="#[8]">&gt;&gt;</a>&nbsp;&nbsp;&nbsp;main
</UL>

<P><STRONG><a name="[17]"></a>rf_wakeup_handler</STRONG> (Thumb, 20 bytes, Stack size 8 bytes, main.o(i.rf_wakeup_handler))
<BR><BR>[Stack]<UL><LI>Max Depth = 8<LI>Call Chain = rf_wakeup_handler
</UL>
<BR>[Calls]<UL><LI><a href="#[19f]">&gt;&gt;</a>&nbsp;&nbsp;&nbsp;__NVIC_SetPriority
</UL>
<BR>[Address Reference Count : 1]<UL><LI> main.o(i.hal_rfphy_init)
</UL>
<P><STRONG><a name="[1e1]"></a>snv_calc_addr</STRONG> (Thumb, 42 bytes, Stack size 0 bytes, osal_snv.o(i.snv_calc_addr))
<BR><BR>[Called By]<UL><LI><a href="#[1e2]">&gt;&gt;</a>&nbsp;&nbsp;&nbsp;osal_snv_write
<LI><a href="#[a2]">&gt;&gt;</a>&nbsp;&nbsp;&nbsp;osal_snv_read
</UL>

<P><STRONG><a name="[1e3]"></a>snvwr</STRONG> (Thumb, 60 bytes, Stack size 24 bytes, osal_snv.o(i.snvwr))
<BR><BR>[Stack]<UL><LI>Max Depth = 48<LI>Call Chain = snvwr &rArr; ProgramWord
</UL>
<BR>[Calls]<UL><LI><a href="#[ed]">&gt;&gt;</a>&nbsp;&nbsp;&nbsp;ProgramWord
</UL>
<BR>[Called By]<UL><LI><a href="#[1e2]">&gt;&gt;</a>&nbsp;&nbsp;&nbsp;osal_snv_write
</UL>

<P><STRONG><a name="[40]"></a>hard_fault</STRONG> (Thumb, 68 bytes, Stack size 0 bytes, jump_table.o(i.hard_fault))
<BR><BR>[Stack]<UL><LI>Max Depth = 160<LI>Call Chain = hard_fault &rArr; phy_printf &rArr; print &rArr; printi &rArr; prints
</UL>
<BR>[Calls]<UL><LI><a href="#[107]">&gt;&gt;</a>&nbsp;&nbsp;&nbsp;phy_printf
</UL>
<BR>[Address Reference Count : 1]<UL><LI> jump_table.o(jump_table_mem_area)
</UL>
<P><STRONG><a name="[1fa]"></a>chip_id_one_bit_hot_convter</STRONG> (Thumb, 108 bytes, Stack size 20 bytes, flash_ext.o(i.chip_id_one_bit_hot_convter))
<BR><BR>[Stack]<UL><LI>Max Depth = 20<LI>Call Chain = chip_id_one_bit_hot_convter
</UL>
<BR>[Called By]<UL><LI><a href="#[11c]">&gt;&gt;</a>&nbsp;&nbsp;&nbsp;read_chip_id
<LI><a href="#[11e]">&gt;&gt;</a>&nbsp;&nbsp;&nbsp;read_chip_mAddr
</UL>

<P><STRONG><a name="[f8]"></a>_printf_core</STRONG> (Thumb, 1020 bytes, Stack size 104 bytes, printf8.o(i._printf_core), UNUSED)
<BR><BR>[Calls]<UL><LI><a href="#[fa]">&gt;&gt;</a>&nbsp;&nbsp;&nbsp;_printf_pre_padding
<LI><a href="#[fb]">&gt;&gt;</a>&nbsp;&nbsp;&nbsp;_printf_post_padding
<LI><a href="#[62]">&gt;&gt;</a>&nbsp;&nbsp;&nbsp;__aeabi_uldivmod
</UL>
<BR>[Called By]<UL><LI><a href="#[f9]">&gt;&gt;</a>&nbsp;&nbsp;&nbsp;__0sprintf$8
<LI><a href="#[f7]">&gt;&gt;</a>&nbsp;&nbsp;&nbsp;__0printf$8
</UL>

<P><STRONG><a name="[fb]"></a>_printf_post_padding</STRONG> (Thumb, 32 bytes, Stack size 24 bytes, printf8.o(i._printf_post_padding), UNUSED)
<BR><BR>[Called By]<UL><LI><a href="#[f8]">&gt;&gt;</a>&nbsp;&nbsp;&nbsp;_printf_core
</UL>

<P><STRONG><a name="[fa]"></a>_printf_pre_padding</STRONG> (Thumb, 44 bytes, Stack size 40 bytes, printf8.o(i._printf_pre_padding), UNUSED)
<BR><BR>[Called By]<UL><LI><a href="#[f8]">&gt;&gt;</a>&nbsp;&nbsp;&nbsp;_printf_core
</UL>

<P><STRONG><a name="[e]"></a>_sputc</STRONG> (Thumb, 10 bytes, Stack size 0 bytes, printf8.o(i._sputc))
<BR><BR>[Called By]<UL><LI><a href="#[f9]">&gt;&gt;</a>&nbsp;&nbsp;&nbsp;__0sprintf$8
</UL>
<BR>[Address Reference Count : 1]<UL><LI> printf8.o(i.__0sprintf$8)
</UL><P>
<H3>
Undefined Global Symbols
</H3><HR></body></html>
