Component: ARM Compiler 5.06 update 6 (build 750) Tool: armlink [4d35ed]

==============================================================================

Section Cross References

    osal_blesmartperipheral.o(i.osalInitTasks) refers to peripheral.o(i.GAPRole_Init) for GAPRole_Init
    osal_blesmartperipheral.o(i.osalInitTasks) refers to gattservapp.o(i.GATTServApp_Init) for GATTServApp_Init
    osal_blesmartperipheral.o(i.osalInitTasks) refers to systems_parameters.o(i.systems_parameters_Init) for systems_parameters_Init
    osal_blesmartperipheral.o(i.osalInitTasks) refers to blesmartperipheral.o(i.bleSmartPeripheral_Init) for bleSmartPeripheral_Init
    osal_blesmartperipheral.o(i.osalInitTasks) refers to protocol_uart.o(i.protocol_uart_Init) for protocol_uart_Init
    osal_blesmartperipheral.o(i.osalInitTasks) refers to light.o(i.light_Init) for light_Init
    osal_blesmartperipheral.o(i.osalInitTasks) refers to command_center.o(i.command_center_Init) for command_center_Init
    osal_blesmartperipheral.o(i.osalInitTasks) refers to user_watchdog.o(i.userWatchDogInit) for userWatchDogInit
    osal_blesmartperipheral.o(i.osalInitTasks) refers to osal_blesmartperipheral.o(.data) for .data
    osal_blesmartperipheral.o(.constdata) refers to peripheral.o(i.GAPRole_ProcessEvent) for GAPRole_ProcessEvent
    osal_blesmartperipheral.o(.constdata) refers to gattservapp.o(i.GATTServApp_ProcessEvent) for GATTServApp_ProcessEvent
    osal_blesmartperipheral.o(.constdata) refers to blesmartperipheral.o(i.bleSmartPeripheral_ProcessEvent) for bleSmartPeripheral_ProcessEvent
    osal_blesmartperipheral.o(.constdata) refers to protocol_uart.o(i.protocol_uart_ProcessEvent) for protocol_uart_ProcessEvent
    osal_blesmartperipheral.o(.constdata) refers to light.o(i.light_ProcessEvent) for light_ProcessEvent
    osal_blesmartperipheral.o(.constdata) refers to command_center.o(i.command_center_ProcessEvent) for command_center_ProcessEvent
    osal_blesmartperipheral.o(.constdata) refers to user_watchdog.o(i.userWatchDogProcessEvent) for userWatchDogProcessEvent
    blesmartperipheral.o(i.GAP_GetConnetInt) refers to systems_parameters.o(i.systems_param_Get_param) for systems_param_Get_param
    blesmartperipheral.o(i.GAP_GetadvInt) refers to systems_parameters.o(i.systems_param_Get_param) for systems_param_Get_param
    blesmartperipheral.o(i.GetgapProfileState) refers to blesmartperipheral.o(.data) for .data
    blesmartperipheral.o(i.bleSmartPeripheral_Init) refers to memseta.o(.text) for __aeabi_memclr4
    blesmartperipheral.o(i.bleSmartPeripheral_Init) refers to systems_parameters.o(i.systems_param_Get_param) for systems_param_Get_param
    blesmartperipheral.o(i.bleSmartPeripheral_Init) refers to peripheral.o(i.GAPRole_SetParameter) for GAPRole_SetParameter
    blesmartperipheral.o(i.bleSmartPeripheral_Init) refers to blesmartperipheral.o(i.GAP_GetadvInt) for GAP_GetadvInt
    blesmartperipheral.o(i.bleSmartPeripheral_Init) refers to blesmartperipheral.o(i.GAP_GetConnetInt) for GAP_GetConnetInt
    blesmartperipheral.o(i.bleSmartPeripheral_Init) refers to gapgattserver.o(i.GGS_SetParameter) for GGS_SetParameter
    blesmartperipheral.o(i.bleSmartPeripheral_Init) refers to gapgattserver.o(i.GGS_AddService) for GGS_AddService
    blesmartperipheral.o(i.bleSmartPeripheral_Init) refers to battservice.o(i.Batt_AddService) for Batt_AddService
    blesmartperipheral.o(i.bleSmartPeripheral_Init) refers to devinfoservice.o(i.DevInfo_AddService) for DevInfo_AddService
    blesmartperipheral.o(i.bleSmartPeripheral_Init) refers to simplegattprofile.o(i.SimpleProfile_AddService) for SimpleProfile_AddService
    blesmartperipheral.o(i.bleSmartPeripheral_Init) refers to simplegattprofile.o(i.SimpleProfile_RegisterAppCBs) for SimpleProfile_RegisterAppCBs
    blesmartperipheral.o(i.bleSmartPeripheral_Init) refers to ota_app_service.o(i.ota_app_AddService) for ota_app_AddService
    blesmartperipheral.o(i.bleSmartPeripheral_Init) refers to keys.o(i.keys_RegisterDebounceCBs) for keys_RegisterDebounceCBs
    blesmartperipheral.o(i.bleSmartPeripheral_Init) refers to blesmartperipheral.o(.data) for .data
    blesmartperipheral.o(i.bleSmartPeripheral_ProcessEvent) refers to peripheral.o(i.GAPRole_StartDevice) for GAPRole_StartDevice
    blesmartperipheral.o(i.bleSmartPeripheral_ProcessEvent) refers to keys.o(i.keys_Debounce_Handle) for keys_Debounce_Handle
    blesmartperipheral.o(i.bleSmartPeripheral_ProcessEvent) refers to blesmartperipheral.o(.data) for .data
    blesmartperipheral.o(i.peripheralStateNotificationCB) refers to peripheral.o(i.GAPRole_GetParameter) for GAPRole_GetParameter
    blesmartperipheral.o(i.peripheralStateNotificationCB) refers to systems_parameters.o(i.systems_param_Set_param) for systems_param_Set_param
    blesmartperipheral.o(i.peripheralStateNotificationCB) refers to memseta.o(.text) for __aeabi_memclr4
[...]
    updateRGBLamp                            0x200009b1   Thumb Code    76  light.o(i.updateRGBLamp)
    updateRgbOnly                            0x20000a11   Thumb Code    74  user_color.o(i.updateRgbOnly)
    updateSceneDisplay                       0x20000a61   Thumb Code    38  display.o(i.updateSceneDisplay)
    updateStrobeDisplay                      0x20000a95   Thumb Code    62  display.o(i.updateStrobeDisplay)
    updateSystemStts                         0x20000af1   Thumb Code     6  command_center.o(i.updateSystemStts)
    usbAbsSubUint16                          0x20000afd   Thumb Code    14  adc.o(i.usbAbsSubUint16)
    userWatchDogInit                         0x20000b0b   Thumb Code     2  user_watchdog.o(i.userWatchDogInit)
    userWatchDogProcessEvent                 0x20000b0d   Thumb Code     8  user_watchdog.o(i.userWatchDogProcessEvent)
    versionDisplay                           0x20000b15   Thumb Code   104  command_center.o(i.versionDisplay)
    writeFlashData                           0x20000ba1   Thumb Code    24  user_flash.o(i.writeFlashData)
    tasksArr                                 0x20000bfc   Data          52  osal_blesmartperipheral.o(.constdata)
    tasksCnt                                 0x20000c30   Data           1  osal_blesmartperipheral.o(.constdata)
    asc16                                    0x20000cf4   Data        1521  display.o(.constdata)
    special16Data                            0x200012e5   Data          65  display.o(.constdata)
    logoIconData                             0x20001326   Data         129  display.o(.constdata)
    logoData                                 0x200013a7   Data         192  display.o(.constdata)
    table_temperature                        0x2000148c   Data         108  light.o(.constdata)
    table_res                                0x200014f8   Data         104  temp.o(.constdata)
    GradualEffect2StyleATimeArray            0x20001560   Data           1  user_lighteffect.o(.constdata)
    Lightning1TimeArray                      0x20001561   Data           1  user_lighteffect.o(.constdata)
    fireTimeArray                            0x20001562   Data           1  user_lighteffect.o(.constdata)
    simulationModeStyleATimerArray           0x20001563   Data           8  user_lighteffect.o(.constdata)
    simulationModeStyleASttsArray            0x2000156b   Data           8  user_lighteffect.o(.constdata)
    saturationArray                          0x20001574   Data         404  user_color.o(.constdata)
    battServUUID                             0x20001724   Data           2  battservice.o(.constdata)
    battPowerUUID                            0x20001726   Data           2  battservice.o(.constdata)
    battPowerCompUUID                        0x20001728   Data           2  battservice.o(.constdata)
    battCBs                                  0x20001734   Data          12  battservice.o(.constdata)
    devInfoServUUID                          0x20001740   Data           2  devinfoservice.o(.constdata)
    devInfoSystemIdUUID                      0x20001742   Data           2  devinfoservice.o(.constdata)
    devInfoModelNumberUUID                   0x20001744   Data           2  devinfoservice.o(.constdata)
    devInfoSerialNumberUUID                  0x20001746   Data           2  devinfoservice.o(.constdata)
    devInfoFirmwareRevUUID                   0x20001748   Data           2  devinfoservice.o(.constdata)
    devInfoHardwareRevUUID                   0x2000174a   Data           2  devinfoservice.o(.constdata)
    devInfoSoftwareRevUUID                   0x2000174c   Data           2  devinfoservice.o(.constdata)
    devInfoMfrNameUUID                       0x2000174e   Data           2  devinfoservice.o(.constdata)
    devInfo11073CertUUID                     0x20001750   Data           2  devinfoservice.o(.constdata)
    devInfoPnpIdUUID                         0x20001752   Data           2  devinfoservice.o(.constdata)
    devInfoCBs                               0x2000175c   Data          12  devinfoservice.o(.constdata)
    gapServiceCBs                            0x20001770   Data          12  gapgattserver.o(.constdata)
    ota_ServiceUUID                          0x20001784   Data          16  ota_app_service.o(.constdata)
    ota_CommandUUID                          0x20001794   Data          16  ota_app_service.o(.constdata)
    ota_ResponseUUID                         0x200017a4   Data          16  ota_app_service.o(.constdata)
    ota_ProfileCBs                           0x200017bc   Data          12  ota_app_service.o(.constdata)
    simpleProfileServUUID                    0x200017c8   Data           2  simplegattprofile.o(.constdata)
    simpleProfilechar1UUID                   0x200017ca   Data           2  simplegattprofile.o(.constdata)
    simpleProfilechar2UUID                   0x200017cc   Data           2  simplegattprofile.o(.constdata)
    simpleProfilechar3UUID                   0x200017ce   Data           2  simplegattprofile.o(.constdata)
    simpleProfilechar4UUID                   0x200017d0   Data           2  simplegattprofile.o(.constdata)
    simpleProfilechar5UUID                   0x200017d2   Data           2  simplegattprofile.o(.constdata)
    simpleProfilechar6UUID                   0x200017d4   Data           2  simplegattprofile.o(.constdata)
    simpleProfileCBs                         0x200017e0   Data          12  simplegattprofile.o(.constdata)
    Region$$Table$$Base                      0x20001814   Number         0  anon$$obj.o(Region$$Table)
    Region$$Table$$Limit                     0x20001864   Number         0  anon$$obj.o(Region$$Table)
    tasksEvents                              0x20001864   Data           4  osal_blesmartperipheral.o(.data)
    bleSmartPeripheral_TaskID                0x20001869   Data           1  blesmartperipheral.o(.data)
    fIsInvalidMacAddr                        0x200018af   Data           1  command_center.o(.data)
    command_center_TaskID                    0x200018b0   Data           1  command_center.o(.data)
    defaultTestTimerConst                    0x200018b2   Data           2  command_center.o(.data)
    vBurnInTestTimer                         0x200018b4   Data           2  command_center.o(.data)
    fullyParams                              0x200018bc   Data           4  command_center.o(.data)
    vAdcErrorTimes                           0x200018c0   Data           1  command_center.o(.data)
    scene                                    0x200018c8   Data          20  display.o(.data)
    light_TaskID                             0x200018dc   Data           1  light.o(.data)
    fIsLightEffectOn                         0x200018f0   Data           1  user_lighteffect.o(.data)
    vLEDStepCtrlTimeCnt                      0x200018f1   Data           1  user_lighteffect.o(.data)
    fIsRisingNow                             0x200018f2   Data           1  user_lighteffect.o(.data)
    customizeFlashTimeArray                  0x200018f3   Data           1  user_lighteffect.o(.data)
    customizeGradualTimeArray                0x200018f4   Data           1  user_lighteffect.o(.data)
    vCandleIndex                             0x200018f5   Data           1  user_lighteffect.o(.data)
    pLedStruct                               0x200018f8   Data           4  user_lighteffect.o(.data)
    pUserColor                               0x200018fc   Data           4  user_lighteffect.o(.data)
    vTemperatureCoe                          0x20001900   Data           4  user_color.o(.data)
    protocol_uart_TaskID                     0x20001924   Data           1  protocol_uart.o(.data)
    put_char_size                            0x20001930   Data           2  my_printf.o(.data)
    s_pinmap                                 0x20001938   Data           9  adc.o(.data)
    gapRole_AdvEnabled                       0x20001bac   Data           1  peripheral.o(.data)
    gapRole_AdvEventType                     0x20001bb4   Data           1  peripheral.o(.data)
    appTaskID                                0x20001c34   Data           1  gattservapp.o(.data)
    GATTServApp_TaskID                       0x20001c36   Data           1  gattservapp.o(.data)
    s_reboot_flg                             0x20001c98   Data           1  ota_app_service.o(.data)
    s_ota_app                                0x20001c99   Data           7  ota_app_service.o(.data)
    simpleProfileChar4Config                 0x20001d1c   Data           8  simplegattprofile.o(.data)
    simpleProfileChar6Config                 0x20001d24   Data           8  simplegattprofile.o(.data)
    SystemCoreClock                          0x20001edc   Data           4  system_armcm0.o(.data)
    llModeLast                               0x20001ee0   Data           1  patch.o(.data)
    pGlobal_config                           0x20001ee4   Data           4  patch.o(.data)
    g_stop_scan_t0                           0x20001ee8   Data           4  patch.o(.data)
    g_stop_scan_t1                           0x20001eec   Data           4  patch.o(.data)
    g_stop_scan_t1_err                       0x20001ef0   Data           4  patch.o(.data)
    g_stop_scan_pending_ms                   0x20001ef4   Data           4  patch.o(.data)
    g_rfPhyClkSel                            0x20001ef8   Data           1  patch.o(.data)
    g_chipMAddr                              0x20001ef9   Data           7  flash_ext.o(.data)
    __stdout                                 0x20001f00   Data           4  stdout.o(.data)
    __microlib_freelist                      0x20001f04   Data           4  mvars.o(.data)
    __microlib_freelist_initialised          0x20001f08   Data           4  mvars.o(.data)
    UserManualInfo                           0x20001f86   Data          20  systems_parameters.o(.bss)
    OtaFile                                  0x20001f9a   Data          20  systems_parameters.o(.bss)
    macAscii                                 0x20001fae   Data          12  systems_parameters.o(.bss)
    battInfo                                 0x20001fbc   Data          52  command_center.o(.bss)
    displayParams                            0x20001ffc   Data          52  display.o(.bss)
    color                                    0x20002040   Data          20  light.o(.bss)
    LedStruct                                0x20002054   Data          32  user_lighteffect.o(.bss)
    pcaDataStruct                            0x20002074   Data          10  user_lighteffect.o(.bss)
    oriCustomizePwmDataStruct                0x2000207e   Data          10  user_lighteffect.o(.bss)
    userColor                                0x20002088   Data          20  user_lighteffect.o(.bss)
    deviceInfoParams                         0x2000209c   Data         142  user_flash.o(.bss)
    put_char                                 0x20002794   Data         120  my_printf.o(.bss)
    g_largeHeap                              0x200038c4   Data        6144  main.o(.bss)
    llModeDbg                                0x200050c4   Data          16  patch.o(.bss)
    g_chipId                                 0x200050d4   Data          65  flash_ext.o(.bss)
    __heap_base                              0x20005118   Data           0  startup_armcm0.o(HEAP)
    __heap_limit                             0x20005218   Data           0  startup_armcm0.o(HEAP)
    __initial_sp                             0x20005a18   Data           0  startup_armcm0.o(STACK)



==============================================================================

Memory Map of the image

  Image Entry point : 0x1fff48c1

  Load Region LR_IROM1 (Base: 0x1fff4800, Size: 0x0000d70c, Max: 0x0001b7ff, ABSOLUTE, COMPRESSED[0x0000d2ac])

    Execution Region ER_IROM1 (Exec base: 0x1fff4800, Load base: 0x1fff4800, Size: 0x00011218, Max: 0x0001b7ff, ABSOLUTE, COMPRESSED[0x00000248])

    Exec Addr    Load Addr    Size         Type   Attr      Idx    E Section Name        Object

    0x1fff4800   0x1fff4800   0x000000c0   Data   RO         4259    RESET               startup_armcm0.o
    0x1fff48c0   0x1fff48c0   0x00000000   Code   RO         4501  * .ARM.Collect$$$$00000000  mc_p.l(entry.o)
    0x1fff48c0   0x1fff48c0   0x00000004   Code   RO         4841    .ARM.Collect$$$$00000001  mc_p.l(entry2.o)
    0x1fff48c4   0x1fff48c4   0x00000004   Code   RO         4844    .ARM.Collect$$$$00000004  mc_p.l(entry5.o)
    0x1fff48c8   0x1fff48c8   0x00000000   Code   RO         4846    .ARM.Collect$$$$00000008  mc_p.l(entry7b.o)
    0x1fff48c8   0x1fff48c8   0x00000000   Code   RO         4848    .ARM.Collect$$$$0000000A  mc_p.l(entry8b.o)
    0x1fff48c8   0x1fff48c8   0x00000008   Code   RO         4849    .ARM.Collect$$$$0000000B  mc_p.l(entry9a.o)
    0x1fff48d0   0x1fff48d0   0x00000000   Code   RO         4851    .ARM.Collect$$$$0000000D  mc_p.l(entry10a.o)
    0x1fff48d0   0x1fff48d0   0x00000000   Code   RO         4853    .ARM.Collect$$$$0000000F  mc_p.l(entry11a.o)
    0x1fff48d0   0x1fff48d0   0x00000004   Code   RO         4842    .ARM.Collect$$$$00002712  mc_p.l(entry2.o)
    0x1fff48d4   0x1fff48d4   0x0000001c   Code   RO         4260    .text               startup_armcm0.o
    0x1fff48f0   0x1fff48f0   0x00000024   Code   RO         4504    .text               mc_p.l(memcpya.o)
    0x1fff4914   0x1fff4914   0x00000024   Code   RO         4506    .text               mc_p.l(memseta.o)
    0x1fff4938   0x1fff4938   0x0000001a   Code   RO         4508    .text               mc_p.l(memcmp.o)
    0x1fff4952   0x1fff4952   0x00000014   Code   RO         4801    .text               mc_p.l(uread4.o)
    0x1fff4966   0x1fff4966   0x000000b2   Code   RO         4803    .text               mf_p.l(fadd.o)
    0x1fff4a18   0x1fff4a18   0x0000007a   Code   RO         4805    .text               mf_p.l(fmul.o)
    0x1fff4a92   0x1fff4a92   0x0000007c   Code   RO         4807    .text               mf_p.l(fdiv.o)
    0x1fff4b0e   0x1fff4b0e   0x00000018   Code   RO         4809    .text               mf_p.l(fscalb.o)
    0x1fff4b26   COMPRESSED   0x00000002   PAD
    0x1fff4b28   0x1fff4b28   0x00000164   Code   RO         4811    .text               mf_p.l(dadd.o)
    0x1fff4c8c   0x1fff4c8c   0x000000d0   Code   RO         4813    .text               mf_p.l(dmul.o)
    0x1fff4d5c   0x1fff4d5c   0x000000f0   Code   RO         4815    .text               mf_p.l(ddiv.o)
    0x1fff4e4c   0x1fff4e4c   0x0000002c   Code   RO         4817    .text               mf_p.l(dscalb.o)
    0x1fff4e78   0x1fff4e78   0x00000016   Code   RO         4819    .text               mf_p.l(fflti.o)
    0x1fff4e8e   0x1fff4e8e   0x0000000e   Code   RO         4821    .text               mf_p.l(ffltui.o)
    0x1fff4e9c   0x1fff4e9c   0x00000028   Code   RO         4823    .text               mf_p.l(dflti.o)
    0x1fff4ec4   0x1fff4ec4   0x0000001c   Code   RO         4825    .text               mf_p.l(dfltui.o)
    0x1fff4ee0   0x1fff4ee0   0x00000028   Code   RO         4827    .text               mf_p.l(ffixui.o)
    0x1fff4f08   0x1fff4f08   0x0000003c   Code   RO         4829    .text               mf_p.l(dfixui.o)
    0x1fff4f44   0x1fff4f44   0x00000028   Code   RO         4831    .text               mf_p.l(f2d.o)
    0x1fff4f6c   0x1fff4f6c   0x00000028   Code   RO         4833    .text               mf_p.l(cdcmple.o)
    0x1fff4f94   0x1fff4f94   0x00000038   Code   RO         4835    .text               mf_p.l(d2f.o)
    0x1fff4fcc   0x1fff4fcc   0x00000014   Code   RO         4837    .text               mf_p.l(cfcmple.o)
    0x1fff4fe0   0x1fff4fe0   0x00000014   Code   RO         4839    .text               mf_p.l(cfrcmple.o)
    0x1fff4ff4   0x1fff4ff4   0x00000060   Code   RO         4858    .text               mc_p.l(uldiv.o)
    0x1fff5054   0x1fff5054   0x00000020   Code   RO         4860    .text               mc_p.l(llshl.o)
    0x1fff5074   0x1fff5074   0x00000022   Code   RO         4862    .text               mc_p.l(llushr.o)
    0x1fff5096   0x1fff5096   0x00000026   Code   RO         4864    .text               mc_p.l(llsshr.o)
    0x1fff50bc   0x1fff50bc   0x00000000   Code   RO         4868    .text               mc_p.l(iusefp.o)
    0x1fff50bc   0x1fff50bc   0x00000082   Code   RO         4869    .text               mf_p.l(fepilogue.o)
    0x1fff513e   0x1fff513e   0x000000be   Code   RO         4871    .text               mf_p.l(depilogue.o)
    0x1fff51fc   0x1fff51fc   0x00000024   Code   RO         4879    .text               mc_p.l(init.o)
    0x1fff5220   0x1fff5220   0x00000000   Code   RO         4881    .text               mc_p.l(semi.o)
    0x1fff5220   0x1fff5220   0x00000000   Code   RO         4882    .text               mc_p.l(iusesemip.o)
    0x1fff5220   0x1fff5220   0x00000056   Code   RO         4891    .text               mc_p.l(__dczerorl2.o)
    0x1fff5276   COMPRESSED   0x00000002   PAD
    0x1fff5278   0x1fff5278   0x0000000c   Ven    RO         4893    Veneer$$Code        anon$$obj.o
    0x1fff5284   0x1fff5284   0x0000000c   Ven    RO         4894    Veneer$$Code        anon$$obj.o
    0x1fff5290   0x1fff5290   0x0000000c   Ven    RO         4895    Veneer$$Code        anon$$obj.o
    0x1fff529c   0x1fff529c   0x0000000c   Ven    RO         4896    Veneer$$Code        anon$$obj.o
    0x1fff52a8   0x1fff52a8   0x0000000c   Ven    RO         4897    Veneer$$Code        anon$$obj.o
    0x1fff52b4   0x1fff52b4   0x0000000c   Ven    RO         4898    Veneer$$Code        anon$$obj.o
    0x1fff52c0   0x1fff52c0   0x0000000c   Ven    RO         4899    Veneer$$Code        anon$$obj.o
    0x1fff52cc   0x1fff52cc   0x0000000c   Ven    RO         4900    Veneer$$Code        anon$$obj.o
    0x1fff52d8   0x1fff52d8   0x0000000c   Ven    RO         4901    Veneer$$Code        anon$$obj.o
    0x1fff52e4   0x1fff52e4   0x0000000c   Ven    RO         4902    Veneer$$Code        anon$$obj.o
    0x1fff52f0   0x1fff52f0   0x0000000c   Ven    RO         4903    Veneer$$Code        anon$$obj.o
    0x1fff52fc   0x1fff52fc   0x0000000c   Ven    RO         4904    Veneer$$Code        anon$$obj.o
    0x1fff5308   0x1fff5308   0x0000000c   Ven    RO         4905    Veneer$$Code        anon$$obj.o
    0x1fff5314   0x1fff5314   0x0000000c   Ven    RO         4906    Veneer$$Code        anon$$obj.o
    0x1fff5320   0x1fff5320   0x0000000c   Ven    RO         4907    Veneer$$Code        anon$$obj.o
    0x1fff532c   0x1fff532c   0x0000000c   Ven    RO         4908    Veneer$$Code        anon$$obj.o
    0x1fff5338   0x1fff5338   0x0000000c   Ven    RO         4909    Veneer$$Code        anon$$obj.o
    0x1fff5344   0x1fff5344   0x0000000c   Ven    RO         4910    Veneer$$Code        anon$$obj.o
    0x1fff5350   0x1fff5350   0x0000000c   Ven    RO         4911    Veneer$$Code        anon$$obj.o
    0x1fff535c   0x1fff535c   0x0000000c   Ven    RO         4912    Veneer$$Code        anon$$obj.o
    0x1fff5368   0x1fff5368   0x0000000c   Ven    RO         4913    Veneer$$Code        anon$$obj.o
    0x1fff5374   0x1fff5374   0x0000000c   Ven    RO         4914    Veneer$$Code        anon$$obj.o
    0x1fff5380   0x1fff5380   0x0000000c   Ven    RO         4915    Veneer$$Code        anon$$obj.o
    0x1fff538c   0x1fff538c   0x0000000c   Ven    RO         4916    Veneer$$Code        anon$$obj.o
    0x1fff5398   0x1fff5398   0x0000000c   Ven    RO         4917    Veneer$$Code        anon$$obj.o
    0x1fff53a4   0x1fff53a4   0x0000000c   Ven    RO         4918    Veneer$$Code        anon$$obj.o
    0x1fff53b0   0x1fff53b0   0x0000000c   Ven    RO         4919    Veneer$$Code        anon$$obj.o
    0x1fff53bc   0x1fff53bc   0x0000000c   Ven    RO         4920    Veneer$$Code        anon$$obj.o
    0x1fff53c8   0x1fff53c8   0x0000000c   Ven    RO         4921    Veneer$$Code        anon$$obj.o
    0x1fff53d4   0x1fff53d4   0x0000000c   Ven    RO         4922    Veneer$$Code        anon$$obj.o
    0x1fff53e0   0x1fff53e0   0x0000000c   Ven    RO         4923    Veneer$$Code        anon$$obj.o
    0x1fff53ec   0x1fff53ec   0x0000000c   Ven    RO         4924    Veneer$$Code        anon$$obj.o
    0x1fff53f8   0x1fff53f8   0x0000000c   Ven    RO         4925    Veneer$$Code        anon$$obj.o
    0x1fff5404   0x1fff5404   0x0000000c   Ven    RO         4926    Veneer$$Code        anon$$obj.o
    0x1fff5410   0x1fff5410   0x0000000c   Ven    RO         4927    Veneer$$Code        anon$$obj.o
    0x1fff541c   0x1fff541c   0x0000000c   Ven    RO         4928    Veneer$$Code        anon$$obj.o
    0x1fff5428   0x1fff5428   0x0000000c   Ven    RO         4929    Veneer$$Code        anon$$obj.o
    0x1fff5434   0x1fff5434   0x0000000c   Ven    RO         4930    Veneer$$Code        anon$$obj.o
    0x1fff5440   0x1fff5440   0x0000000c   Ven    RO         4931    Veneer$$Code        anon$$obj.o
    0x1fff544c   0x1fff544c   0x0000000c   Ven    RO         4932    Veneer$$Code        anon$$obj.o
    0x1fff5458   0x1fff5458   0x0000000c   Ven    RO         4933    Veneer$$Code        anon$$obj.o
    0x1fff5464   0x1fff5464   0x0000000c   Ven    RO         4934    Veneer$$Code        anon$$obj.o
    0x1fff5470   0x1fff5470   0x0000000c   Ven    RO         4935    Veneer$$Code        anon$$obj.o
    0x1fff547c   0x1fff547c   0x0000000c   Ven    RO         4936    Veneer$$Code        anon$$obj.o
    0x1fff5488   0x1fff5488   0x0000000c   Ven    RO         4937    Veneer$$Code        anon$$obj.o
    0x1fff5494   0x1fff5494   0x0000000c   Ven    RO         4938    Veneer$$Code        anon$$obj.o
    0x1fff54a0   0x1fff54a0   0x0000000c   Ven    RO         4939    Veneer$$Code        anon$$obj.o
    0x1fff54ac   0x1fff54ac   0x0000000c   Ven    RO         4940    Veneer$$Code        anon$$obj.o
    0x1fff54b8   0x1fff54b8   0x0000000c   Ven    RO         4941    Veneer$$Code        anon$$obj.o
    0x1fff54c4   0x1fff54c4   0x0000000c   Ven    RO         4942    Veneer$$Code        anon$$obj.o
    0x1fff54d0   0x1fff54d0   0x0000000c   Ven    RO         4943    Veneer$$Code        anon$$obj.o
    0x1fff54dc   0x1fff54dc   0x0000000c   Ven    RO         4944    Veneer$$Code        anon$$obj.o
    0x1fff54e8   0x1fff54e8   0x0000000c   Ven    RO         4945    Veneer$$Code        anon$$obj.o
    0x1fff54f4   0x1fff54f4   0x0000000c   Ven    RO         4946    Veneer$$Code        anon$$obj.o
    0x1fff5500   0x1fff5500   0x0000000c   Ven    RO         4947    Veneer$$Code        anon$$obj.o
    0x1fff550c   0x1fff550c   0x0000000c   Ven    RO         4948    Veneer$$Code        anon$$obj.o
    0x1fff5518   0x1fff5518   0x0000000c   Ven    RO         4949    Veneer$$Code        anon$$obj.o
    0x1fff5524   0x1fff5524   0x0000000c   Ven    RO         4950    Veneer$$Code        anon$$obj.o
    0x1fff5530   0x1fff5530   0x0000000c   Ven    RO         4951    Veneer$$Code        anon$$obj.o
    0x1fff553c   0x1fff553c   0x0000000c   Ven    RO         4952    Veneer$$Code        anon$$obj.o
    0x1fff5548   0x1fff5548   0x0000000c   Ven    RO         4953    Veneer$$Code        anon$$obj.o
    0x1fff5554   0x1fff5554   0x0000000c   Ven    RO         4954    Veneer$$Code        anon$$obj.o
    0x1fff5560   0x1fff5560   0x0000000c   Ven    RO         4955    Veneer$$Code        anon$$obj.o
    0x1fff556c   0x1fff556c   0x0000000c   Ven    RO         4956    Veneer$$Code        anon$$obj.o
    0x1fff5578   0x1fff5578   0x0000000c   Ven    RO         4957    Veneer$$Code        anon$$obj.o
    0x1fff5584   0x1fff5584   0x0000000c   Ven    RO         4958    Veneer$$Code        anon$$obj.o
    0x1fff5590   0x1fff5590   0x0000000c   Ven    RO         4959    Veneer$$Code        anon$$obj.o
    0x1fff559c   0x1fff559c   0x0000000c   Ven    RO         4960    Veneer$$Code        anon$$obj.o
    0x1fff55a8   0x1fff55a8   0x0000000c   Ven    RO         4961    Veneer$$Code        anon$$obj.o
    0x1fff55b4   0x1fff55b4   0x0000000c   Ven    RO         4962    Veneer$$Code        anon$$obj.o
    0x1fff55c0   0x1fff55c0   0x0000000c   Ven    RO         4963    Veneer$$Code        anon$$obj.o
    0x1fff55cc   0x1fff55cc   0x0000000c   Ven    RO         4964    Veneer$$Code        anon$$obj.o
    0x1fff55d8   0x1fff55d8   0x0000000c   Ven    RO         4965    Veneer$$Code        anon$$obj.o
    0x1fff55e4   0x1fff55e4   0x0000000c   Ven    RO         4966    Veneer$$Code        anon$$obj.o
    0x1fff55f0   0x1fff55f0   0x0000000c   Ven    RO         4967    Veneer$$Code        anon$$obj.o
    0x1fff55fc   0x1fff55fc   0x0000000c   Ven    RO         4968    Veneer$$Code        anon$$obj.o
    0x1fff5608   0x1fff5608   0x0000000c   Ven    RO         4969    Veneer$$Code        anon$$obj.o
    0x1fff5614   0x1fff5614   0x0000000c   Ven    RO         4970    Veneer$$Code        anon$$obj.o
    0x1fff5620   0x1fff5620   0x0000000c   Ven    RO         4971    Veneer$$Code        anon$$obj.o
    0x1fff562c   0x1fff562c   0x0000000c   Ven    RO         4972    Veneer$$Code        anon$$obj.o
    0x1fff5638   0x1fff5638   0x0000000c   Ven    RO         4973    Veneer$$Code        anon$$obj.o
    0x1fff5644   0x1fff5644   0x0000000c   Ven    RO         4974    Veneer$$Code        anon$$obj.o
    0x1fff5650   0x1fff5650   0x0000000c   Ven    RO         4975    Veneer$$Code        anon$$obj.o
    0x1fff565c   0x1fff565c   0x0000000c   Ven    RO         4976    Veneer$$Code        anon$$obj.o
    0x1fff5668   0x1fff5668   0x0000000c   Ven    RO         4977    Veneer$$Code        anon$$obj.o
    0x1fff5674   0x1fff5674   0x0000000c   Ven    RO         4978    Veneer$$Code        anon$$obj.o
    0x1fff5680   0x1fff5680   0x0000000c   Ven    RO         4979    Veneer$$Code        anon$$obj.o
    0x1fff568c   0x1fff568c   0x0000000c   Ven    RO         4980    Veneer$$Code        anon$$obj.o
    0x1fff5698   0x1fff5698   0x0000000c   Ven    RO         4981    Veneer$$Code        anon$$obj.o
    0x1fff56a4   0x1fff56a4   0x0000000c   Ven    RO         4982    Veneer$$Code        anon$$obj.o
    0x1fff56b0   0x1fff56b0   0x00000030   Code   RO         1667    i.BCD2ASC           user_utils.o
    0x1fff56e0   0x1fff56e0   0x00000024   Code   RO         3082    i.Batt_AddService   battservice.o
    0x1fff5704   0x1fff5704   0x000000d8   Code   RO          508    i.CCS_DATATRANSFER_PROCESS  command_center.o
    0x1fff57dc   0x1fff57dc   0x00000288   Code   RO          509    i.CCS_EventsPro_TestMode  command_center.o
    0x1fff5a64   0x1fff5a64   0x00000054   Code   RO          514    i.CCS_NotifyStatus  command_center.o
    0x1fff5ab8   0x1fff5ab8   0x00000004   Code   RO          515    i.CCS_SIMPLEGATT_DATA_PROCESS  command_center.o
    0x1fff5abc   0x1fff5abc   0x000000c4   Code   RO          516    i.CCS_Systems_off   command_center.o
    0x1fff5b80   0x1fff5b80   0x00000158   Code   RO          517    i.CCS_Systems_on    command_center.o
    0x1fff5cd8   0x1fff5cd8   0x000002cc   Code   RO          518    i.CCS_keysChange_handle  command_center.o
    0x1fff5fa4   0x1fff5fa4   0x00000018   Code   RO         3176    i.DevInfo_AddService  devinfoservice.o
    0x1fff5fbc   0x1fff5fbc   0x00000140   Code   RO         3410    i.GAPBondMgr_LinkEst  gapbondmgr.o
    0x1fff60fc   0x1fff60fc   0x000000b4   Code   RO         3415    i.GAPBondMgr_ResolveAddr  gapbondmgr.o
    0x1fff61b0   0x1fff61b0   0x000000e8   Code   RO         3306    i.GAPRole_GetParameter  peripheral.o
    0x1fff6298   0x1fff6298   0x00000044   Code   RO         3307    i.GAPRole_Init      peripheral.o
    0x1fff62dc   0x1fff62dc   0x000000f4   Code   RO         3308    i.GAPRole_ProcessEvent  peripheral.o
    0x1fff63d0   0x1fff63d0   0x00000058   Code   RO         3310    i.GAPRole_SendUpdateParam  peripheral.o
    0x1fff6428   0x1fff6428   0x00000214   Code   RO         3311    i.GAPRole_SetParameter  peripheral.o
    0x1fff663c   0x1fff663c   0x00000038   Code   RO         3312    i.GAPRole_StartDevice  peripheral.o
    0x1fff6674   0x1fff6674   0x00000020   Code   RO         3313    i.GAPRole_TerminateConnection  peripheral.o
    0x1fff6694   0x1fff6694   0x0000003e   Code   RO         3387    i.GAP_DeviceInit    gap.o
    0x1fff66d2   0x1fff66d2   0x00000050   Code   RO          193    i.GAP_GetConnetInt  blesmartperipheral.o
    0x1fff6722   0x1fff6722   0x0000005a   Code   RO          194    i.GAP_GetadvInt     blesmartperipheral.o
    0x1fff677c   0x1fff677c   0x00000022   Code   RO         3584    i.GATTServApp_FindAttr  gattservapp.o
    0x1fff679e   COMPRESSED   0x00000002   PAD
    0x1fff67a0   0x1fff67a0   0x0000004c   Code   RO         3587    i.GATTServApp_Init  gattservapp.o
    0x1fff67ec   0x1fff67ec   0x00000030   Code   RO         3588    i.GATTServApp_InitCharCfg  gattservapp.o
    0x1fff681c   0x1fff681c   0x00000058   Code   RO         3589    i.GATTServApp_ProcessCCCWriteReq  gattservapp.o
    0x1fff6874   0x1fff6874   0x00000094   Code   RO         3590    i.GATTServApp_ProcessCharCfg  gattservapp.o
    0x1fff6908   0x1fff6908   0x00000038   Code   RO         3591    i.GATTServApp_ProcessEvent  gattservapp.o
    0x1fff6940   0x1fff6940   0x00000228   Code   RO         3592    i.GATTServApp_ReadAttr  gattservapp.o
    0x1fff6b68   0x1fff6b68   0x0000000e   Code   RO         3593    i.GATTServApp_ReadCharCfg  gattservapp.o
    0x1fff6b76   COMPRESSED   0x00000002   PAD
    0x1fff6b78   0x1fff6b78   0x0000005c   Code   RO         3595    i.GATTServApp_RegisterService  gattservapp.o
    0x1fff6bd4   0x1fff6bd4   0x00000038   Code   RO         3596    i.GATTServApp_SendCCCUpdatedEvent  gattservapp.o
    0x1fff6c0c   0x1fff6c0c   0x00000024   Code   RO         3597    i.GATTServApp_SendServiceChangedInd  gattservapp.o
    0x1fff6c30   0x1fff6c30   0x00000018   Code   RO         3600    i.GATTServApp_UpdateCharCfg  gattservapp.o
    0x1fff6c48   0x1fff6c48   0x00000042   Code   RO         3601    i.GATTServApp_WriteAttr  gattservapp.o
    0x1fff6c8a   COMPRESSED   0x00000002   PAD
    0x1fff6c8c   0x1fff6c8c   0x0000002c   Code   RO         3602    i.GATTServApp_WriteCharCfg  gattservapp.o
    0x1fff6cb8   0x1fff6cb8   0x00000020   Code   RO         3226    i.GGS_AddService    gapgattserver.o
    0x1fff6cd8   0x1fff6cd8   0x00000088   Code   RO         3232    i.GGS_SetParameter  gapgattserver.o
    0x1fff6d60   0x1fff6d60   0x0000000c   Code   RO          195    i.GetgapProfileState  blesmartperipheral.o
    0x1fff6d6c   0x1fff6d6c   0x00000012   Code   RO          519    i.HW_RESET_MCU      command_center.o
    0x1fff6d7e   COMPRESSED   0x00000002   PAD
    0x1fff6d80   0x1fff6d80   0x00000150   Code   RO         4301    i.LL_SetScanControl1  rf.lib(patch.o)
    0x1fff6ed0   0x1fff6ed0   0x00000004   Code   RO          814    i.OLED_ShowNum      display.o
    0x1fff6ed4   0x1fff6ed4   0x00000002   Code   RO          815    i.OLED_ShowString   display.o
    0x1fff6ed6   COMPRESSED   0x00000002   PAD
    0x1fff6ed8   0x1fff6ed8   0x000000a8   Code   RO         4420    i.ProgramWord       rf.lib(flash_ext.o)
    0x1fff6f80   0x1fff6f80   0x0000003c   Code   RO         3875    i.SimpleProfile_AddService  simplegattprofile.o
    0x1fff6fbc   0x1fff6fbc   0x00000050   Code   RO         3876    i.SimpleProfile_GetParameter  simplegattprofile.o
    0x1fff700c   0x1fff700c   0x00000014   Code   RO         3877    i.SimpleProfile_RegisterAppCBs  simplegattprofile.o
    0x1fff7020   0x1fff7020   0x000000b8   Code   RO         3878    i.SimpleProfile_SetParameter  simplegattprofile.o
    0x1fff70d8   0x1fff70d8   0x00000010   Code   RO         4267    i.SystemInit        system_armcm0.o
    0x1fff70e8   0x1fff70e8   0x00000064   Code   RO          330    i.UserInfo_NotifyStatus  systems_parameters.o
    0x1fff714c   0x1fff714c   0x00000012   Code   RO         2018    i.WaitMs            common.o
    0x1fff715e   COMPRESSED   0x00000002   PAD
    0x1fff7160   0x1fff7160   0x0000002c   Code   RO         2019    i.WaitRTCCount      common.o
    0x1fff718c   0x1fff718c   0x00000028   Code   RO         3037    i.Watchdog_ProcessEvent  watchdog.o
    0x1fff71b4   0x1fff71b4   0x00000020   Code   RO         4719    i.__0printf$8       mc_p.l(printf8.o)
    0x1fff71d4   0x1fff71d4   0x00000028   Code   RO         4721    i.__0sprintf$8      mc_p.l(printf8.o)
    0x1fff71fc   0x1fff71fc   0x0000002e   Code   RO         4873    i.__ARM_clz         mf_p.l(depilogue.o)
    0x1fff722a   COMPRESSED   0x00000002   PAD
    0x1fff722c   0x1fff722c   0x00000018   Code   RO         2147    i.__NVIC_EnableIRQ  gpio.o
    0x1fff7244   0x1fff7244   0x00000044   Code   RO         2148    i.__NVIC_SetPriority  gpio.o
    0x1fff7288   0x1fff7288   0x00000044   Code   RO         2781    i.__NVIC_SetPriority  spi.o
    0x1fff72cc   0x1fff72cc   0x00000044   Code   RO         4131    i.__NVIC_SetPriority  main.o
    0x1fff7310   0x1fff7310   0x0000001c   Code   RO          331    i.__NVIC_SystemReset  systems_parameters.o
    0x1fff732c   0x1fff732c   0x0000001c   Code   RO         3813    i.__NVIC_SystemReset  ota_app_service.o
    0x1fff7348   0x1fff7348   0x0000000e   Code   RO         4885    i.__scatterload_copy  mc_p.l(handlers.o)
    0x1fff7356   0x1fff7356   0x00000002   Code   RO         4886    i.__scatterload_null  mc_p.l(handlers.o)
    0x1fff7358   0x1fff7358   0x0000000e   Code   RO         4887    i.__scatterload_zeroinit  mc_p.l(handlers.o)
    0x1fff7366   COMPRESSED   0x00000002   PAD
    0x1fff7368   0x1fff7368   0x00000428   Code   RO         4726    i._printf_core      mc_p.l(printf8.o)
    0x1fff7790   0x1fff7790   0x00000020   Code   RO         4727    i._printf_post_padding  mc_p.l(printf8.o)
    0x1fff77b0   0x1fff77b0   0x0000002c   Code   RO         4728    i._printf_pre_padding  mc_p.l(printf8.o)
    0x1fff77dc   0x1fff77dc   0x0000000a   Code   RO         4730    i._sputc            mc_p.l(printf8.o)
    0x1fff77e6   COMPRESSED   0x00000002   PAD
    0x1fff77e8   0x1fff77e8   0x00000018   Code   RO         2520    i.adc_wakeup_hdl    adc.o
    0x1fff7800   0x1fff7800   0x00000014   Code   RO            1    i.app_main          blesmartperipheral_main.o
    0x1fff7814   0x1fff7814   0x00000036   Code   RO         4303    i.arry_sort         rf.lib(patch.o)
    0x1fff784a   COMPRESSED   0x00000002   PAD
    0x1fff784c   0x1fff784c   0x00000038   Code   RO         3088    i.battMeasure       battservice.o
    0x1fff7884   0x1fff7884   0x000000a4   Code   RO         3090    i.battReadAttrCB    battservice.o
    0x1fff7928   0x1fff7928   0x00000238   Code   RO          520    i.battVoltCompensation  command_center.o
    0x1fff7b60   0x1fff7b60   0x0000005c   Code   RO         3091    i.battWriteAttrCB   battservice.o
    0x1fff7bbc   0x1fff7bbc   0x0000001c   Code   RO          422    i.batt_RegisterCBs_Value  battery.o
    0x1fff7bd8   0x1fff7bd8   0x00000094   Code   RO          423    i.batt_adc_evt      battery.o
    0x1fff7c6c   0x1fff7c6c   0x000000ac   Code   RO          424    i.batt_adc_init     battery.o
    0x1fff7d18   0x1fff7d18   0x00000068   Code   RO          425    i.batt_cal          battery.o
    0x1fff7d80   0x1fff7d80   0x0000000c   Code   RO          426    i.batt_get_percent  battery.o
    0x1fff7d8c   0x1fff7d8c   0x0000000c   Code   RO          427    i.batt_get_voltage  battery.o
    0x1fff7d98   0x1fff7d98   0x00000018   Code   RO          428    i.batt_init         battery.o
    0x1fff7db0   0x1fff7db0   0x00000008   Code   RO          429    i.batt_measure      battery.o
    0x1fff7db8   0x1fff7db8   0x000000e4   Code   RO          816    i.batterDisplay     display.o
    0x1fff7e9c   0x1fff7e9c   0x00000170   Code   RO          196    i.bleSmartPeripheral_Init  blesmartperipheral.o
    0x1fff800c   0x1fff800c   0x00000048   Code   RO          197    i.bleSmartPeripheral_ProcessEvent  blesmartperipheral.o
    0x1fff8054   0x1fff8054   0x00000020   Code   RO         1248    i.checkFlashLoopOver  user_lighteffect.o
    0x1fff8074   0x1fff8074   0x00000020   Code   RO         4425    i.check_chip_id     rf.lib(flash_ext.o)
    0x1fff8094   0x1fff8094   0x00000020   Code   RO         4426    i.check_chip_mAddr  rf.lib(flash_ext.o)
    0x1fff80b4   0x1fff80b4   0x00000028   Code   RO         4427    i.check_internal_bus_busy  rf.lib(flash_ext.o)
    0x1fff80dc   0x1fff80dc   0x0000006c   Code   RO         4428    i.chip_id_one_bit_hot_convter  rf.lib(flash_ext.o)
    0x1fff8148   0x1fff8148   0x00000114   Code   RO          521    i.chkLightEffectModeVoltCompensation  command_center.o
    0x1fff825c   0x1fff825c   0x00000010   Code   RO         2521    i.clear_adcc_cfg    adc.o
    0x1fff826c   0x1fff826c   0x00000014   Code   RO         1823    i.clk_gate_disable  clock.o
    0x1fff8280   0x1fff8280   0x00000014   Code   RO         1824    i.clk_gate_enable   clock.o
    0x1fff8294   0x1fff8294   0x0000000c   Code   RO         1826    i.clk_pclk          clock.o
    0x1fff82a0   0x1fff82a0   0x00000016   Code   RO         1827    i.clk_reset         clock.o
    0x1fff82b6   COMPRESSED   0x00000002   PAD
    0x1fff82b8   0x1fff82b8   0x000000b4   Code   RO          522    i.command_center_Init  command_center.o
    0x1fff836c   0x1fff836c   0x00000554   Code   RO          523    i.command_center_ProcessEvent  command_center.o
    0x1fff88c0   0x1fff88c0   0x00000050   Code   RO         1249    i.coolUpdateByCoe   user_lighteffect.o
    0x1fff8910   0x1fff8910   0x0000005c   Code   RO         1250    i.customizeFlashCbfunc  user_lighteffect.o
    0x1fff896c   0x1fff896c   0x00000050   Code   RO         1251    i.customizeFlashEffect  user_lighteffect.o
    0x1fff89bc   0x1fff89bc   0x00000008   Code   RO         1252    i.customizeFlashEndCbfunc  user_lighteffect.o
    0x1fff89c4   0x1fff89c4   0x00000088   Code   RO         1253    i.customizeGradualEffect  user_lighteffect.o
    0x1fff8a4c   0x1fff8a4c   0x00000104   Code   RO         1254    i.customizeGrdualCbfunc  user_lighteffect.o
    0x1fff8b50   0x1fff8b50   0x00000058   Code   RO         1255    i.customizeGrdualEndCbfunc  user_lighteffect.o
    0x1fff8ba8   0x1fff8ba8   0x00000088   Code   RO         3177    i.devInfo_ReadAttrCB  devinfoservice.o
    0x1fff8c30   0x1fff8c30   0x00000020   Code   RO         4430    i.disable_spif_flash_write  rf.lib(flash_ext.o)
    0x1fff8c50   0x1fff8c50   0x00000002   Code   RO          818    i.displayFactoryInfo  display.o
    0x1fff8c52   0x1fff8c52   0x00000002   Code   RO          819    i.displayFloat      display.o
    0x1fff8c54   0x1fff8c54   0x0000019c   Code   RO          820    i.displaySystemMenu  display.o
    0x1fff8df0   0x1fff8df0   0x00000060   Code   RO          821    i.display_Init      display.o
    0x1fff8e50   0x1fff8e50   0x00000020   Code   RO         4431    i.enable_spif_flash_write  rf.lib(flash_ext.o)
    0x1fff8e70   0x1fff8e70   0x0000004c   Code   RO          524    i.entryBurnInTest   command_center.o
    0x1fff8ebc   0x1fff8ebc   0x000000b4   Code   RO          525    i.entryFactoryMode  command_center.o
    0x1fff8f70   0x1fff8f70   0x00000020   Code   RO          526    i.factoryModeColorTempOn  command_center.o
    0x1fff8f90   0x1fff8f90   0x00000024   Code   RO          527    i.factoryModeRGBOn  command_center.o
    0x1fff8fb4   0x1fff8fb4   0x0000051c   Code   RO         1256    i.fireProcess       user_lighteffect.o
    0x1fff94d0   0x1fff94d0   0x00000074   Code   RO         1257    i.flashMode2StyleAfunc  user_lighteffect.o
    0x1fff9544   0x1fff9544   0x0000005c   Code   RO         2719    i.flash_erase_ucds  flash.o
    0x1fff95a0   0x1fff95a0   0x0000001c   Code   RO         2721    i.flash_read_ucds   flash.o
    0x1fff95bc   0x1fff95bc   0x00000084   Code   RO         2723    i.flash_read_ucds_block_byte  flash.o
    0x1fff9640   0x1fff9640   0x00000050   Code   RO         4433    i.flash_sector_erase  rf.lib(flash_ext.o)
    0x1fff9690   0x1fff9690   0x00000034   Code   RO         2724    i.flash_write_ucds  flash.o
    0x1fff96c4   0x1fff96c4   0x00000084   Code   RO         2726    i.flash_write_ucds_block_byte  flash.o
    0x1fff9748   0x1fff9748   0x00000012   Code   RO         4855    i.fputc             mc_p.l(fputc.o)
    0x1fff975a   COMPRESSED   0x00000002   PAD
    0x1fff975c   0x1fff975c   0x00000054   Code   RO         4773    i.free              mc_p.l(malloc.o)
    0x1fff97b0   0x1fff97b0   0x00000030   Code   RO         3426    i.gapBondMgrFindAddr  gapbondmgr.o
    0x1fff97e0   0x1fff97e0   0x00000036   Code   RO         3428    i.gapBondMgrGetPublicAddr  gapbondmgr.o
    0x1fff9816   0x1fff9816   0x0000001c   Code   RO         3429    i.gapBondMgrInvertCharCfgItem  gapbondmgr.o
    0x1fff9832   COMPRESSED   0x00000002   PAD
    0x1fff9834   0x1fff9834   0x000001f4   Code   RO         3314    i.gapRole_ProcessGAPMsg  peripheral.o
    0x1fff9a28   0x1fff9a28   0x000000b0   Code   RO         3315    i.gapRole_ProcessOSALMsg  peripheral.o
    0x1fff9ad8   0x1fff9ad8   0x00000058   Code   RO         3316    i.gapRole_startConnUpdate  peripheral.o
    0x1fff9b30   0x1fff9b30   0x0000000e   Code   RO         3603    i.gattServApp_FindAuthorizeAttrCB  gattservapp.o
    0x1fff9b3e   0x1fff9b3e   0x0000001c   Code   RO         3604    i.gattServApp_FindCharCfgItem  gattservapp.o
    0x1fff9b5a   COMPRESSED   0x00000002   PAD
    0x1fff9b5c   0x1fff9b5c   0x00000024   Code   RO         3605    i.gattServApp_FindPrepareWriteQ  gattservapp.o
    0x1fff9b80   0x1fff9b80   0x00000020   Code   RO         3606    i.gattServApp_FindServiceCBs  gattservapp.o
    0x1fff9ba0   0x1fff9ba0   0x0000005c   Code   RO         3607    i.gattServApp_HandleConnStatusCB  gattservapp.o
    0x1fff9bfc   0x1fff9bfc   0x00000088   Code   RO         3608    i.gattServApp_ProcessExecuteWriteReq  gattservapp.o
    0x1fff9c84   0x1fff9c84   0x000000f0   Code   RO         3609    i.gattServApp_ProcessFindByTypeValueReq  gattservapp.o
    0x1fff9d74   0x1fff9d74   0x00000164   Code   RO         3610    i.gattServApp_ProcessMsg  gattservapp.o
    0x1fff9ed8   0x1fff9ed8   0x000000a4   Code   RO         3611    i.gattServApp_ProcessPrepareWriteReq  gattservapp.o
    0x1fff9f7c   0x1fff9f7c   0x00000138   Code   RO         3612    i.gattServApp_ProcessReadByGrpTypeReq  gattservapp.o
    0x1fffa0b4   0x1fffa0b4   0x00000118   Code   RO         3613    i.gattServApp_ProcessReadByTypeReq  gattservapp.o
    0x1fffa1cc   0x1fffa1cc   0x000000c8   Code   RO         3614    i.gattServApp_ProcessReadMultiReq  gattservapp.o
    0x1fffa294   0x1fffa294   0x0000007a   Code   RO         3615    i.gattServApp_ProcessWriteReq  gattservapp.o
    0x1fffa30e   COMPRESSED   0x00000002   PAD
    0x1fffa310   0x1fffa310   0x00000078   Code   RO         3617    i.gattServApp_SetNumPrepareWrites  gattservapp.o
    0x1fffa388   0x1fffa388   0x0000000c   Code   RO         2522    i.getAdcStts        adc.o
    0x1fffa394   0x1fffa394   0x00000018   Code   RO          430    i.getBattPercentByVolt  battery.o
    0x1fffa3ac   0x1fffa3ac   0x000000b4   Code   RO          431    i.getBattPercentByVoltMv  battery.o
    0x1fffa460   0x1fffa460   0x000000ec   Code   RO          528    i.getChargingCurrentByVolt  command_center.o
    0x1fffa54c   0x1fffa54c   0x0000000c   Code   RO          529    i.getCompensationVolt  command_center.o
    0x1fffa558   0x1fffa558   0x0000000c   Code   RO         1082    i.getLightStts      light.o
    0x1fffa564   0x1fffa564   0x00000024   Code   RO          332    i.getSystemId       systems_parameters.o
    0x1fffa588   0x1fffa588   0x0000000c   Code   RO          530    i.getSystemStts     command_center.o
    0x1fffa594   0x1fffa594   0x000000c2   Code   RO         3233    i.ggs_ReadAttrCB    gapgattserver.o
    0x1fffa656   0x1fffa656   0x00000058   Code   RO         3234    i.ggs_SetAttrWPermit  gapgattserver.o
    0x1fffa6ae   COMPRESSED   0x00000002   PAD
    0x1fffa6b0   0x1fffa6b0   0x000000e4   Code   RO         3235    i.ggs_WriteAttrCB   gapgattserver.o
    0x1fffa794   0x1fffa794   0x00000028   Code   RO         2149    i.gpio_interrupt_disable  gpio.o
    0x1fffa7bc   0x1fffa7bc   0x0000003c   Code   RO         2150    i.gpio_interrupt_enable  gpio.o
    0x1fffa7f8   0x1fffa7f8   0x00000028   Code   RO         2151    i.gpio_pin0to3_pin31to34_control  gpio.o
    0x1fffa820   0x1fffa820   0x00000044   Code   RO         2152    i.gpio_sleep_handler  gpio.o
    0x1fffa864   0x1fffa864   0x0000005c   Code   RO         2153    i.gpio_wakeup_handler  gpio.o
    0x1fffa8c0   0x1fffa8c0   0x00000068   Code   RO         2154    i.gpioin_event      gpio.o
    0x1fffa928   0x1fffa928   0x00000024   Code   RO         2155    i.gpioin_event_pin  gpio.o
    0x1fffa94c   0x1fffa94c   0x000000cc   Code   RO         2523    i.hal_ADC_IRQHandler  adc.o
    0x1fffaa18   0x1fffaa18   0x00000018   Code   RO         2156    i.hal_GPIO_IRQHandler  gpio.o
    0x1fffaa30   0x1fffaa30   0x00000038   Code   RO         2782    i.hal_SPI0_IRQHandler  spi.o
    0x1fffaa68   0x1fffaa68   0x00000038   Code   RO         2783    i.hal_SPI1_IRQHandler  spi.o
    0x1fffaaa0   0x1fffaaa0   0x00000040   Code   RO         2374    i.hal_UART0_IRQHandler  uart.o
    0x1fffaae0   0x1fffaae0   0x00000270   Code   RO         2525    i.hal_adc_config_channel  adc.o
    0x1fffad50   0x1fffad50   0x00000020   Code   RO         2526    i.hal_adc_init      adc.o
    0x1fffad70   0x1fffad70   0x0000004c   Code   RO         2527    i.hal_adc_start     adc.o
    0x1fffadbc   0x1fffadbc   0x000000e4   Code   RO         2528    i.hal_adc_stop      adc.o
    0x1fffaea0   0x1fffaea0   0x0000013c   Code   RO         2529    i.hal_adc_value_cal  adc.o
    0x1fffafdc   0x1fffafdc   0x00000028   Code   RO         2157    i.hal_gpio_DS_control  gpio.o
    0x1fffb004   0x1fffb004   0x00000040   Code   RO         2158    i.hal_gpio_cfg_analog_io  gpio.o
    0x1fffb044   0x1fffb044   0x00000034   Code   RO         2159    i.hal_gpio_fast_write  gpio.o
    0x1fffb078   0x1fffb078   0x00000028   Code   RO         2160    i.hal_gpio_fmux     gpio.o
    0x1fffb0a0   0x1fffb0a0   0x00000030   Code   RO         2161    i.hal_gpio_fmux_set  gpio.o
    0x1fffb0d0   0x1fffb0d0   0x0000005c   Code   RO         2162    i.hal_gpio_init     gpio.o
    0x1fffb12c   0x1fffb12c   0x00000058   Code   RO         2171    i.hal_gpio_pin_init  gpio.o
    0x1fffb184   0x1fffb184   0x00000038   Code   RO         2172    i.hal_gpio_pull_set  gpio.o
    0x1fffb1bc   0x1fffb1bc   0x00000038   Code   RO         2173    i.hal_gpio_read     gpio.o
    0x1fffb1f4   0x1fffb1f4   0x00000050   Code   RO         2175    i.hal_gpio_wakeup_set  gpio.o
    0x1fffb244   0x1fffb244   0x00000040   Code   RO         2176    i.hal_gpio_write    gpio.o
    0x1fffb284   0x1fffb284   0x00000030   Code   RO         2177    i.hal_gpioin_disable  gpio.o
    0x1fffb2b4   0x1fffb2b4   0x0000006c   Code   RO         2178    i.hal_gpioin_enable  gpio.o
    0x1fffb320   0x1fffb320   0x00000030   Code   RO         2179    i.hal_gpioin_register  gpio.o
    0x1fffb350   0x1fffb350   0x00000028   Code   RO         1831    i.hal_ms_intv       clock.o
    0x1fffb378   0x1fffb378   0x00000058   Code   RO         2621    i.hal_pwm_ch_start  pwm.o
    0x1fffb3d0   0x1fffb3d0   0x00000028   Code   RO         2622    i.hal_pwm_ch_stop   pwm.o
    0x1fffb3f8   0x1fffb3f8   0x0000001c   Code   RO         2623    i.hal_pwm_close_channel  pwm.o
    0x1fffb414   0x1fffb414   0x00000078   Code   RO         2624    i.hal_pwm_destroy   pwm.o
    0x1fffb48c   0x1fffb48c   0x00000058   Code   RO         2626    i.hal_pwm_init      pwm.o
    0x1fffb4e4   0x1fffb4e4   0x0000003c   Code   RO         2628    i.hal_pwm_module_init  pwm.o
    0x1fffb520   0x1fffb520   0x00000028   Code   RO         2629    i.hal_pwm_open_channel  pwm.o
    0x1fffb548   0x1fffb548   0x0000004c   Code   RO         2630    i.hal_pwm_set_count_val  pwm.o
    0x1fffb594   0x1fffb594   0x00000030   Code   RO         2631    i.hal_pwm_start     pwm.o
    0x1fffb5c4   0x1fffb5c4   0x00000030   Code   RO         2632    i.hal_pwm_stop      pwm.o
    0x1fffb5f4   0x1fffb5f4   0x00000018   Code   RO         1910    i.hal_pwrmgr_RAM_retention  pwrmgr.o
    0x1fffb60c   0x1fffb60c   0x0000001c   Code   RO         1912    i.hal_pwrmgr_RAM_retention_set  pwrmgr.o
    0x1fffb628   0x1fffb628   0x00000034   Code   RO         1913    i.hal_pwrmgr_init   pwrmgr.o
    0x1fffb65c   0x1fffb65c   0x00000050   Code   RO         1914    i.hal_pwrmgr_is_lock  pwrmgr.o
    0x1fffb6ac   0x1fffb6ac   0x00000054   Code   RO         1915    i.hal_pwrmgr_lock   pwrmgr.o
    0x1fffb700   0x1fffb700   0x00000044   Code   RO         1917    i.hal_pwrmgr_register  pwrmgr.o
    0x1fffb744   0x1fffb744   0x00000034   Code   RO         1918    i.hal_pwrmgr_sleep_process  pwrmgr.o
    0x1fffb778   0x1fffb778   0x00000060   Code   RO         1919    i.hal_pwrmgr_unlock  pwrmgr.o
    0x1fffb7d8   0x1fffb7d8   0x00000030   Code   RO         1921    i.hal_pwrmgr_wakeup_process  pwrmgr.o
    0x1fffb808   0x1fffb808   0x00000078   Code   RO         4132    i.hal_rfphy_init    main.o
    0x1fffb880   0x1fffb880   0x00000064   Code   RO         4306    i.hal_rom_code_ini  rf.lib(patch.o)
    0x1fffb8e4   0x1fffb8e4   0x0000008c   Code   RO         1832    i.hal_rtc_clock_config  clock.o
    0x1fffb970   0x1fffb970   0x00000050   Code   RO         2785    i.hal_spi_bus_deinit  spi.o
    0x1fffb9c0   0x1fffb9c0   0x00000080   Code   RO         2786    i.hal_spi_bus_init  spi.o
    0x1fffba40   0x1fffba40   0x00000090   Code   RO         2790    i.hal_spi_master_init  spi.o
    0x1fffbad0   0x1fffbad0   0x0000006a   Code   RO         2792    i.hal_spi_pin_deinit  spi.o
    0x1fffbb3a   0x1fffbb3a   0x00000098   Code   RO         2793    i.hal_spi_pin_init  spi.o
    0x1fffbbd2   COMPRESSED   0x00000002   PAD
    0x1fffbbd4   0x1fffbbd4   0x00000048   Code   RO         2794    i.hal_spi_send_byte  spi.o
    0x1fffbc1c   0x1fffbc1c   0x000000d4   Code   RO         2035    i.hal_system_init   common.o
    0x1fffbcf0   0x1fffbcf0   0x0000000c   Code   RO         1833    i.hal_systick       clock.o
    0x1fffbcfc   0x1fffbcfc   0x0000004c   Code   RO         2376    i.hal_uart_init     uart.o
    0x1fffbd48   0x1fffbd48   0x0000001c   Code   RO         2377    i.hal_uart_send_buff  uart.o
    0x1fffbd64   0x1fffbd64   0x0000003c   Code   RO         2379    i.hal_uart_set_tx_buf  uart.o
    0x1fffbda0   0x1fffbda0   0x0000006c   Code   RO         3814    i.handleConnStatusCB  ota_app_service.o
    0x1fffbe0c   0x1fffbe0c   0x00000070   Code   RO         4224    i.hard_fault        jump_table.o
    0x1fffbe7c   0x1fffbe7c   0x000002f0   Code   RO         1446    i.hsb2Rgb           user_color.o
    0x1fffc16c   0x1fffc16c   0x0000020c   Code   RO         4307    i.init_config       rf.lib(patch.o)
    0x1fffc378   0x1fffc378   0x00000058   Code   RO         1668    i.invalidMacAddrCheck  user_utils.o
    0x1fffc3d0   0x1fffc3d0   0x00000050   Code   RO         2380    i.irq_rx_handler    uart.o
    0x1fffc420   0x1fffc420   0x0000007c   Code   RO         2381    i.irq_tx_empty_handler  uart.o
    0x1fffc49c   0x1fffc49c   0x00000038   Code   RO          531    i.keyBrightnessDecProcess  command_center.o
    0x1fffc4d4   0x1fffc4d4   0x00000038   Code   RO          532    i.keyBrightnessIncProcess  command_center.o
    0x1fffc50c   0x1fffc50c   0x000000e8   Code   RO          533    i.keyFuncDownProcess  command_center.o
    0x1fffc5f4   0x1fffc5f4   0x000000fc   Code   RO          534    i.keyFuncUpProcess  command_center.o
    0x1fffc6f0   0x1fffc6f0   0x00000020   Code   RO          535    i.keyFunctionProcess  command_center.o
    0x1fffc710   0x1fffc710   0x00000028   Code   RO         2980    i.keys_Debounce_Handle  keys.o
    0x1fffc738   0x1fffc738   0x000000b0   Code   RO         2981    i.keys_Init         keys.o
    0x1fffc7e8   0x1fffc7e8   0x00000018   Code   RO         2982    i.keys_RegisterCBs  keys.o
    0x1fffc800   0x1fffc800   0x00000018   Code   RO         2983    i.keys_RegisterDebounceCBs  keys.o
    0x1fffc818   0x1fffc818   0x00000058   Code   RO         2984    i.keys_read         keys.o
    0x1fffc870   0x1fffc870   0x000000b4   Code   RO          824    i.lcdDrawFontGbk16  display.o
    0x1fffc924   0x1fffc924   0x000000b0   Code   RO          825    i.lcdDrawLine       display.o
    0x1fffc9d4   0x1fffc9d4   0x00000024   Code   RO          826    i.lcdDrawPoint      display.o
    0x1fffc9f8   0x1fffc9f8   0x00000016   Code   RO          827    i.lcdDrawSingleCharGbk16  display.o
    0x1fffca0e   0x1fffca0e   0x00000086   Code   RO          828    i.lcdDrawWidthTimesHeight  display.o
    0x1fffca94   0x1fffca94   0x00000010   Code   RO          829    i.lcdEntrySleep     display.o
    0x1fffcaa4   0x1fffcaa4   0x000000da   Code   RO          830    i.lcdRectColorDraw  display.o
    0x1fffcb7e   0x1fffcb7e   0x0000005e   Code   RO          831    i.lcdSetRegion      display.o
    0x1fffcbdc   0x1fffcbdc   0x00000044   Code   RO          832    i.lcd_clear         display.o
    0x1fffcc20   0x1fffcc20   0x000002f8   Code   RO          833    i.lcd_config        display.o
    0x1fffcf18   0x1fffcf18   0x00000020   Code   RO          834    i.lcd_off           display.o
    0x1fffcf38   0x1fffcf38   0x00000012   Code   RO          835    i.lcd_on            display.o
    0x1fffcf4a   0x1fffcf4a   0x0000003a   Code   RO          836    i.lcd_set_xy        display.o
    0x1fffcf84   0x1fffcf84   0x000000a8   Code   RO         1259    i.lightEffectFunc   user_lighteffect.o
    0x1fffd02c   0x1fffd02c   0x00000018   Code   RO         1083    i.light_Init        light.o
    0x1fffd044   0x1fffd044   0x00000034   Code   RO         1084    i.light_ProcessEvent  light.o
    0x1fffd078   0x1fffd078   0x00000150   Code   RO         1085    i.light_ctrl        light.o
    0x1fffd1c8   0x1fffd1c8   0x000000b0   Code   RO         1086    i.light_off         light.o
    0x1fffd278   0x1fffd278   0x00000080   Code   RO         1087    i.light_update      light.o
    0x1fffd2f8   0x1fffd2f8   0x00000088   Code   RO         1260    i.lightning1Process  user_lighteffect.o
    0x1fffd380   0x1fffd380   0x00000084   Code   RO         4309    i.llSetupAdv1       rf.lib(patch.o)
    0x1fffd404   0x1fffd404   0x0000011c   Code   RO         4310    i.ll_hw_go1         rf.lib(patch.o)
    0x1fffd520   0x1fffd520   0x000000d0   Code   RO         1088    i.loadTargetColorTemperatureValue  light.o
    0x1fffd5f0   0x1fffd5f0   0x0000001c   Code   RO         1261    i.loadTargetPwmData  user_lighteffect.o
    0x1fffd60c   0x1fffd60c   0x00000074   Code   RO         1089    i.loadTargetRGBValue  light.o
    0x1fffd680   0x1fffd680   0x00000090   Code   RO          837    i.logoDisplay       display.o
    0x1fffd710   0x1fffd710   0x00000050   Code   RO         4133    i.main              main.o
    0x1fffd760   0x1fffd760   0x0000006c   Code   RO         4774    i.malloc            mc_p.l(malloc.o)
    0x1fffd7cc   0x1fffd7cc   0x00000018   Code   RO         2985    i.negedge_callback_wakeup  keys.o
    0x1fffd7e4   0x1fffd7e4   0x00000100   Code   RO         1447    i.originalHsv2Rgb   user_color.o
    0x1fffd8e4   0x1fffd8e4   0x00000088   Code   RO           52    i.osalInitTasks     osal_blesmartperipheral.o
    0x1fffd96c   0x1fffd96c   0x00000026   Code   RO         4178    i.osal_snv_read     osal_snv.o
    0x1fffd992   0x1fffd992   0x0000007e   Code   RO         4179    i.osal_snv_write    osal_snv.o
    0x1fffda10   0x1fffda10   0x00000028   Code   RO         3815    i.ota_ReadAttrCB    ota_app_service.o
    0x1fffda38   0x1fffda38   0x000000a4   Code   RO         3816    i.ota_WriteAttrCB   ota_app_service.o
    0x1fffdadc   0x1fffdadc   0x00000078   Code   RO         3817    i.ota_app_AddService  ota_app_service.o
    0x1fffdb54   0x1fffdb54   0x000000b0   Code   RO          198    i.peripheralStateNotificationCB  blesmartperipheral.o
    0x1fffdc04   0x1fffdc04   0x0000003c   Code   RO         2455    i.phy_printf        my_printf.o
    0x1fffdc40   0x1fffdc40   0x00000008   Code   RO         2456    i.phy_printf_init   my_printf.o
    0x1fffdc48   0x1fffdc48   0x00000018   Code   RO         2986    i.posedge_callback_wakeup  keys.o
    0x1fffdc60   0x1fffdc60   0x000000f0   Code   RO         2457    i.print             my_printf.o
    0x1fffdd50   0x1fffdd50   0x0000002c   Code   RO         2459    i.printchar         my_printf.o
    0x1fffdd7c   0x1fffdd7c   0x00000092   Code   RO         2460    i.printi            my_printf.o
    0x1fffde0e   0x1fffde0e   0x00000070   Code   RO         2461    i.prints            my_printf.o
    0x1fffde7e   0x1fffde7e   0x0000004c   Code   RO          536    i.processBattLevel  command_center.o
    0x1fffdeca   COMPRESSED   0x00000002   PAD
    0x1fffdecc   0x1fffdecc   0x000000e0   Code   RO         3818    i.process_cmd       ota_app_service.o
    0x1fffdfac   0x1fffdfac   0x000002bc   Code   RO          537    i.protocol_uartCB_Handle  command_center.o
    0x1fffe268   0x1fffe268   0x00000056   Code   RO         1709    i.protocol_uart_GetBandrate  protocol_uart.o
    0x1fffe2be   COMPRESSED   0x00000002   PAD
    0x1fffe2c0   0x1fffe2c0   0x00000068   Code   RO         1710    i.protocol_uart_Init  protocol_uart.o
    0x1fffe328   0x1fffe328   0x00000058   Code   RO         1711    i.protocol_uart_ProcessEvent  protocol_uart.o
    0x1fffe380   0x1fffe380   0x000000a8   Code   RO         1712    i.protocol_uart_evt_hdl  protocol_uart.o
    0x1fffe428   0x1fffe428   0x0000003c   Code   RO         1713    i.protocol_uart_wakeup_handle  protocol_uart.o
    0x1fffe464   0x1fffe464   0x0000009a   Code   RO         1090    i.pwmInit           light.o
    0x1fffe4fe   COMPRESSED   0x00000002   PAD
    0x1fffe500   0x1fffe500   0x00000060   Code   RO         4313    i.rc32k_calibration  rf.lib(patch.o)
    0x1fffe560   0x1fffe560   0x00000040   Code   RO         4314    i.rc32k_calibration_check  rf.lib(patch.o)
    0x1fffe5a0   0x1fffe5a0   0x00000070   Code   RO         4315    i.rc32k_tracking_check  rf.lib(patch.o)
    0x1fffe610   0x1fffe610   0x00000058   Code   RO          838    i.reInitialLCD      display.o
    0x1fffe668   0x1fffe668   0x0000003c   Code   RO         1583    i.readDeviceInfo    user_flash.o
    0x1fffe6a4   0x1fffe6a4   0x00000078   Code   RO         1584    i.readExceptionStts  user_flash.o
    0x1fffe71c   0x1fffe71c   0x00000008   Code   RO         1585    i.readFlashData     user_flash.o
    0x1fffe724   0x1fffe724   0x0000003c   Code   RO         4434    i.read_chip_id      rf.lib(flash_ext.o)
    0x1fffe760   0x1fffe760   0x00000040   Code   RO         4435    i.read_chip_mAddr   rf.lib(flash_ext.o)
    0x1fffe7a0   0x1fffe7a0   0x000000ac   Code   RO          333    i.resetDeviceInfoParams  systems_parameters.o
    0x1fffe84c   0x1fffe84c   0x0000006c   Code   RO         3819    i.response          ota_app_service.o
    0x1fffe8b8   0x1fffe8b8   0x00000010   Code   RO          538    i.restartBattInfoCollection  command_center.o
    0x1fffe8c8   0x1fffe8c8   0x0000005c   Code   RO          539    i.restoreFromCustomizeModeCheck  command_center.o
    0x1fffe924   0x1fffe924   0x00000038   Code   RO          540    i.restoreFromPreinstallModeCheck  command_center.o
    0x1fffe95c   0x1fffe95c   0x0000002c   Code   RO          541    i.restoreMode       command_center.o
    0x1fffe988   0x1fffe988   0x00000028   Code   RO         4316    i.rf_calibrate1     rf.lib(patch.o)
    0x1fffe9b0   0x1fffe9b0   0x000000f0   Code   RO         4356    i.rf_phy_ana_cfg    rf.lib(rf_phy_driver.o)
    0x1fffeaa0   0x1fffeaa0   0x00000120   Code   RO         4357    i.rf_phy_bb_cfg     rf.lib(rf_phy_driver.o)
    0x1fffebc0   0x1fffebc0   0x00000060   Code   RO         4358    i.rf_phy_change_cfg  rf.lib(rf_phy_driver.o)
    0x1fffec20   0x1fffec20   0x00000020   Code   RO         4375    i.rf_phy_ini        rf.lib(rf_phy_driver.o)
    0x1fffec40   0x1fffec40   0x00000034   Code   RO         4376    i.rf_phy_set_txPower  rf.lib(rf_phy_driver.o)
    0x1fffec74   0x1fffec74   0x00000110   Code   RO         4377    i.rf_rxDcoc_cfg     rf.lib(rf_phy_driver.o)
    0x1fffed84   0x1fffed84   0x0000004c   Code   RO         4380    i.rf_tpCal_gen_cap_arrary  rf.lib(rf_phy_driver.o)
    0x1fffedd0   0x1fffedd0   0x0000009c   Code   RO         4381    i.rf_tp_cal         rf.lib(rf_phy_driver.o)
    0x1fffee6c   0x1fffee6c   0x00000014   Code   RO         4134    i.rf_wakeup_handler  main.o
    0x1fffee80   0x1fffee80   0x0000001c   Code   RO         1669    i.sameByteCheck     user_utils.o
    0x1fffee9c   0x1fffee9c   0x00000034   Code   RO         1262    i.sceneFire         user_lighteffect.o
    0x1fffeed0   0x1fffeed0   0x00000038   Code   RO         1263    i.sceneLightning1   user_lighteffect.o
    0x1fffef08   0x1fffef08   0x00000038   Code   RO         1264    i.set2FlashMode2StyleA  user_lighteffect.o
    0x1fffef40   0x1fffef40   0x00000020   Code   RO         1265    i.set2SimulatonModeStyleA  user_lighteffect.o
    0x1fffef60   0x1fffef60   0x000000ec   Code   RO          542    i.setBattLevel      command_center.o
    0x1ffff04c   0x1ffff04c   0x00000050   Code   RO          543    i.setBatteryFully   command_center.o
    0x1ffff09c   0x1ffff09c   0x00000020   Code   RO         1448    i.setBlueData       user_color.o
    0x1ffff0bc   0x1ffff0bc   0x0000000c   Code   RO         1449    i.setBlueDuty       user_color.o
    0x1ffff0c8   0x1ffff0c8   0x00000020   Code   RO         1450    i.setCoolData       user_color.o
    0x1ffff0e8   0x1ffff0e8   0x0000000c   Code   RO         1451    i.setCoolDuty       user_color.o
    0x1ffff0f4   0x1ffff0f4   0x00000020   Code   RO         1266    i.setFlashEffectPub  user_lighteffect.o
    0x1ffff114   0x1ffff114   0x00000020   Code   RO         1267    i.setGradualEffectPub  user_lighteffect.o
    0x1ffff134   0x1ffff134   0x00000020   Code   RO         1452    i.setGreenData      user_color.o
    0x1ffff154   0x1ffff154   0x0000000c   Code   RO         1453    i.setGreenDuty      user_color.o
    0x1ffff160   0x1ffff160   0x00000128   Code   RO         1268    i.setLEDFunc        user_lighteffect.o
    0x1ffff288   0x1ffff288   0x00000038   Code   RO          544    i.setModeInfo       command_center.o
    0x1ffff2c0   0x1ffff2c0   0x00000020   Code   RO         1454    i.setRedData        user_color.o
    0x1ffff2e0   0x1ffff2e0   0x0000000c   Code   RO         1455    i.setRedDuty        user_color.o
    0x1ffff2ec   0x1ffff2ec   0x0000000c   Code   RO         1169    i.setTemperature    temp.o
    0x1ffff2f8   0x1ffff2f8   0x00000024   Code   RO         1456    i.setWarmData       user_color.o
    0x1ffff31c   0x1ffff31c   0x00000088   Code   RO         2531    i.set_sampling_resolution  adc.o
    0x1ffff3a4   0x1ffff3a4   0x00000046   Code   RO          199    i.simpleProfileChangeCB  blesmartperipheral.o
    0x1ffff3ea   COMPRESSED   0x00000002   PAD
    0x1ffff3ec   0x1ffff3ec   0x00000030   Code   RO         3880    i.simpleProfile_HandleConnStatusCB  simplegattprofile.o
    0x1ffff41c   0x1ffff41c   0x0000010c   Code   RO         3881    i.simpleProfile_ReadAttrCB  simplegattprofile.o
    0x1ffff528   0x1ffff528   0x0000000c   Code   RO         3882    i.simpleProfile_Set_notify_status  simplegattprofile.o
    0x1ffff534   0x1ffff534   0x000000ec   Code   RO         3883    i.simpleProfile_WriteAttrCB  simplegattprofile.o
    0x1ffff620   0x1ffff620   0x00000038   Code   RO         4180    i.snv_calc_addr     osal_snv.o
    0x1ffff658   0x1ffff658   0x0000003c   Code   RO         4181    i.snvwr             osal_snv.o
    0x1ffff694   0x1ffff694   0x00000040   Code   RO         2809    i.spi_int_disable   spi.o
    0x1ffff6d4   0x1ffff6d4   0x00000060   Code   RO         2810    i.spi_int_enable    spi.o
    0x1ffff734   0x1ffff734   0x000000e8   Code   RO         2811    i.spi_int_handle    spi.o
    0x1ffff81c   0x1ffff81c   0x0000005c   Code   RO         2812    i.spis_int_handle   spi.o
    0x1ffff878   0x1ffff878   0x00000020   Code   RO          545    i.startCharging     command_center.o
    0x1ffff898   0x1ffff898   0x00000064   Code   RO         1269    i.startLightEffect  user_lighteffect.o
    0x1ffff8fc   0x1ffff8fc   0x00000014   Code   RO          546    i.startLightEffectEvent  command_center.o
    0x1ffff910   0x1ffff910   0x0000002c   Code   RO          547    i.stopCharging      command_center.o
    0x1ffff93c   0x1ffff93c   0x00000014   Code   RO          548    i.stopLightEffectEvent  command_center.o
    0x1ffff950   0x1ffff950   0x00000040   Code   RO          549    i.stopSceneModeCheck  command_center.o
    0x1ffff990   0x1ffff990   0x0000001c   Code   RO         1586    i.storeDeviceInfo   user_flash.o
    0x1ffff9ac   0x1ffff9ac   0x00000040   Code   RO         1587    i.storeExceptionStts  user_flash.o
    0x1ffff9ec   0x1ffff9ec   0x00000024   Code   RO         2037    i.subWriteReg       common.o
    0x1ffffa10   0x1ffffa10   0x0000009c   Code   RO          334    i.systems_param_Get_param  systems_parameters.o
    0x1ffffaac   0x1ffffaac   0x000000d8   Code   RO          335    i.systems_param_Set_param  systems_parameters.o
    0x1ffffb84   0x1ffffb84   0x00000300   Code   RO          336    i.systems_parameters_Init  systems_parameters.o
    0x1ffffe84   0x1ffffe84   0x0000001c   Code   RO         1170    i.temp_RegisterCBs_Value  temp.o
    0x1ffffea0   0x1ffffea0   0x00000050   Code   RO         1171    i.temp_adc_evt      temp.o
    0x1ffffef0   0x1ffffef0   0x000000b0   Code   RO         1172    i.temp_adc_init     temp.o
    0x1fffffa0   0x1fffffa0   0x00000084   Code   RO         1173    i.temp_cal          temp.o
    0x20000024   0x20000024   0x0000000c   Code   RO         1174    i.temp_get_value    temp.o
    0x20000030   0x20000030   0x00000028   Code   RO         1175    i.temp_init         temp.o
    0x20000058   0x20000058   0x00000008   Code   RO         1176    i.temp_measure      temp.o
    0x20000060   0x20000060   0x0000002c   Code   RO         1271    i.turnOffAllLightEffect  user_lighteffect.o
    0x2000008c   0x2000008c   0x00000010   Code   RO         1458    i.turnOffColorTempLamp  user_color.o
    0x2000009c   0x2000009c   0x00000016   Code   RO         1459    i.turnOffRGBLamp    user_color.o
    0x200000b2   COMPRESSED   0x00000002   PAD
    0x200000b4   0x200000b4   0x00000068   Code   RO         2382    i.txmit_buf_polling  uart.o
    0x2000011c   0x2000011c   0x00000080   Code   RO         2383    i.txmit_buf_use_tx_buf  uart.o
    0x2000019c   0x2000019c   0x000000bc   Code   RO         2384    i.uart_hw_config    uart.o
    0x20000258   0x20000258   0x00000080   Code   RO          841    i.updateArrowDisplay  display.o
    0x200002d8   0x200002d8   0x00000002   Code   RO          842    i.updateBLEDisplay  display.o
    0x200002da   COMPRESSED   0x00000002   PAD
    0x200002dc   0x200002dc   0x00000104   Code   RO          843    i.updateBrightnessDisplay  display.o
    0x200003e0   0x200003e0   0x00000054   Code   RO         1460    i.updateColor       user_color.o
    0x20000434   0x20000434   0x000000f0   Code   RO         1091    i.updateColorTemp   light.o
    0x20000524   0x20000524   0x00000050   Code   RO          844    i.updateColorTempDisplay  display.o
    0x20000574   0x20000574   0x000001e8   Code   RO          337    i.updateDeviceDefaultInfo  systems_parameters.o
    0x2000075c   0x2000075c   0x000000f4   Code   RO          338    i.updateDeviceInfo2Flash  systems_parameters.o
    0x20000850   0x20000850   0x00000002   Code   RO          845    i.updateHotDisplay  display.o
    0x20000852   COMPRESSED   0x00000002   PAD
    0x20000854   0x20000854   0x00000134   Code   RO          846    i.updateHuesDisplay  display.o
    0x20000988   0x20000988   0x00000028   Code   RO         1461    i.updatePWMDuty     user_color.o
    0x200009b0   0x200009b0   0x00000060   Code   RO         1092    i.updateRGBLamp     light.o
    0x20000a10   0x20000a10   0x00000050   Code   RO         1462    i.updateRgbOnly     user_color.o
    0x20000a60   0x20000a60   0x00000034   Code   RO          848    i.updateSceneDisplay  display.o
    0x20000a94   0x20000a94   0x0000005c   Code   RO          849    i.updateStrobeDisplay  display.o
    0x20000af0   0x20000af0   0x0000000c   Code   RO          550    i.updateSystemStts  command_center.o
    0x20000afc   0x20000afc   0x0000000e   Code   RO         2532    i.usbAbsSubUint16   adc.o
    0x20000b0a   0x20000b0a   0x00000002   Code   RO         1556    i.userWatchDogInit  user_watchdog.o
    0x20000b0c   0x20000b0c   0x00000008   Code   RO         1557    i.userWatchDogProcessEvent  user_watchdog.o
    0x20000b14   0x20000b14   0x0000008c   Code   RO          551    i.versionDisplay    command_center.o
    0x20000ba0   0x20000ba0   0x00000018   Code   RO         1588    i.writeFlashData    user_flash.o
    0x20000bb8   0x20000bb8   0x00000024   Code   RO          851    i.write_cmd         display.o
    0x20000bdc   0x20000bdc   0x00000020   Code   RO          852    i.write_data        display.o
    0x20000bfc   0x20000bfc   0x00000034   Data   RO           53    .constdata          osal_blesmartperipheral.o
    0x20000c30   0x20000c30   0x00000001   Data   RO           54    .constdata          osal_blesmartperipheral.o
    0x20000c31   0x20000c31   0x000000c3   Data   RO          341    .constdata          systems_parameters.o
    0x20000cf4   0x20000cf4   0x00000798   Data   RO          854    .constdata          display.o
    0x2000148c   0x2000148c   0x0000006c   Data   RO         1094    .constdata          light.o
    0x200014f8   0x200014f8   0x00000068   Data   RO         1177    .constdata          temp.o
    0x20001560   0x20001560   0x00000013   Data   RO         1279    .constdata          user_lighteffect.o
    0x20001573   COMPRESSED   0x00000001   PAD
    0x20001574   0x20001574   0x00000194   Data   RO         1463    .constdata          user_color.o
    0x20001708   0x20001708   0x00000010   Data   RO         1715    .constdata          protocol_uart.o
    0x20001718   0x20001718   0x0000000c   Data   RO         2386    .constdata          uart.o
    0x20001724   0x20001724   0x00000002   Data   RO         3092    .constdata          battservice.o
    0x20001726   0x20001726   0x00000002   Data   RO         3094    .constdata          battservice.o
    0x20001728   0x20001728   0x00000002   Data   RO         3095    .constdata          battservice.o
    0x2000172a   COMPRESSED   0x00000002   PAD
    0x2000172c   0x2000172c   0x00000008   Data   RO         3096    .constdata          battservice.o
    0x20001734   0x20001734   0x0000000c   Data   RO         3097    .constdata          battservice.o
    0x20001740   0x20001740   0x00000002   Data   RO         3179    .constdata          devinfoservice.o
    0x20001742   0x20001742   0x00000002   Data   RO         3180    .constdata          devinfoservice.o
    0x20001744   0x20001744   0x00000002   Data   RO         3181    .constdata          devinfoservice.o
    0x20001746   0x20001746   0x00000002   Data   RO         3182    .constdata          devinfoservice.o
    0x20001748   0x20001748   0x00000002   Data   RO         3183    .constdata          devinfoservice.o
    0x2000174a   0x2000174a   0x00000002   Data   RO         3184    .constdata          devinfoservice.o
    0x2000174c   0x2000174c   0x00000002   Data   RO         3185    .constdata          devinfoservice.o
    0x2000174e   0x2000174e   0x00000002   Data   RO         3186    .constdata          devinfoservice.o
    0x20001750   0x20001750   0x00000002   Data   RO         3187    .constdata          devinfoservice.o
    0x20001752   0x20001752   0x00000002   Data   RO         3188    .constdata          devinfoservice.o
    0x20001754   0x20001754   0x00000008   Data   RO         3189    .constdata          devinfoservice.o
    0x2000175c   0x2000175c   0x0000000c   Data   RO         3190    .constdata          devinfoservice.o
    0x20001768   0x20001768   0x00000008   Data   RO         3237    .constdata          gapgattserver.o
    0x20001770   0x20001770   0x0000000c   Data   RO         3238    .constdata          gapgattserver.o
    0x2000177c   0x2000177c   0x00000008   Data   RO         3620    .constdata          gattservapp.o
    0x20001784   0x20001784   0x00000010   Data   RO         3820    .constdata          ota_app_service.o
    0x20001794   0x20001794   0x00000010   Data   RO         3821    .constdata          ota_app_service.o
    0x200017a4   0x200017a4   0x00000010   Data   RO         3822    .constdata          ota_app_service.o
    0x200017b4   0x200017b4   0x00000008   Data   RO         3823    .constdata          ota_app_service.o
    0x200017bc   0x200017bc   0x0000000c   Data   RO         3824    .constdata          ota_app_service.o
    0x200017c8   0x200017c8   0x00000002   Data   RO         3885    .constdata          simplegattprofile.o
    0x200017ca   0x200017ca   0x00000002   Data   RO         3886    .constdata          simplegattprofile.o
    0x200017cc   0x200017cc   0x00000002   Data   RO         3887    .constdata          simplegattprofile.o
    0x200017ce   0x200017ce   0x00000002   Data   RO         3888    .constdata          simplegattprofile.o
    0x200017d0   0x200017d0   0x00000002   Data   RO         3889    .constdata          simplegattprofile.o
    0x200017d2   0x200017d2   0x00000002   Data   RO         3890    .constdata          simplegattprofile.o
    0x200017d4   0x200017d4   0x00000002   Data   RO         3891    .constdata          simplegattprofile.o
    0x200017d6   COMPRESSED   0x00000002   PAD
    0x200017d8   0x200017d8   0x00000008   Data   RO         3892    .constdata          simplegattprofile.o
    0x200017e0   0x200017e0   0x0000000c   Data   RO         3893    .constdata          simplegattprofile.o
    0x200017ec   0x200017ec   0x00000027   Data   RO          856    .conststring        display.o
    0x20001813   COMPRESSED   0x00000001   PAD
    0x20001814   0x20001814   0x00000050   Data   RO         4883    Region$$Table       anon$$obj.o
    0x20001864   COMPRESSED   0x00000004   Data   RW           55    .data               osal_blesmartperipheral.o
    0x20001868   COMPRESSED   0x00000010   Data   RW          200    .data               blesmartperipheral.o
    0x20001878   COMPRESSED   0x0000000c   Data   RW          342    .data               systems_parameters.o
    0x20001884   COMPRESSED   0x00000018   Data   RW          432    .data               battery.o
    0x2000189c   COMPRESSED   0x00000024   Data   RW          554    .data               command_center.o
    0x200018c0   COMPRESSED   0x00000001   Data   RW          555    .data               command_center.o
    0x200018c1   COMPRESSED   0x00000003   PAD
    0x200018c4   COMPRESSED   0x00000018   Data   RW          857    .data               display.o
    0x200018dc   COMPRESSED   0x00000001   Data   RW         1096    .data               light.o
    0x200018dd   COMPRESSED   0x00000003   PAD
    0x200018e0   COMPRESSED   0x0000000e   Data   RW         1178    .data               temp.o
    0x200018ee   COMPRESSED   0x00000002   PAD
    0x200018f0   COMPRESSED   0x00000010   Data   RW         1288    .data               user_lighteffect.o
    0x20001900   COMPRESSED   0x00000004   Data   RW         1464    .data               user_color.o
    0x20001904   COMPRESSED   0x00000020   Data   RW         1670    .data               user_utils.o
    0x20001924   COMPRESSED   0x00000001   Data   RW         1716    .data               protocol_uart.o
    0x20001925   COMPRESSED   0x00000003   PAD
    0x20001928   COMPRESSED   0x00000008   Data   RW         1924    .data               pwrmgr.o
    0x20001930   COMPRESSED   0x00000002   Data   RW         2464    .data               my_printf.o
    0x20001932   COMPRESSED   0x0000000f   Data   RW         2534    .data               adc.o
    0x20001941   COMPRESSED   0x00000001   Data   RW         2634    .data               pwm.o
    0x20001942   COMPRESSED   0x0000000e   Data   RW         2987    .data               keys.o
    0x20001950   COMPRESSED   0x00000001   Data   RW         3098    .data               battservice.o
    0x20001951   COMPRESSED   0x00000003   PAD
    0x20001954   COMPRESSED   0x00000090   Data   RW         3099    .data               battservice.o
    0x200019e4   COMPRESSED   0x00000001   Data   RW         3100    .data               battservice.o
    0x200019e5   COMPRESSED   0x00000001   Data   RW         3101    .data               battservice.o
    0x200019e6   COMPRESSED   0x00000008   Data   RW         3102    .data               battservice.o
    0x200019ee   COMPRESSED   0x00000001   Data   RW         3191    .data               devinfoservice.o
    0x200019ef   COMPRESSED   0x00000001   Data   RW         3192    .data               devinfoservice.o
    0x200019f0   COMPRESSED   0x00000001   Data   RW         3193    .data               devinfoservice.o
    0x200019f1   COMPRESSED   0x00000001   Data   RW         3194    .data               devinfoservice.o
    0x200019f2   COMPRESSED   0x00000001   Data   RW         3195    .data               devinfoservice.o
    0x200019f3   COMPRESSED   0x00000001   Data   RW         3196    .data               devinfoservice.o
    0x200019f4   COMPRESSED   0x00000001   Data   RW         3197    .data               devinfoservice.o
    0x200019f5   COMPRESSED   0x00000001   Data   RW         3198    .data               devinfoservice.o
    0x200019f6   COMPRESSED   0x00000001   Data   RW         3199    .data               devinfoservice.o
    0x200019f7   COMPRESSED   0x00000001   PAD
    0x200019f8   COMPRESSED   0x00000130   Data   RW         3200    .data               devinfoservice.o
    0x20001b28   COMPRESSED   0x00000080   Data   RW         3239    .data               gapgattserver.o
    0x20001ba8   COMPRESSED   0x00000001   Data   RW         3240    .data               gapgattserver.o
    0x20001ba9   COMPRESSED   0x00000001   Data   RW         3241    .data               gapgattserver.o
    0x20001baa   COMPRESSED   0x00000001   Data   RW         3242    .data               gapgattserver.o
    0x20001bab   COMPRESSED   0x00000001   PAD
    0x20001bac   COMPRESSED   0x00000061   Data   RW         3318    .data               peripheral.o
    0x20001c0d   COMPRESSED   0x00000003   PAD
    0x20001c10   COMPRESSED   0x00000024   Data   RW         3437    .data               gapbondmgr.o
    0x20001c34   COMPRESSED   0x0000005c   Data   RW         3622    .data               gattservapp.o
    0x20001c90   COMPRESSED   0x00000001   Data   RW         3623    .data               gattservapp.o
    0x20001c91   COMPRESSED   0x00000001   Data   RW         3825    .data               ota_app_service.o
    0x20001c92   COMPRESSED   0x00000001   Data   RW         3826    .data               ota_app_service.o
    0x20001c93   COMPRESSED   0x00000001   Data   RW         3827    .data               ota_app_service.o
    0x20001c94   COMPRESSED   0x00000001   Data   RW         3828    .data               ota_app_service.o
    0x20001c95   COMPRESSED   0x00000003   PAD
    0x20001c98   COMPRESSED   0x00000070   Data   RW         3829    .data               ota_app_service.o
    0x20001d08   COMPRESSED   0x00000174   Data   RW         3894    .data               simplegattprofile.o
    0x20001e7c   COMPRESSED   0x00000001   Data   RW         3895    .data               simplegattprofile.o
    0x20001e7d   COMPRESSED   0x0000000f   Data   RW         3896    .data               simplegattprofile.o
    0x20001e8c   COMPRESSED   0x00000001   Data   RW         3897    .data               simplegattprofile.o
    0x20001e8d   COMPRESSED   0x0000000f   Data   RW         3898    .data               simplegattprofile.o
    0x20001e9c   COMPRESSED   0x00000001   Data   RW         3899    .data               simplegattprofile.o
    0x20001e9d   COMPRESSED   0x00000011   Data   RW         3900    .data               simplegattprofile.o
    0x20001eae   COMPRESSED   0x00000001   Data   RW         3901    .data               simplegattprofile.o
    0x20001eaf   COMPRESSED   0x0000000c   Data   RW         3902    .data               simplegattprofile.o
    0x20001ebb   COMPRESSED   0x00000001   Data   RW         3903    .data               simplegattprofile.o
    0x20001ebc   COMPRESSED   0x0000000c   Data   RW         3904    .data               simplegattprofile.o
    0x20001ec8   COMPRESSED   0x00000001   Data   RW         3905    .data               simplegattprofile.o
    0x20001ec9   COMPRESSED   0x00000012   Data   RW         3906    .data               simplegattprofile.o
    0x20001edb   COMPRESSED   0x00000001   PAD
    0x20001edc   COMPRESSED   0x00000004   Data   RW         4268    .data               system_armcm0.o
    0x20001ee0   COMPRESSED   0x00000018   Data   RW         4325    .data               rf.lib(patch.o)
    0x20001ef8   COMPRESSED   0x00000001   Data   RW         4326    .data               rf.lib(patch.o)
    0x20001ef9   COMPRESSED   0x00000007   Data   RW         4437    .data               rf.lib(flash_ext.o)
    0x20001f00   COMPRESSED   0x00000004   Data   RW         4857    .data               mc_p.l(stdout.o)
    0x20001f04   COMPRESSED   0x00000004   Data   RW         4866    .data               mc_p.l(mvars.o)
    0x20001f08   COMPRESSED   0x00000004   Data   RW         4867    .data               mc_p.l(mvars.o)
    0x20001f0c        -       0x000000a2   Zero   RW          339    .bss                systems_parameters.o
    0x20001fae        -       0x0000000c   Zero   RW          340    .bss                systems_parameters.o
    0x20001fba   COMPRESSED   0x00000002   PAD
    0x20001fbc        -       0x00000034   Zero   RW          552    .bss                command_center.o
    0x20001ff0        -       0x00000040   Zero   RW          853    .bss                display.o
    0x20002030        -       0x00000024   Zero   RW         1093    .bss                light.o
    0x20002054        -       0x00000034   Zero   RW         1272    .bss                user_lighteffect.o
    0x20002088        -       0x00000014   Zero   RW         1273    .bss                user_lighteffect.o
    0x2000209c        -       0x0000008e   Zero   RW         1589    .bss                user_flash.o
    0x2000212a        -       0x0000040a   Zero   RW         1714    .bss                protocol_uart.o
    0x20002534        -       0x00000078   Zero   RW         1923    .bss                pwrmgr.o
    0x200025ac        -       0x000001c8   Zero   RW         2183    .bss                gpio.o
    0x20002774        -       0x00000020   Zero   RW         2385    .bss                uart.o
    0x20002794        -       0x00000078   Zero   RW         2463    .bss                my_printf.o
    0x2000280c        -       0x00000028   Zero   RW         2533    .bss                adc.o
    0x20002834        -       0x00000044   Zero   RW         2633    .bss                pwm.o
    0x20002878        -       0x00000058   Zero   RW         2813    .bss                spi.o
    0x200028d0        -       0x00000010   Zero   RW         3178    .bss                devinfoservice.o
    0x200028e0        -       0x00000016   Zero   RW         3236    .bss                gapgattserver.o
    0x200028f6        -       0x0000003f   Zero   RW         3317    .bss                peripheral.o
    0x20002935   COMPRESSED   0x00000001   PAD
    0x20002936        -       0x000000a6   Zero   RW         3436    .bss                gapbondmgr.o
    0x200029dc        -       0x000002e8   Zero   RW         3619    .bss                gattservapp.o
    0x20002cc4        -       0x00000c00   Zero   RW         3884    .bss                simplegattprofile.o
    0x200038c4        -       0x00001800   Zero   RW         4135    .bss                main.o
    0x200050c4        -       0x00000010   Zero   RW         4320    .bss                rf.lib(patch.o)
    0x200050d4        -       0x00000041   Zero   RW         4436    .bss                rf.lib(flash_ext.o)
    0x20005115   COMPRESSED   0x00000003   PAD
    0x20005118        -       0x00000100   Zero   RW         4258    HEAP                startup_armcm0.o
    0x20005218        -       0x00000800   Zero   RW         4257    STACK               startup_armcm0.o



  Load Region LR_IROM2 (Base: 0x1fff0800, Size: 0x00000800, Max: 0x00000800, ABSOLUTE, COMPRESSED[0x0000040c])

    Execution Region JUMP_TABLE (Exec base: 0x1fff0800, Load base: 0x1fff0800, Size: 0x00000400, Max: 0x00000400, ABSOLUTE)

    Exec Addr    Load Addr    Size         Type   Attr      Idx    E Section Name        Object

    0x1fff0800   0x1fff0800   0x00000400   Data   RO         4226    jump_table_mem_area  jump_table.o


    Execution Region GOLBAL_CONFIG (Exec base: 0x1fff0c00, Load base: 0x1fff0c00, Size: 0x00000400, Max: 0x00000400, ABSOLUTE, COMPRESSED[0x0000000c])

    Exec Addr    Load Addr    Size         Type   Attr      Idx    E Section Name        Object

    0x1fff0c00   COMPRESSED   0x00000400   Data   RW         4225    global_config_area  jump_table.o


==============================================================================

Image component sizes


      Code (inc. data)   RO Data    RW Data    ZI Data      Debug   Object Name

      1682        172          0         15         40      21718   adc.o
       712        192          0         24          0       7741   battery.o
       348         60         26        155          0      11073   battservice.o
       868         66          0         16          0      11208   blesmartperipheral.o
        20          0          0          0          0      12647   blesmartperipheral_main.o
       266         34          0          0          0       3411   clock.o
      7514        754          0         37         52      34581   command_center.o
       310         40          0          0          0       3566   common.o
       160         20         40        313         16       3271   devinfoservice.o
      3782        286       1983         24         64      24004   display.o
       436         52          0          0          0       4119   flash.o
        62         12          0          0          0       1129   gap.o
       630         16          0         36        166       9154   gapbondmgr.o
       678         44         20        131         22       5616   gapgattserver.o
      3466        182          8         93        744      28581   gattservapp.o
      1440        142          0          0        456      24174   gpio.o
       112         44       1024       1024          0       1828   jump_table.o
       400         38          0         14          0       3593   keys.o
      1542        136        108          1         36       7753   light.o
       288         44          0          0       6144       2928   main.o
       610         26          0          2        120       6368   my_printf.o
       136          6         53          4          0      74093   osal_blesmartperipheral.o
       280         14          0          0          0       3337   osal_snv.o
       792        192         68        116          0       7002   ota_app_service.o
      2016        178          0         97         63      11696   peripheral.o
       506         56         16          1       1034       5237   protocol_uart.o
       636         54          0          1         68       6144   pwm.o
       532         66          0          8        120       7552   pwrmgr.o
       908        138         34        467       3072       8667   simplegattprofile.o
      1346        102          0          0         88      19064   spi.o
        28          8        192          0       2304        608   startup_armcm0.o
        16          8          0          4          0        647   system_armcm0.o
      2208        128        195         12        174      17797   systems_parameters.o
       488        134        104         14          0       4847   temp.o
       852         82         12          0         32      14998   uart.o
      1462        158        404          4          0       9733   user_color.o
       304         18          0          0        142       4808   user_flash.o
      3232        514         19         16         72      26634   user_lighteffect.o
       164         14          0         32          0       2548   user_utils.o
        10          0          0          0          0        982   user_watchdog.o
        40          6          0          0          0       1804   watchdog.o

    ----------------------------------------------------------------------
     42400       4596       4392       2684      15032     456661   Object Totals
      1080        360         80          0          0          0   (incl. Generated)
        38          0          6         23          3          0   (incl. Padding)

    ----------------------------------------------------------------------

      Code (inc. data)   RO Data    RW Data    ZI Data      Debug   Library Member Name

        86          0          0          0          0          0   __dczerorl2.o
         0          0          0          0          0          0   entry.o
         0          0          0          0          0          0   entry10a.o
         0          0          0          0          0          0   entry11a.o
         8          4          0          0          0          0   entry2.o
         4          0          0          0          0          0   entry5.o
         0          0          0          0          0          0   entry7b.o
         0          0          0          0          0          0   entry8b.o
         8          4          0          0          0          0   entry9a.o
        18          0          0          0          0         72   fputc.o
        30          0          0          0          0          0   handlers.o
        36          8          0          0          0         68   init.o
         0          0          0          0          0          0   iusefp.o
         0          0          0          0          0          0   iusesemip.o
        32          0          0          0          0         68   llshl.o
        38          0          0          0          0         68   llsshr.o
        34          0          0          0          0         68   llushr.o
       192         20          0          0          0        144   malloc.o
        26          0          0          0          0         72   memcmp.o
        36          0          0          0          0         60   memcpya.o
        36          0          0          0          0        100   memseta.o
         0          0          0          8          0          0   mvars.o
      1222         56          0          0          0        468   printf8.o
         0          0          0          0          0          0   semi.o
         0          0          0          4          0          0   stdout.o
        96          0          0          0          0         84   uldiv.o
        20          0          0          0          0         60   uread4.o
        40          2          0          0          0         68   cdcmple.o
        20          0          0          0          0         68   cfcmple.o
        20          0          0          0          0         68   cfrcmple.o
        56          0          0          0          0         68   d2f.o
       356          4          0          0          0        140   dadd.o
       240          6          0          0          0         84   ddiv.o
       236          0          0          0          0        216   depilogue.o
        60         10          0          0          0         68   dfixui.o
        40          6          0          0          0         68   dflti.o
        28          4          0          0          0         68   dfltui.o
       208          6          0          0          0         88   dmul.o
        44          0          0          0          0         72   dscalb.o
        40          0          0          0          0         60   f2d.o
       178          0          0          0          0        108   fadd.o
       124          0          0          0          0         72   fdiv.o
       130          0          0          0          0        144   fepilogue.o
        40          0          0          0          0         60   ffixui.o
        22          0          0          0          0         68   fflti.o
        14          0          0          0          0         68   ffltui.o
       122          0          0          0          0         72   fmul.o
        24          0          0          0          0         60   fscalb.o
       648         52          0          7         65        688   flash_ext.o
      1742        282          0         25         16        744   patch.o
      1212        318          0          0          0        572   rf_phy_driver.o

    ----------------------------------------------------------------------
      7580        782          0         44         84       5124   Library Totals
        14          0          0          0          3          0   (incl. Padding)

    ----------------------------------------------------------------------

      Code (inc. data)   RO Data    RW Data    ZI Data      Debug   Library Name

      1922         92          0         12          0       1332   mc_p.l
      2042         38          0          0          0       1788   mf_p.l
      3602        652          0         32         81       2004   rf.lib

    ----------------------------------------------------------------------
      7580        782          0         44         84       5124   Library Totals

    ----------------------------------------------------------------------

==============================================================================


      Code (inc. data)   RO Data    RW Data    ZI Data      Debug   

     49980       5378       4392       2728      15116     443417   Grand Totals
     49980       5378       4392        596      15116     443417   ELF Image Totals (compressed)
     49980       5378       4392        596          0          0   ROM Totals

==============================================================================

    Total RO  Size (Code + RO Data)                54372 (  53.10kB)
    Total RW  Size (RW Data + ZI Data)             17844 (  17.43kB)
    Total ROM Size (Code + RO Data + RW Data)      54968 (  53.68kB)

==============================================================================

