Component: ARM Compiler 5.06 update 6 (build 750) Tool: armlink [4d35ed]

==============================================================================

Section Cross References

    osal_blesmartperipheral.o(i.osalInitTasks) refers to peripheral.o(i.GAPRole_Init) for GAPRole_Init
    osal_blesmartperipheral.o(i.osalInitTasks) refers to gattservapp.o(i.GATTServApp_Init) for GATTServApp_Init
    osal_blesmartperipheral.o(i.osalInitTasks) refers to systems_parameters.o(i.systems_parameters_Init) for systems_parameters_Init
    osal_blesmartperipheral.o(i.osalInitTasks) refers to blesmartperipheral.o(i.bleSmartPeripheral_Init) for bleSmartPeripheral_Init
    osal_blesmartperipheral.o(i.osalInitTasks) refers to protocol_uart.o(i.protocol_uart_Init) for protocol_uart_Init
    osal_blesmartperipheral.o(i.osalInitTasks) refers to light.o(i.light_Init) for light_Init
    osal_blesmartperipheral.o(i.osalInitTasks) refers to command_center.o(i.command_center_Init) for command_center_Init
    osal_blesmartperipheral.o(i.osalInitTasks) refers to osal_blesmartperipheral.o(.data) for .data
    osal_blesmartperipheral.o(.constdata) refers to peripheral.o(i.GAPRole_ProcessEvent) for GAPRole_ProcessEvent
    osal_blesmartperipheral.o(.constdata) refers to gattservapp.o(i.GATTServApp_ProcessEvent) for GATTServApp_ProcessEvent
    osal_blesmartperipheral.o(.constdata) refers to blesmartperipheral.o(i.bleSmartPeripheral_ProcessEvent) for bleSmartPeripheral_ProcessEvent
    osal_blesmartperipheral.o(.constdata) refers to protocol_uart.o(i.protocol_uart_ProcessEvent) for protocol_uart_ProcessEvent
    osal_blesmartperipheral.o(.constdata) refers to light.o(i.light_ProcessEvent) for light_ProcessEvent
    osal_blesmartperipheral.o(.constdata) refers to command_center.o(i.command_center_ProcessEvent) for command_center_ProcessEvent
    appservice.o(i.otaDemo_AddService) refers to gattservapp.o(i.GATTServApp_RegisterService) for GATTServApp_RegisterService
    appservice.o(i.otaDemo_AddService) refers to appservice.o(.constdata) for .constdata
    appservice.o(i.otaDemo_AddService) refers to appservice.o(.data) for .data
    appservice.o(.constdata) refers to appservice.o(.constdata) for APPServUUID
    appservice.o(.constdata) refers to appservice.o(i.APP_ReadAttrCB) for APP_ReadAttrCB
    appservice.o(.constdata) refers to appservice.o(i.APP_WriteAttrCB) for APP_WriteAttrCB
    appservice.o(.data) refers to appservice.o(.constdata) for APPService
    appservice.o(.data) refers to appservice.o(.data) for APPCtrlProps
    appservice.o(.data) refers to appservice.o(.constdata) for APPCtrlUUID
    appservice.o(.data) refers to appservice.o(.data) for APPCtrlVal
    blesmartperipheral.o(i.GAP_GetConnetInt) refers to systems_parameters.o(i.systems_param_Get_param) for systems_param_Get_param
    blesmartperipheral.o(i.GAP_GetadvInt) refers to systems_parameters.o(i.systems_param_Get_param) for systems_param_Get_param
    blesmartperipheral.o(i.GetgapProfileState) refers to blesmartperipheral.o(.data) for .data
    blesmartperipheral.o(i.LumeControlProfileChangeCB) refers to lumecontrolprofile.o(i.LumeControlProfile_GetParameter) for LumeControlProfile_GetParameter
    blesmartperipheral.o(i.LumeControlProfileChangeCB) refers to command_center.o(i.CCS_LUMECONTROL_DATA_PROCESS) for CCS_LUMECONTROL_DATA_PROCESS
    blesmartperipheral.o(i.LumeCubeProfileChangeCB) refers to lumecubeprofile.o(i.LumeCubeProfile_GetParameter) for LumeCubeProfile_GetParameter
    blesmartperipheral.o(i.LumeCubeProfileChangeCB) refers to command_center.o(i.CCS_LUMECUBE_DATA_PROCESS) for CCS_LUMECUBE_DATA_PROCESS
    blesmartperipheral.o(i.bleSmartPeripheral_Init) refers to memseta.o(.text) for __aeabi_memclr4
    blesmartperipheral.o(i.bleSmartPeripheral_Init) refers to systems_parameters.o(i.systems_param_Get_param) for systems_param_Get_param
    blesmartperipheral.o(i.bleSmartPeripheral_Init) refers to peripheral.o(i.GAPRole_SetParameter) for GAPRole_SetParameter
    blesmartperipheral.o(i.bleSmartPeripheral_Init) refers to blesmartperipheral.o(i.GAP_GetadvInt) for GAP_GetadvInt
    blesmartperipheral.o(i.bleSmartPeripheral_Init) refers to blesmartperipheral.o(i.GAP_GetConnetInt) for GAP_GetConnetInt
    blesmartperipheral.o(i.bleSmartPeripheral_Init) refers to gapgattserver.o(i.GGS_SetParameter) for GGS_SetParameter
    blesmartperipheral.o(i.bleSmartPeripheral_Init) refers to gapgattserver.o(i.GGS_AddService) for GGS_AddService
    blesmartperipheral.o(i.bleSmartPeripheral_Init) refers to battservice.o(i.Batt_AddService) for Batt_AddService
    blesmartperipheral.o(i.bleSmartPeripheral_Init) refers to devinfoservice.o(i.DevInfo_AddService) for DevInfo_AddService
    blesmartperipheral.o(i.bleSmartPeripheral_Init) refers to lumecontrolprofile.o(i.LumeControlProfile_AddService) for LumeControlProfile_AddService
    blesmartperipheral.o(i.bleSmartPeripheral_Init) refers to lumecubeprofile.o(i.LumeCubeProfile_AddService) for LumeCubeProfile_AddService
[...]
    LL_SetScanControl1                       0x1fff6aad   Thumb Code   278  patch.o(i.LL_SetScanControl1)
    LumeControlProfile_AddService            0x1fff6c19   Thumb Code    42  lumecontrolprofile.o(i.LumeControlProfile_AddService)
    LumeControlProfile_GetParameter          0x1fff6c55   Thumb Code    34  lumecontrolprofile.o(i.LumeControlProfile_GetParameter)
    LumeControlProfile_RegisterAppCBs        0x1fff6c81   Thumb Code    16  lumecontrolprofile.o(i.LumeControlProfile_RegisterAppCBs)
    LumeCubeProfile_AddService               0x1fff6cb1   Thumb Code    42  lumecubeprofile.o(i.LumeCubeProfile_AddService)
    LumeCubeProfile_GetParameter             0x1fff6ced   Thumb Code    34  lumecubeprofile.o(i.LumeCubeProfile_GetParameter)
    LumeCubeProfile_RegisterAppCBs           0x1fff6d19   Thumb Code    16  lumecubeprofile.o(i.LumeCubeProfile_RegisterAppCBs)
    LumeCubeProfile_SetParameter             0x1fff6d2d   Thumb Code    64  lumecubeprofile.o(i.LumeCubeProfile_SetParameter)
    LumeCube_GetNotifyStatus                 0x1fff6d75   Thumb Code     6  lumecubeprofile.o(i.LumeCube_GetNotifyStatus)
    OLED_ShowNum                             0x1fff6e41   Thumb Code   120  display.o(i.OLED_ShowNum)
    OLED_ShowString                          0x1fff6eb9   Thumb Code    46  display.o(i.OLED_ShowString)
    ProgramWord                              0x1fff6ee9   Thumb Code   164  flash_ext.o(i.ProgramWord)
    SimpleProfile_AddService                 0x1fff6f91   Thumb Code    42  simplegattprofile.o(i.SimpleProfile_AddService)
    SimpleProfile_GetParameter               0x1fff6fcd   Thumb Code    46  simplegattprofile.o(i.SimpleProfile_GetParameter)
    SimpleProfile_RegisterAppCBs             0x1fff7009   Thumb Code    16  simplegattprofile.o(i.SimpleProfile_RegisterAppCBs)
    SimpleProfile_SetParameter               0x1fff701d   Thumb Code   122  simplegattprofile.o(i.SimpleProfile_SetParameter)
    SystemInit                               0x1fff70b1   Thumb Code     8  system_armcm0.o(i.SystemInit)
    WaitMs                                   0x1fff70c1   Thumb Code    18  common.o(i.WaitMs)
    WaitRTCCount                             0x1fff70d5   Thumb Code    38  common.o(i.WaitRTCCount)
    WaitUs                                   0x1fff7101   Thumb Code    34  common.o(i.WaitUs)
    __0printf$8                              0x1fff7129   Thumb Code    24  printf8.o(i.__0printf$8)
    __1printf$8                              0x1fff7129   Thumb Code     0  printf8.o(i.__0printf$8)
    __2printf                                0x1fff7129   Thumb Code     0  printf8.o(i.__0printf$8)
    __0sprintf$8                             0x1fff7149   Thumb Code    36  printf8.o(i.__0sprintf$8)
    __1sprintf$8                             0x1fff7149   Thumb Code     0  printf8.o(i.__0sprintf$8)
    __2sprintf                               0x1fff7149   Thumb Code     0  printf8.o(i.__0sprintf$8)
    __ARM_clz                                0x1fff7171   Thumb Code    46  depilogue.o(i.__ARM_clz)
    __scatterload_copy                       0x1fff72a1   Thumb Code    14  handlers.o(i.__scatterload_copy)
    __scatterload_null                       0x1fff72af   Thumb Code     2  handlers.o(i.__scatterload_null)
    __scatterload_zeroinit                   0x1fff72b1   Thumb Code    14  handlers.o(i.__scatterload_zeroinit)
    app_main                                 0x1fff7759   Thumb Code    20  blesmartperipheral_main.o(i.app_main)
    arry_sort                                0x1fff776d   Thumb Code    54  patch.o(i.arry_sort)
    batt_RegisterCBs_Value                   0x1fff7861   Thumb Code    18  battery.o(i.batt_RegisterCBs_Value)
    batt_get_percent                         0x1fff792d   Thumb Code     6  battery.o(i.batt_get_percent)
    batt_init                                0x1fff7939   Thumb Code    24  battery.o(i.batt_init)
    batt_measure                             0x1fff7961   Thumb Code    22  battery.o(i.batt_measure)
    batterDisplay                            0x1fff7981   Thumb Code    82  display.o(i.batterDisplay)
    batteryPercentDisplay                    0x1fff79e5   Thumb Code   188  display.o(i.batteryPercentDisplay)
    bleSmartPeripheral_Init                  0x1fff7aad   Thumb Code   388  blesmartperipheral.o(i.bleSmartPeripheral_Init)
    bleSmartPeripheral_ProcessEvent          0x1fff7c39   Thumb Code    66  blesmartperipheral.o(i.bleSmartPeripheral_ProcessEvent)
    check_chip_id                            0x1fff7c81   Thumb Code    26  flash_ext.o(i.check_chip_id)
    check_chip_mAddr                         0x1fff7ca1   Thumb Code    26  flash_ext.o(i.check_chip_mAddr)
    check_internal_bus_busy                  0x1fff7cc1   Thumb Code    34  flash_ext.o(i.check_internal_bus_busy)
    clk_gate_disable                         0x1fff7d65   Thumb Code    20  clock.o(i.clk_gate_disable)
    clk_gate_enable                          0x1fff7d79   Thumb Code    20  clock.o(i.clk_gate_enable)
    clk_pclk                                 0x1fff7d8d   Thumb Code     6  clock.o(i.clk_pclk)
    clk_reset                                0x1fff7d99   Thumb Code    22  clock.o(i.clk_reset)
    command_center_Init                      0x1fff7db1   Thumb Code    58  command_center.o(i.command_center_Init)
    command_center_ProcessEvent              0x1fff7df1   Thumb Code   560  command_center.o(i.command_center_ProcessEvent)
    disable_spif_flash_write                 0x1fff80c1   Thumb Code    28  flash_ext.o(i.disable_spif_flash_write)
    displaySystemMenu                        0x1fff80e1   Thumb Code    60  display.o(i.displaySystemMenu)
    display_Init                             0x1fff811d   Thumb Code   114  display.o(i.display_Init)
    enable_spif_flash_write                  0x1fff819d   Thumb Code    28  flash_ext.o(i.enable_spif_flash_write)
    flash_sector_erase                       0x1fff81bd   Thumb Code    74  flash_ext.o(i.flash_sector_erase)
    fputc                                    0x1fff820d   Thumb Code    18  fputc.o(i.fputc)
    gpio_pin0to3_pin31to34_control           0x1fff9035   Thumb Code    36  gpio.o(i.gpio_pin0to3_pin31to34_control)
    hal_ADC_IRQHandler                       0x1fff9189   Thumb Code   180  adc.o(i.hal_ADC_IRQHandler)
    hal_GPIO_IRQHandler                      0x1fff924d   Thumb Code    20  gpio.o(i.hal_GPIO_IRQHandler)
    hal_SPI0_IRQHandler                      0x1fff9265   Thumb Code    46  spi.o(i.hal_SPI0_IRQHandler)
    hal_SPI1_IRQHandler                      0x1fff929d   Thumb Code    46  spi.o(i.hal_SPI1_IRQHandler)
    hal_UART0_IRQHandler                     0x1fff92d5   Thumb Code    58  uart.o(i.hal_UART0_IRQHandler)
    hal_adc_config_channel                   0x1fff9315   Thumb Code   612  adc.o(i.hal_adc_config_channel)
    hal_adc_init                             0x1fff9585   Thumb Code    24  adc.o(i.hal_adc_init)
    hal_adc_start                            0x1fff95a5   Thumb Code    52  adc.o(i.hal_adc_start)
    hal_adc_stop                             0x1fff95f1   Thumb Code   168  adc.o(i.hal_adc_stop)
    hal_adc_value_cal                        0x1fff96d5   Thumb Code   260  adc.o(i.hal_adc_value_cal)
    hal_gpio_DS_control                      0x1fff97f5   Thumb Code    34  gpio.o(i.hal_gpio_DS_control)
    hal_gpio_cfg_analog_io                   0x1fff981d   Thumb Code    58  gpio.o(i.hal_gpio_cfg_analog_io)
    hal_gpio_fmux                            0x1fff985d   Thumb Code    34  gpio.o(i.hal_gpio_fmux)
    hal_gpio_fmux_set                        0x1fff9885   Thumb Code    42  gpio.o(i.hal_gpio_fmux_set)
    hal_gpio_init                            0x1fff98b5   Thumb Code    70  gpio.o(i.hal_gpio_init)
    hal_gpio_pin_init                        0x1fff9911   Thumb Code    82  gpio.o(i.hal_gpio_pin_init)
    hal_gpio_pull_set                        0x1fff9969   Thumb Code    52  gpio.o(i.hal_gpio_pull_set)
    hal_gpio_read                            0x1fff99a1   Thumb Code    52  gpio.o(i.hal_gpio_read)
    hal_gpio_wakeup_set                      0x1fff99d9   Thumb Code    76  gpio.o(i.hal_gpio_wakeup_set)
    hal_gpio_write                           0x1fff9a29   Thumb Code    60  gpio.o(i.hal_gpio_write)
    hal_gpioin_disable                       0x1fff9a69   Thumb Code    64  gpio.o(i.hal_gpioin_disable)
    hal_gpioin_enable                        0x1fff9ab1   Thumb Code   104  gpio.o(i.hal_gpioin_enable)
    hal_gpioin_register                      0x1fff9b1d   Thumb Code    44  gpio.o(i.hal_gpioin_register)
    hal_ms_intv                              0x1fff9b4d   Thumb Code    32  clock.o(i.hal_ms_intv)
    hal_pwm_ch_enable                        0x1fff9b75   Thumb Code     8  pwm.o(i.hal_pwm_ch_enable)
    hal_pwm_close_channel                    0x1fff9b81   Thumb Code    22  pwm.o(i.hal_pwm_close_channel)
    hal_pwm_destroy                          0x1fff9b9d   Thumb Code   116  pwm.o(i.hal_pwm_destroy)
    hal_pwm_init                             0x1fff9c15   Thumb Code    84  pwm.o(i.hal_pwm_init)
    hal_pwm_open_channel                     0x1fff9c6d   Thumb Code    36  pwm.o(i.hal_pwm_open_channel)
    hal_pwm_set_count_val                    0x1fff9c95   Thumb Code    72  pwm.o(i.hal_pwm_set_count_val)
    hal_pwm_start                            0x1fff9ce1   Thumb Code    38  pwm.o(i.hal_pwm_start)
    hal_pwm_stop                             0x1fff9d11   Thumb Code    40  pwm.o(i.hal_pwm_stop)
    hal_pwrmgr_RAM_retention                 0x1fff9d41   Thumb Code    20  pwrmgr.o(i.hal_pwrmgr_RAM_retention)
    hal_pwrmgr_RAM_retention_set             0x1fff9d59   Thumb Code    20  pwrmgr.o(i.hal_pwrmgr_RAM_retention_set)
    hal_pwrmgr_init                          0x1fff9d75   Thumb Code    44  pwrmgr.o(i.hal_pwrmgr_init)
    hal_pwrmgr_is_lock                       0x1fff9da9   Thumb Code    72  pwrmgr.o(i.hal_pwrmgr_is_lock)
    hal_pwrmgr_lock                          0x1fff9df9   Thumb Code    74  pwrmgr.o(i.hal_pwrmgr_lock)
    hal_pwrmgr_register                      0x1fff9e4d   Thumb Code    62  pwrmgr.o(i.hal_pwrmgr_register)
    hal_pwrmgr_sleep_process                 0x1fff9e91   Thumb Code    46  pwrmgr.o(i.hal_pwrmgr_sleep_process)
    hal_pwrmgr_unlock                        0x1fff9ec5   Thumb Code    86  pwrmgr.o(i.hal_pwrmgr_unlock)
    hal_pwrmgr_wakeup_process                0x1fff9f25   Thumb Code    42  pwrmgr.o(i.hal_pwrmgr_wakeup_process)
    hal_read_current_time                    0x1fff9f55   Thumb Code    12  common.o(i.hal_read_current_time)
    hal_rom_code_ini                         0x1fff9fe1   Thumb Code    86  patch.o(i.hal_rom_code_ini)
    hal_rtc_clock_config                     0x1fffa045   Thumb Code   126  clock.o(i.hal_rtc_clock_config)
    hal_spi_bus_init                         0x1fffa0d1   Thumb Code   124  spi.o(i.hal_spi_bus_init)
    hal_spi_send_byte                        0x1fffa279   Thumb Code    94  spi.o(i.hal_spi_send_byte)
    hal_system_init                          0x1fffa2f1   Thumb Code   178  common.o(i.hal_system_init)
    hal_systick                              0x1fffa3c5   Thumb Code     6  clock.o(i.hal_systick)
    hal_uart_init                            0x1fffa3d1   Thumb Code    68  uart.o(i.hal_uart_init)
    hal_uart_send_buff                       0x1fffa41d   Thumb Code    22  uart.o(i.hal_uart_send_buff)
    hal_uart_set_tx_buf                      0x1fffa439   Thumb Code    54  uart.o(i.hal_uart_set_tx_buf)
    init_config                              0x1fffa521   Thumb Code   442  patch.o(i.init_config)
    keys_Debounce_Handle                     0x1fffa7f9   Thumb Code    34  keys.o(i.keys_Debounce_Handle)
    keys_Init                                0x1fffa821   Thumb Code   184  keys.o(i.keys_Init)
    keys_RegisterCBs                         0x1fffa8e5   Thumb Code    18  keys.o(i.keys_RegisterCBs)
    keys_RegisterDebounceCBs                 0x1fffa8fd   Thumb Code    18  keys.o(i.keys_RegisterDebounceCBs)
    keys_read                                0x1fffa915   Thumb Code    76  keys.o(i.keys_read)
    lcd_clear                                0x1fffa961   Thumb Code    74  display.o(i.lcd_clear)
    lcd_off                                  0x1fffaa8d   Thumb Code    22  display.o(i.lcd_off)
    lcd_on                                   0x1fffaaa3   Thumb Code    32  display.o(i.lcd_on)
    light_Init                               0x1fffaac5   Thumb Code    28  light.o(i.light_Init)
    light_ProcessEvent                       0x1fffaae5   Thumb Code    46  light.o(i.light_ProcessEvent)
    light_ctrl                               0x1fffab19   Thumb Code   152  light.o(i.light_ctrl)
    llSetupAdv1                              0x1fffad89   Thumb Code   114  patch.o(i.llSetupAdv1)
    ll_hw_go1                                0x1fffae0d   Thumb Code   220  patch.o(i.ll_hw_go1)
    main                                     0x1fffb23d   Thumb Code    78  main.o(i.main)
    osalInitTasks                            0x1fffb31d   Thumb Code   122  osal_blesmartperipheral.o(i.osalInitTasks)
    osal_snv_read                            0x1fffb39d   Thumb Code    58  osal_snv.o(i.osal_snv_read)
    osal_snv_write                           0x1fffb3ed   Thumb Code   148  osal_snv.o(i.osal_snv_write)
    otaDemo_AddService                       0x1fffb499   Thumb Code    14  appservice.o(i.otaDemo_AddService)
    ota_app_AddService                       0x1fffb57d   Thumb Code    46  ota_app_service.o(i.ota_app_AddService)
    phy_printf                               0x1fffb689   Thumb Code    50  my_printf.o(i.phy_printf)
    phy_printf_init                          0x1fffb6c5   Thumb Code    12  my_printf.o(i.phy_printf_init)
    protocol_uart_GetBandrate                0x1fffba55   Thumb Code    86  protocol_uart.o(i.protocol_uart_GetBandrate)
    protocol_uart_Init                       0x1fffbaad   Thumb Code    68  protocol_uart.o(i.protocol_uart_Init)
    protocol_uart_ProcessEvent               0x1fffbb05   Thumb Code    36  protocol_uart.o(i.protocol_uart_ProcessEvent)
    rc32k_calibration                        0x1fffbb95   Thumb Code    86  patch.o(i.rc32k_calibration)
    rc32k_calibration_check                  0x1fffbbf5   Thumb Code    60  patch.o(i.rc32k_calibration_check)
    rc32k_tracking_check                     0x1fffbc35   Thumb Code   104  patch.o(i.rc32k_tracking_check)
    read_chip_id                             0x1fffbca5   Thumb Code    52  flash_ext.o(i.read_chip_id)
    read_chip_mAddr                          0x1fffbce1   Thumb Code    56  flash_ext.o(i.read_chip_mAddr)
    rf_calibrate1                            0x1fffbd8d   Thumb Code    34  patch.o(i.rf_calibrate1)
    rf_phy_ana_cfg                           0x1fffbdb5   Thumb Code   190  rf_phy_driver.o(i.rf_phy_ana_cfg)
    rf_phy_bb_cfg                            0x1fffbea5   Thumb Code   194  rf_phy_driver.o(i.rf_phy_bb_cfg)
    rf_phy_change_cfg                        0x1fffbfc5   Thumb Code    70  rf_phy_driver.o(i.rf_phy_change_cfg)
    rf_phy_ini                               0x1fffc025   Thumb Code    24  rf_phy_driver.o(i.rf_phy_ini)
    rf_phy_set_txPower                       0x1fffc045   Thumb Code    42  rf_phy_driver.o(i.rf_phy_set_txPower)
    rf_rxDcoc_cfg                            0x1fffc079   Thumb Code   220  rf_phy_driver.o(i.rf_rxDcoc_cfg)
    rf_tpCal_gen_cap_arrary                  0x1fffc189   Thumb Code    60  rf_phy_driver.o(i.rf_tpCal_gen_cap_arrary)
    rf_tp_cal                                0x1fffc1d5   Thumb Code   114  rf_phy_driver.o(i.rf_tp_cal)
    simpleProfile_Set_notify_status          0x1fffc411   Thumb Code     6  simplegattprofile.o(i.simpleProfile_Set_notify_status)
    spi_int_enable                           0x1fffc585   Thumb Code    78  spi.o(i.spi_int_enable)
    subWriteReg                              0x1fffc729   Thumb Code    36  common.o(i.subWriteReg)
    systems_param_Get_param                  0x1fffc74d   Thumb Code   142  systems_parameters.o(i.systems_param_Get_param)
    systems_param_Set_param                  0x1fffc7e9   Thumb Code   170  systems_parameters.o(i.systems_param_Set_param)
    systems_parameters_Init                  0x1fffc89d   Thumb Code   550  systems_parameters.o(i.systems_parameters_Init)
    temperatureDisplay                       0x1fffcad1   Thumb Code    26  display.o(i.temperatureDisplay)
    temperatureDisplay_char                  0x1fffcaf5   Thumb Code    26  display.o(i.temperatureDisplay_char)
    updateArrowDisplay                       0x1fffccbd   Thumb Code    50  display.o(i.updateArrowDisplay)
    updateBLEDisplay                         0x1fffccf5   Thumb Code    22  display.o(i.updateBLEDisplay)
    updateBrightnessDisplay                  0x1fffcd0b   Thumb Code    90  display.o(i.updateBrightnessDisplay)
    updateColorTempDisplay                   0x1fffcd65   Thumb Code    32  display.o(i.updateColorTempDisplay)
    updateHotDisplay                         0x1fffcd85   Thumb Code    40  display.o(i.updateHotDisplay)
    updateRemainingTimeByValue               0x1fffcdb1   Thumb Code   318  display.o(i.updateRemainingTimeByValue)
    tasksArr                                 0x1fffcf64   Data          48  osal_blesmartperipheral.o(.constdata)
    tasksCnt                                 0x1fffcf94   Data           1  osal_blesmartperipheral.o(.constdata)
    APPServUUID                              0x1fffcf95   Data           2  appservice.o(.constdata)
    APPCtrlUUID                              0x1fffcf97   Data           2  appservice.o(.constdata)
    APPSCBs                                  0x1fffcfa4   Data          12  appservice.o(.constdata)
    trigger_ontime_effemode                  0x1fffd02e   Data          28  command_center.o(.constdata)
    NormalChargeIconArray                    0x1fffd04c   Data           5  display.o(.constdata)
    ArrowArray                               0x1fffd051   Data          14  display.o(.constdata)
    F8X16                                    0x1fffd05f   Data        1488  display.o(.constdata)
    Hzk                                      0x1fffd62f   Data        1408  display.o(.constdata)
    table_temperature                        0x1fffdbc0   Data         100  light.o(.constdata)
    battServUUID                             0x1fffdc50   Data           2  battservice.o(.constdata)
    battLevelUUID                            0x1fffdc52   Data           2  battservice.o(.constdata)
    battCBs                                  0x1fffdc5c   Data          12  battservice.o(.constdata)
    devInfoServUUID                          0x1fffdc68   Data           2  devinfoservice.o(.constdata)
    devInfoSystemIdUUID                      0x1fffdc6a   Data           2  devinfoservice.o(.constdata)
    devInfoModelNumberUUID                   0x1fffdc6c   Data           2  devinfoservice.o(.constdata)
    devInfoSerialNumberUUID                  0x1fffdc6e   Data           2  devinfoservice.o(.constdata)
    devInfoFirmwareRevUUID                   0x1fffdc70   Data           2  devinfoservice.o(.constdata)
    devInfoHardwareRevUUID                   0x1fffdc72   Data           2  devinfoservice.o(.constdata)
    devInfoSoftwareRevUUID                   0x1fffdc74   Data           2  devinfoservice.o(.constdata)
    devInfoMfrNameUUID                       0x1fffdc76   Data           2  devinfoservice.o(.constdata)
    devInfo11073CertUUID                     0x1fffdc78   Data           2  devinfoservice.o(.constdata)
    devInfoPnpIdUUID                         0x1fffdc7a   Data           2  devinfoservice.o(.constdata)
    devInfoCBs                               0x1fffdc84   Data          12  devinfoservice.o(.constdata)
    simpleProfileServUUID                    0x1fffdc90   Data           2  simplegattprofile.o(.constdata)
    simpleProfilechar1UUID                   0x1fffdc92   Data           2  simplegattprofile.o(.constdata)
    simpleProfilechar2UUID                   0x1fffdc94   Data           2  simplegattprofile.o(.constdata)
    simpleProfilechar3UUID                   0x1fffdc96   Data           2  simplegattprofile.o(.constdata)
    simpleProfilechar4UUID                   0x1fffdc98   Data           2  simplegattprofile.o(.constdata)
    simpleProfilechar5UUID                   0x1fffdc9a   Data           2  simplegattprofile.o(.constdata)
    simpleProfilechar6UUID                   0x1fffdc9c   Data           2  simplegattprofile.o(.constdata)
    simpleProfileCBs                         0x1fffdca8   Data          12  simplegattprofile.o(.constdata)
    gapServiceCBs                            0x1fffdcbc   Data          12  gapgattserver.o(.constdata)
    lumecontrolProfileServUUID               0x1fffdcd0   Data          16  lumecontrolprofile.o(.constdata)
    lumecontrolProfilechar1UUID              0x1fffdce0   Data          16  lumecontrolprofile.o(.constdata)
    lumecontrolProfileCBs                    0x1fffdcf0   Data          12  lumecontrolprofile.o(.constdata)
    lumecubeProfileServUUID                  0x1fffdd04   Data          16  lumecubeprofile.o(.constdata)
    lumecubeProfilechar1UUID                 0x1fffdd14   Data          16  lumecubeprofile.o(.constdata)
    lumecubeProfileCBs                       0x1fffdd24   Data          12  lumecubeprofile.o(.constdata)
    ota_ServiceUUID                          0x1fffdd38   Data          16  ota_app_service.o(.constdata)
    ota_CommandUUID                          0x1fffdd48   Data          16  ota_app_service.o(.constdata)
    ota_ResponseUUID                         0x1fffdd58   Data          16  ota_app_service.o(.constdata)
    ota_ProfileCBs                           0x1fffdd70   Data          12  ota_app_service.o(.constdata)
    Region$$Table$$Base                      0x1fffdd7c   Number         0  anon$$obj.o(Region$$Table)
    Region$$Table$$Limit                     0x1fffddcc   Number         0  anon$$obj.o(Region$$Table)
    tasksEvents                              0x1fffddcc   Data           4  osal_blesmartperipheral.o(.data)
    bleSmartPeripheral_TaskID                0x1fffde05   Data           1  blesmartperipheral.o(.data)
    command_center_TaskID                    0x1fffde53   Data           1  command_center.o(.data)
    light_TaskID                             0x1fffde57   Data           1  light.o(.data)
    protocol_uart_TaskID                     0x1fffde58   Data           1  protocol_uart.o(.data)
    put_char_size                            0x1fffde64   Data           2  my_printf.o(.data)
    s_pinmap                                 0x1fffde6c   Data           9  adc.o(.data)
    appTaskID                                0x1fffe25c   Data           1  gattservapp.o(.data)
    GATTServApp_TaskID                       0x1fffe25e   Data           1  gattservapp.o(.data)
    gapRole_AdvEnabled                       0x1fffe2bc   Data           1  peripheral.o(.data)
    gapRole_AdvEventType                     0x1fffe2c4   Data           1  peripheral.o(.data)
    s_reboot_flg                             0x1fffe428   Data           1  ota_app_service.o(.data)
    s_ota_app                                0x1fffe429   Data           7  ota_app_service.o(.data)
    SystemCoreClock                          0x1fffe498   Data           4  system_armcm0.o(.data)
    llModeLast                               0x1fffe49c   Data           1  patch.o(.data)
    pGlobal_config                           0x1fffe4a0   Data           4  patch.o(.data)
    g_stop_scan_t0                           0x1fffe4a4   Data           4  patch.o(.data)
    g_stop_scan_t1                           0x1fffe4a8   Data           4  patch.o(.data)
    g_stop_scan_t1_err                       0x1fffe4ac   Data           4  patch.o(.data)
    g_stop_scan_pending_ms                   0x1fffe4b0   Data           4  patch.o(.data)
    g_rfPhyClkSel                            0x1fffe4b4   Data           1  patch.o(.data)
    g_chipMAddr                              0x1fffe4b5   Data           7  flash_ext.o(.data)
    __stdout                                 0x1fffe4bc   Data           4  stdout.o(.data)
    displayParams                            0x1fffe53a   Data          24  display.o(.bss)
    put_char                                 0x1fffebcc   Data         120  my_printf.o(.bss)
    g_largeHeap                              0x1ffffd24   Data        6144  main.o(.bss)
    llModeDbg                                0x20001524   Data          16  patch.o(.bss)
    g_chipId                                 0x20001534   Data          65  flash_ext.o(.bss)
    __initial_sp                             0x20001d78   Data           0  startup_armcm0.o(STACK)



==============================================================================

Memory Map of the image

  Image Entry point : 0x1fff48c1

  Load Region LR_IROM1 (Base: 0x1fff4800, Size: 0x00009cc0, Max: 0x00010000, ABSOLUTE, COMPRESSED[0x00009830])

    Execution Region ER_IROM1 (Exec base: 0x1fff4800, Load base: 0x1fff4800, Size: 0x0000d578, Max: 0x00010000, ABSOLUTE, COMPRESSED[0x00000264])

    Exec Addr    Load Addr    Size         Type   Attr      Idx    E Section Name        Object

    0x1fff4800   0x1fff4800   0x000000c0   Data   RO         3296    RESET               startup_armcm0.o
    0x1fff48c0   0x1fff48c0   0x00000000   Code   RO         3538  * .ARM.Collect$$$$00000000  mc_p.l(entry.o)
    0x1fff48c0   0x1fff48c0   0x00000004   Code   RO         3832    .ARM.Collect$$$$00000001  mc_p.l(entry2.o)
    0x1fff48c4   0x1fff48c4   0x00000004   Code   RO         3835    .ARM.Collect$$$$00000004  mc_p.l(entry5.o)
    0x1fff48c8   0x1fff48c8   0x00000000   Code   RO         3837    .ARM.Collect$$$$00000008  mc_p.l(entry7b.o)
    0x1fff48c8   0x1fff48c8   0x00000000   Code   RO         3839    .ARM.Collect$$$$0000000A  mc_p.l(entry8b.o)
    0x1fff48c8   0x1fff48c8   0x00000008   Code   RO         3840    .ARM.Collect$$$$0000000B  mc_p.l(entry9a.o)
    0x1fff48d0   0x1fff48d0   0x00000000   Code   RO         3842    .ARM.Collect$$$$0000000D  mc_p.l(entry10a.o)
    0x1fff48d0   0x1fff48d0   0x00000000   Code   RO         3844    .ARM.Collect$$$$0000000F  mc_p.l(entry11a.o)
    0x1fff48d0   0x1fff48d0   0x00000004   Code   RO         3833    .ARM.Collect$$$$00002712  mc_p.l(entry2.o)
    0x1fff48d4   0x1fff48d4   0x0000001c   Code   RO         3297    .text               startup_armcm0.o
    0x1fff48f0   0x1fff48f0   0x00000024   Code   RO         3541    .text               mc_p.l(memcpya.o)
    0x1fff4914   0x1fff4914   0x00000024   Code   RO         3543    .text               mc_p.l(memseta.o)
    0x1fff4938   0x1fff4938   0x000000b2   Code   RO         3810    .text               mf_p.l(fadd.o)
    0x1fff49ea   0x1fff49ea   0x0000007a   Code   RO         3812    .text               mf_p.l(fmul.o)
    0x1fff4a64   0x1fff4a64   0x0000007c   Code   RO         3814    .text               mf_p.l(fdiv.o)
    0x1fff4ae0   0x1fff4ae0   0x00000018   Code   RO         3816    .text               mf_p.l(fscalb.o)
    0x1fff4af8   0x1fff4af8   0x0000002c   Code   RO         3818    .text               mf_p.l(dscalb.o)
    0x1fff4b24   0x1fff4b24   0x00000016   Code   RO         3820    .text               mf_p.l(fflti.o)
    0x1fff4b3a   0x1fff4b3a   0x0000000e   Code   RO         3822    .text               mf_p.l(ffltui.o)
    0x1fff4b48   0x1fff4b48   0x00000028   Code   RO         3824    .text               mf_p.l(dflti.o)
    0x1fff4b70   0x1fff4b70   0x00000032   Code   RO         3826    .text               mf_p.l(ffixi.o)
    0x1fff4ba2   0x1fff4ba2   0x00000028   Code   RO         3828    .text               mf_p.l(ffixui.o)
    0x1fff4bca   0x1fff4bca   0x00000038   Code   RO         3830    .text               mf_p.l(d2f.o)
    0x1fff4c02   0x1fff4c02   0x00000060   Code   RO         3849    .text               mc_p.l(uldiv.o)
    0x1fff4c62   0x1fff4c62   0x00000000   Code   RO         3851    .text               mc_p.l(iusefp.o)
    0x1fff4c62   0x1fff4c62   0x00000082   Code   RO         3852    .text               mf_p.l(fepilogue.o)
    0x1fff4ce4   0x1fff4ce4   0x000000be   Code   RO         3854    .text               mf_p.l(depilogue.o)
    0x1fff4da2   COMPRESSED   0x00000002   PAD
    0x1fff4da4   0x1fff4da4   0x00000024   Code   RO         3868    .text               mc_p.l(init.o)
    0x1fff4dc8   0x1fff4dc8   0x00000000   Code   RO         3870    .text               mc_p.l(semi.o)
    0x1fff4dc8   0x1fff4dc8   0x00000020   Code   RO         3871    .text               mc_p.l(llshl.o)
    0x1fff4de8   0x1fff4de8   0x00000022   Code   RO         3873    .text               mc_p.l(llushr.o)
    0x1fff4e0a   0x1fff4e0a   0x00000000   Code   RO         3877    .text               mc_p.l(iusesemip.o)
    0x1fff4e0a   0x1fff4e0a   0x00000056   Code   RO         3886    .text               mc_p.l(__dczerorl2.o)
    0x1fff4e60   0x1fff4e60   0x0000000c   Ven    RO         3888    Veneer$$Code        anon$$obj.o
    0x1fff4e6c   0x1fff4e6c   0x0000000c   Ven    RO         3889    Veneer$$Code        anon$$obj.o
    0x1fff4e78   0x1fff4e78   0x0000000c   Ven    RO         3890    Veneer$$Code        anon$$obj.o
    0x1fff4e84   0x1fff4e84   0x0000000c   Ven    RO         3891    Veneer$$Code        anon$$obj.o
    0x1fff4e90   0x1fff4e90   0x0000000c   Ven    RO         3892    Veneer$$Code        anon$$obj.o
    0x1fff4e9c   0x1fff4e9c   0x0000000c   Ven    RO         3893    Veneer$$Code        anon$$obj.o
    0x1fff4ea8   0x1fff4ea8   0x0000000c   Ven    RO         3894    Veneer$$Code        anon$$obj.o
    0x1fff4eb4   0x1fff4eb4   0x0000000c   Ven    RO         3895    Veneer$$Code        anon$$obj.o
    0x1fff4ec0   0x1fff4ec0   0x0000000c   Ven    RO         3896    Veneer$$Code        anon$$obj.o
    0x1fff4ecc   0x1fff4ecc   0x0000000c   Ven    RO         3897    Veneer$$Code        anon$$obj.o
    0x1fff4ed8   0x1fff4ed8   0x0000000c   Ven    RO         3898    Veneer$$Code        anon$$obj.o
    0x1fff4ee4   0x1fff4ee4   0x0000000c   Ven    RO         3899    Veneer$$Code        anon$$obj.o
    0x1fff4ef0   0x1fff4ef0   0x0000000c   Ven    RO         3900    Veneer$$Code        anon$$obj.o
    0x1fff4efc   0x1fff4efc   0x0000000c   Ven    RO         3901    Veneer$$Code        anon$$obj.o
    0x1fff4f08   0x1fff4f08   0x0000000c   Ven    RO         3902    Veneer$$Code        anon$$obj.o
    0x1fff4f14   0x1fff4f14   0x0000000c   Ven    RO         3903    Veneer$$Code        anon$$obj.o
    0x1fff4f20   0x1fff4f20   0x0000000c   Ven    RO         3904    Veneer$$Code        anon$$obj.o
    0x1fff4f2c   0x1fff4f2c   0x0000000c   Ven    RO         3905    Veneer$$Code        anon$$obj.o
    0x1fff4f38   0x1fff4f38   0x0000000c   Ven    RO         3906    Veneer$$Code        anon$$obj.o
    0x1fff4f44   0x1fff4f44   0x0000000c   Ven    RO         3907    Veneer$$Code        anon$$obj.o
    0x1fff4f50   0x1fff4f50   0x0000000c   Ven    RO         3908    Veneer$$Code        anon$$obj.o
    0x1fff4f5c   0x1fff4f5c   0x0000000c   Ven    RO         3909    Veneer$$Code        anon$$obj.o
    0x1fff4f68   0x1fff4f68   0x0000000c   Ven    RO         3910    Veneer$$Code        anon$$obj.o
    0x1fff4f74   0x1fff4f74   0x0000000c   Ven    RO         3911    Veneer$$Code        anon$$obj.o
    0x1fff4f80   0x1fff4f80   0x0000000c   Ven    RO         3912    Veneer$$Code        anon$$obj.o
    0x1fff4f8c   0x1fff4f8c   0x0000000c   Ven    RO         3913    Veneer$$Code        anon$$obj.o
    0x1fff4f98   0x1fff4f98   0x0000000c   Ven    RO         3914    Veneer$$Code        anon$$obj.o
    0x1fff4fa4   0x1fff4fa4   0x0000000c   Ven    RO         3915    Veneer$$Code        anon$$obj.o
    0x1fff4fb0   0x1fff4fb0   0x0000000c   Ven    RO         3916    Veneer$$Code        anon$$obj.o
    0x1fff4fbc   0x1fff4fbc   0x0000000c   Ven    RO         3917    Veneer$$Code        anon$$obj.o
    0x1fff4fc8   0x1fff4fc8   0x0000000c   Ven    RO         3918    Veneer$$Code        anon$$obj.o
    0x1fff4fd4   0x1fff4fd4   0x0000000c   Ven    RO         3919    Veneer$$Code        anon$$obj.o
    0x1fff4fe0   0x1fff4fe0   0x0000000c   Ven    RO         3920    Veneer$$Code        anon$$obj.o
    0x1fff4fec   0x1fff4fec   0x0000000c   Ven    RO         3921    Veneer$$Code        anon$$obj.o
    0x1fff4ff8   0x1fff4ff8   0x0000000c   Ven    RO         3922    Veneer$$Code        anon$$obj.o
    0x1fff5004   0x1fff5004   0x0000000c   Ven    RO         3923    Veneer$$Code        anon$$obj.o
    0x1fff5010   0x1fff5010   0x0000000c   Ven    RO         3924    Veneer$$Code        anon$$obj.o
    0x1fff501c   0x1fff501c   0x0000000c   Ven    RO         3925    Veneer$$Code        anon$$obj.o
    0x1fff5028   0x1fff5028   0x0000000c   Ven    RO         3926    Veneer$$Code        anon$$obj.o
    0x1fff5034   0x1fff5034   0x0000000c   Ven    RO         3927    Veneer$$Code        anon$$obj.o
    0x1fff5040   0x1fff5040   0x0000000c   Ven    RO         3928    Veneer$$Code        anon$$obj.o
    0x1fff504c   0x1fff504c   0x0000000c   Ven    RO         3929    Veneer$$Code        anon$$obj.o
    0x1fff5058   0x1fff5058   0x0000000c   Ven    RO         3930    Veneer$$Code        anon$$obj.o
    0x1fff5064   0x1fff5064   0x0000000c   Ven    RO         3931    Veneer$$Code        anon$$obj.o
    0x1fff5070   0x1fff5070   0x0000000c   Ven    RO         3932    Veneer$$Code        anon$$obj.o
    0x1fff507c   0x1fff507c   0x0000000c   Ven    RO         3933    Veneer$$Code        anon$$obj.o
    0x1fff5088   0x1fff5088   0x0000000c   Ven    RO         3934    Veneer$$Code        anon$$obj.o
    0x1fff5094   0x1fff5094   0x0000000c   Ven    RO         3935    Veneer$$Code        anon$$obj.o
    0x1fff50a0   0x1fff50a0   0x0000000c   Ven    RO         3936    Veneer$$Code        anon$$obj.o
    0x1fff50ac   0x1fff50ac   0x0000000c   Ven    RO         3937    Veneer$$Code        anon$$obj.o
    0x1fff50b8   0x1fff50b8   0x0000000c   Ven    RO         3938    Veneer$$Code        anon$$obj.o
    0x1fff50c4   0x1fff50c4   0x0000000c   Ven    RO         3939    Veneer$$Code        anon$$obj.o
    0x1fff50d0   0x1fff50d0   0x0000000c   Ven    RO         3940    Veneer$$Code        anon$$obj.o
    0x1fff50dc   0x1fff50dc   0x0000000c   Ven    RO         3941    Veneer$$Code        anon$$obj.o
    0x1fff50e8   0x1fff50e8   0x0000000c   Ven    RO         3942    Veneer$$Code        anon$$obj.o
    0x1fff50f4   0x1fff50f4   0x0000000c   Ven    RO         3943    Veneer$$Code        anon$$obj.o
    0x1fff5100   0x1fff5100   0x0000000c   Ven    RO         3944    Veneer$$Code        anon$$obj.o
    0x1fff510c   0x1fff510c   0x0000000c   Ven    RO         3945    Veneer$$Code        anon$$obj.o
    0x1fff5118   0x1fff5118   0x0000000c   Ven    RO         3946    Veneer$$Code        anon$$obj.o
    0x1fff5124   0x1fff5124   0x0000000c   Ven    RO         3947    Veneer$$Code        anon$$obj.o
    0x1fff5130   0x1fff5130   0x0000000c   Ven    RO         3948    Veneer$$Code        anon$$obj.o
    0x1fff513c   0x1fff513c   0x0000000c   Ven    RO         3949    Veneer$$Code        anon$$obj.o
    0x1fff5148   0x1fff5148   0x0000000c   Ven    RO         3950    Veneer$$Code        anon$$obj.o
    0x1fff5154   0x1fff5154   0x0000000c   Ven    RO         3951    Veneer$$Code        anon$$obj.o
    0x1fff5160   0x1fff5160   0x0000000c   Ven    RO         3952    Veneer$$Code        anon$$obj.o
    0x1fff516c   0x1fff516c   0x0000000c   Ven    RO         3953    Veneer$$Code        anon$$obj.o
    0x1fff5178   0x1fff5178   0x0000000c   Ven    RO         3954    Veneer$$Code        anon$$obj.o
    0x1fff5184   0x1fff5184   0x0000000c   Ven    RO         3955    Veneer$$Code        anon$$obj.o
    0x1fff5190   0x1fff5190   0x0000000c   Ven    RO         3956    Veneer$$Code        anon$$obj.o
    0x1fff519c   0x1fff519c   0x0000000c   Ven    RO         3957    Veneer$$Code        anon$$obj.o
    0x1fff51a8   0x1fff51a8   0x0000000c   Ven    RO         3958    Veneer$$Code        anon$$obj.o
    0x1fff51b4   0x1fff51b4   0x0000000c   Ven    RO         3959    Veneer$$Code        anon$$obj.o
    0x1fff51c0   0x1fff51c0   0x0000000c   Ven    RO         3960    Veneer$$Code        anon$$obj.o
    0x1fff51cc   0x1fff51cc   0x0000000c   Ven    RO         3961    Veneer$$Code        anon$$obj.o
    0x1fff51d8   0x1fff51d8   0x0000000c   Ven    RO         3962    Veneer$$Code        anon$$obj.o
    0x1fff51e4   0x1fff51e4   0x0000000c   Ven    RO         3963    Veneer$$Code        anon$$obj.o
    0x1fff51f0   0x1fff51f0   0x0000000c   Ven    RO         3964    Veneer$$Code        anon$$obj.o
    0x1fff51fc   0x1fff51fc   0x0000000c   Ven    RO         3965    Veneer$$Code        anon$$obj.o
    0x1fff5208   0x1fff5208   0x0000000c   Ven    RO         3966    Veneer$$Code        anon$$obj.o
    0x1fff5214   0x1fff5214   0x0000000c   Ven    RO         3967    Veneer$$Code        anon$$obj.o
    0x1fff5220   0x1fff5220   0x0000000c   Ven    RO         3968    Veneer$$Code        anon$$obj.o
    0x1fff522c   0x1fff522c   0x0000000c   Ven    RO         3969    Veneer$$Code        anon$$obj.o
    0x1fff5238   0x1fff5238   0x0000000c   Ven    RO         3970    Veneer$$Code        anon$$obj.o
    0x1fff5244   0x1fff5244   0x0000000c   Ven    RO         3971    Veneer$$Code        anon$$obj.o
    0x1fff5250   0x1fff5250   0x0000000c   Ven    RO         3972    Veneer$$Code        anon$$obj.o
    0x1fff525c   0x1fff525c   0x0000000c   Ven    RO         3973    Veneer$$Code        anon$$obj.o
    0x1fff5268   0x1fff5268   0x0000000c   Ven    RO         3974    Veneer$$Code        anon$$obj.o
    0x1fff5274   0x1fff5274   0x0000000c   Ven    RO         3975    Veneer$$Code        anon$$obj.o
    0x1fff5280   0x1fff5280   0x00000058   Code   RO          186    i.APP_ReadAttrCB    appservice.o
    0x1fff52d8   0x1fff52d8   0x00000038   Code   RO          187    i.APP_WriteAttrCB   appservice.o
    0x1fff5310   0x1fff5310   0x00000024   Code   RO         2102    i.Batt_AddService   battservice.o
    0x1fff5334   0x1fff5334   0x000000ec   Code   RO          482    i.CCS_DATATRANSFER_PROCESS  command_center.o
    0x1fff5420   0x1fff5420   0x000000bc   Code   RO          483    i.CCS_Effectmode_handle  command_center.o
    0x1fff54dc   0x1fff54dc   0x00000294   Code   RO          484    i.CCS_EventsPro_TestMode  command_center.o
    0x1fff5770   0x1fff5770   0x00000010   Code   RO          485    i.CCS_GET_ChargeStatus  command_center.o
    0x1fff5780   0x1fff5780   0x0000000c   Code   RO          486    i.CCS_GET_HOTDISPLAYSTATUS  command_center.o
    0x1fff578c   0x1fff578c   0x00000004   Code   RO          487    i.CCS_LUMECONTROL_DATA_PROCESS  command_center.o
    0x1fff5790   0x1fff5790   0x00000108   Code   RO          488    i.CCS_LUMECUBE_DATA_PROCESS  command_center.o
    0x1fff5898   0x1fff5898   0x00000054   Code   RO          489    i.CCS_NotifyStatus  command_center.o
    0x1fff58ec   0x1fff58ec   0x00000084   Code   RO          490    i.CCS_Systems_off   command_center.o
    0x1fff5970   0x1fff5970   0x00000074   Code   RO          491    i.CCS_Systems_on    command_center.o
    0x1fff59e4   0x1fff59e4   0x00000300   Code   RO          492    i.CCS_keysChange_handle  command_center.o
    0x1fff5ce4   0x1fff5ce4   0x00000018   Code   RO         2185    i.DevInfo_AddService  devinfoservice.o
    0x1fff5cfc   0x1fff5cfc   0x00000140   Code   RO         2752    i.GAPBondMgr_LinkEst  gapbondmgr.o
    0x1fff5e3c   0x1fff5e3c   0x000000b4   Code   RO         2757    i.GAPBondMgr_ResolveAddr  gapbondmgr.o
    0x1fff5ef0   0x1fff5ef0   0x000000e8   Code   RO         2648    i.GAPRole_GetParameter  peripheral.o
    0x1fff5fd8   0x1fff5fd8   0x00000044   Code   RO         2649    i.GAPRole_Init      peripheral.o
    0x1fff601c   0x1fff601c   0x000000f4   Code   RO         2650    i.GAPRole_ProcessEvent  peripheral.o
    0x1fff6110   0x1fff6110   0x00000058   Code   RO         2652    i.GAPRole_SendUpdateParam  peripheral.o
    0x1fff6168   0x1fff6168   0x00000214   Code   RO         2653    i.GAPRole_SetParameter  peripheral.o
    0x1fff637c   0x1fff637c   0x00000038   Code   RO         2654    i.GAPRole_StartDevice  peripheral.o
    0x1fff63b4   0x1fff63b4   0x00000020   Code   RO         2655    i.GAPRole_TerminateConnection  peripheral.o
    0x1fff63d4   0x1fff63d4   0x0000003e   Code   RO         2729    i.GAP_DeviceInit    gap.o
    0x1fff6412   0x1fff6412   0x00000050   Code   RO          238    i.GAP_GetConnetInt  blesmartperipheral.o
    0x1fff6462   0x1fff6462   0x0000005a   Code   RO          239    i.GAP_GetadvInt     blesmartperipheral.o
    0x1fff64bc   0x1fff64bc   0x00000022   Code   RO         2419    i.GATTServApp_FindAttr  gattservapp.o
    0x1fff64de   COMPRESSED   0x00000002   PAD
    0x1fff64e0   0x1fff64e0   0x0000004c   Code   RO         2422    i.GATTServApp_Init  gattservapp.o
    0x1fff652c   0x1fff652c   0x00000030   Code   RO         2423    i.GATTServApp_InitCharCfg  gattservapp.o
    0x1fff655c   0x1fff655c   0x00000058   Code   RO         2424    i.GATTServApp_ProcessCCCWriteReq  gattservapp.o
    0x1fff65b4   0x1fff65b4   0x00000094   Code   RO         2425    i.GATTServApp_ProcessCharCfg  gattservapp.o
    0x1fff6648   0x1fff6648   0x00000038   Code   RO         2426    i.GATTServApp_ProcessEvent  gattservapp.o
    0x1fff6680   0x1fff6680   0x00000228   Code   RO         2427    i.GATTServApp_ReadAttr  gattservapp.o
    0x1fff68a8   0x1fff68a8   0x0000000e   Code   RO         2428    i.GATTServApp_ReadCharCfg  gattservapp.o
    0x1fff68b6   COMPRESSED   0x00000002   PAD
    0x1fff68b8   0x1fff68b8   0x0000005c   Code   RO         2430    i.GATTServApp_RegisterService  gattservapp.o
    0x1fff6914   0x1fff6914   0x00000038   Code   RO         2431    i.GATTServApp_SendCCCUpdatedEvent  gattservapp.o
    0x1fff694c   0x1fff694c   0x00000024   Code   RO         2432    i.GATTServApp_SendServiceChangedInd  gattservapp.o
    0x1fff6970   0x1fff6970   0x00000018   Code   RO         2435    i.GATTServApp_UpdateCharCfg  gattservapp.o
    0x1fff6988   0x1fff6988   0x00000042   Code   RO         2436    i.GATTServApp_WriteAttr  gattservapp.o
    0x1fff69ca   COMPRESSED   0x00000002   PAD
    0x1fff69cc   0x1fff69cc   0x0000002c   Code   RO         2437    i.GATTServApp_WriteCharCfg  gattservapp.o
    0x1fff69f8   0x1fff69f8   0x00000020   Code   RO         2336    i.GGS_AddService    gapgattserver.o
    0x1fff6a18   0x1fff6a18   0x00000088   Code   RO         2342    i.GGS_SetParameter  gapgattserver.o
    0x1fff6aa0   0x1fff6aa0   0x0000000c   Code   RO          240    i.GetgapProfileState  blesmartperipheral.o
    0x1fff6aac   0x1fff6aac   0x00000150   Code   RO         3338    i.LL_SetScanControl1  rf.lib(patch.o)
    0x1fff6bfc   0x1fff6bfc   0x0000001a   Code   RO          241    i.LumeControlProfileChangeCB  blesmartperipheral.o
    0x1fff6c16   COMPRESSED   0x00000002   PAD
    0x1fff6c18   0x1fff6c18   0x0000003c   Code   RO         2923    i.LumeControlProfile_AddService  lumecontrolprofile.o
    0x1fff6c54   0x1fff6c54   0x0000002c   Code   RO         2925    i.LumeControlProfile_GetParameter  lumecontrolprofile.o
    0x1fff6c80   0x1fff6c80   0x00000014   Code   RO         2926    i.LumeControlProfile_RegisterAppCBs  lumecontrolprofile.o
    0x1fff6c94   0x1fff6c94   0x0000001a   Code   RO          242    i.LumeCubeProfileChangeCB  blesmartperipheral.o
    0x1fff6cae   COMPRESSED   0x00000002   PAD
    0x1fff6cb0   0x1fff6cb0   0x0000003c   Code   RO         3003    i.LumeCubeProfile_AddService  lumecubeprofile.o
    0x1fff6cec   0x1fff6cec   0x0000002c   Code   RO         3005    i.LumeCubeProfile_GetParameter  lumecubeprofile.o
    0x1fff6d18   0x1fff6d18   0x00000014   Code   RO         3006    i.LumeCubeProfile_RegisterAppCBs  lumecubeprofile.o
    0x1fff6d2c   0x1fff6d2c   0x00000048   Code   RO         3007    i.LumeCubeProfile_SetParameter  lumecubeprofile.o
    0x1fff6d74   0x1fff6d74   0x0000000c   Code   RO         3008    i.LumeCube_GetNotifyStatus  lumecubeprofile.o
    0x1fff6d80   0x1fff6d80   0x00000022   Code   RO          580    i.OLED_Set_Pos      display.o
    0x1fff6da2   COMPRESSED   0x00000002   PAD
    0x1fff6da4   0x1fff6da4   0x00000044   Code   RO          581    i.OLED_ShowCHinese  display.o
    0x1fff6de8   0x1fff6de8   0x00000058   Code   RO          582    i.OLED_ShowChar     display.o
    0x1fff6e40   0x1fff6e40   0x00000078   Code   RO          583    i.OLED_ShowNum      display.o
    0x1fff6eb8   0x1fff6eb8   0x0000002e   Code   RO          584    i.OLED_ShowString   display.o
    0x1fff6ee6   COMPRESSED   0x00000002   PAD
    0x1fff6ee8   0x1fff6ee8   0x000000a8   Code   RO         3457    i.ProgramWord       rf.lib(flash_ext.o)
    0x1fff6f90   0x1fff6f90   0x0000003c   Code   RO         2238    i.SimpleProfile_AddService  simplegattprofile.o
    0x1fff6fcc   0x1fff6fcc   0x0000003c   Code   RO         2239    i.SimpleProfile_GetParameter  simplegattprofile.o
    0x1fff7008   0x1fff7008   0x00000014   Code   RO         2240    i.SimpleProfile_RegisterAppCBs  simplegattprofile.o
    0x1fff701c   0x1fff701c   0x00000094   Code   RO         2241    i.SimpleProfile_SetParameter  simplegattprofile.o
    0x1fff70b0   0x1fff70b0   0x00000010   Code   RO         3304    i.SystemInit        system_armcm0.o
    0x1fff70c0   0x1fff70c0   0x00000012   Code   RO         1124    i.WaitMs            common.o
    0x1fff70d2   COMPRESSED   0x00000002   PAD
    0x1fff70d4   0x1fff70d4   0x0000002c   Code   RO         1125    i.WaitRTCCount      common.o
    0x1fff7100   0x1fff7100   0x00000028   Code   RO         1126    i.WaitUs            common.o
    0x1fff7128   0x1fff7128   0x00000020   Code   RO         3754    i.__0printf$8       mc_p.l(printf8.o)
    0x1fff7148   0x1fff7148   0x00000028   Code   RO         3756    i.__0sprintf$8      mc_p.l(printf8.o)
    0x1fff7170   0x1fff7170   0x0000002e   Code   RO         3856    i.__ARM_clz         mf_p.l(depilogue.o)
    0x1fff719e   COMPRESSED   0x00000002   PAD
    0x1fff71a0   0x1fff71a0   0x00000018   Code   RO         1253    i.__NVIC_EnableIRQ  gpio.o
    0x1fff71b8   0x1fff71b8   0x00000044   Code   RO         1254    i.__NVIC_SetPriority  gpio.o
    0x1fff71fc   0x1fff71fc   0x00000044   Code   RO         1847    i.__NVIC_SetPriority  spi.o
    0x1fff7240   0x1fff7240   0x00000044   Code   RO         3160    i.__NVIC_SetPriority  main.o
    0x1fff7284   0x1fff7284   0x0000001c   Code   RO         3083    i.__NVIC_SystemReset  ota_app_service.o
    0x1fff72a0   0x1fff72a0   0x0000000e   Code   RO         3880    i.__scatterload_copy  mc_p.l(handlers.o)
    0x1fff72ae   0x1fff72ae   0x00000002   Code   RO         3881    i.__scatterload_null  mc_p.l(handlers.o)
    0x1fff72b0   0x1fff72b0   0x0000000e   Code   RO         3882    i.__scatterload_zeroinit  mc_p.l(handlers.o)
    0x1fff72be   COMPRESSED   0x00000002   PAD
    0x1fff72c0   0x1fff72c0   0x00000428   Code   RO         3761    i._printf_core      mc_p.l(printf8.o)
    0x1fff76e8   0x1fff76e8   0x00000020   Code   RO         3762    i._printf_post_padding  mc_p.l(printf8.o)
    0x1fff7708   0x1fff7708   0x0000002c   Code   RO         3763    i._printf_pre_padding  mc_p.l(printf8.o)
    0x1fff7734   0x1fff7734   0x0000000a   Code   RO         3765    i._sputc            mc_p.l(printf8.o)
    0x1fff773e   COMPRESSED   0x00000002   PAD
    0x1fff7740   0x1fff7740   0x00000018   Code   RO         1604    i.adc_wakeup_hdl    adc.o
    0x1fff7758   0x1fff7758   0x00000014   Code   RO            1    i.app_main          blesmartperipheral_main.o
    0x1fff776c   0x1fff776c   0x00000036   Code   RO         3340    i.arry_sort         rf.lib(patch.o)
    0x1fff77a2   COMPRESSED   0x00000002   PAD
    0x1fff77a4   0x1fff77a4   0x00000060   Code   RO         2109    i.battReadAttrCB    battservice.o
    0x1fff7804   0x1fff7804   0x0000005c   Code   RO         2110    i.battWriteAttrCB   battservice.o
    0x1fff7860   0x1fff7860   0x00000018   Code   RO          425    i.batt_RegisterCBs_Value  battery.o
    0x1fff7878   0x1fff7878   0x000000b4   Code   RO          426    i.batt_adc_evt      battery.o
    0x1fff792c   0x1fff792c   0x0000000c   Code   RO          427    i.batt_get_percent  battery.o
    0x1fff7938   0x1fff7938   0x00000028   Code   RO          429    i.batt_init         battery.o
    0x1fff7960   0x1fff7960   0x00000020   Code   RO          430    i.batt_measure      battery.o
    0x1fff7980   0x1fff7980   0x00000064   Code   RO          585    i.batterDisplay     display.o
    0x1fff79e4   0x1fff79e4   0x000000c8   Code   RO          586    i.batteryPercentDisplay  display.o
    0x1fff7aac   0x1fff7aac   0x0000018c   Code   RO          243    i.bleSmartPeripheral_Init  blesmartperipheral.o
    0x1fff7c38   0x1fff7c38   0x00000048   Code   RO          244    i.bleSmartPeripheral_ProcessEvent  blesmartperipheral.o
    0x1fff7c80   0x1fff7c80   0x00000020   Code   RO         3462    i.check_chip_id     rf.lib(flash_ext.o)
    0x1fff7ca0   0x1fff7ca0   0x00000020   Code   RO         3463    i.check_chip_mAddr  rf.lib(flash_ext.o)
    0x1fff7cc0   0x1fff7cc0   0x00000028   Code   RO         3464    i.check_internal_bus_busy  rf.lib(flash_ext.o)
    0x1fff7ce8   0x1fff7ce8   0x0000006c   Code   RO         3465    i.chip_id_one_bit_hot_convter  rf.lib(flash_ext.o)
    0x1fff7d54   0x1fff7d54   0x00000010   Code   RO         1605    i.clear_adcc_cfg    adc.o
    0x1fff7d64   0x1fff7d64   0x00000014   Code   RO          944    i.clk_gate_disable  clock.o
    0x1fff7d78   0x1fff7d78   0x00000014   Code   RO          945    i.clk_gate_enable   clock.o
    0x1fff7d8c   0x1fff7d8c   0x0000000c   Code   RO          947    i.clk_pclk          clock.o
    0x1fff7d98   0x1fff7d98   0x00000016   Code   RO          948    i.clk_reset         clock.o
    0x1fff7dae   COMPRESSED   0x00000002   PAD
    0x1fff7db0   0x1fff7db0   0x00000040   Code   RO          493    i.command_center_Init  command_center.o
    0x1fff7df0   0x1fff7df0   0x00000248   Code   RO          494    i.command_center_ProcessEvent  command_center.o
    0x1fff8038   0x1fff8038   0x00000088   Code   RO         2186    i.devInfo_ReadAttrCB  devinfoservice.o
    0x1fff80c0   0x1fff80c0   0x00000020   Code   RO         3467    i.disable_spif_flash_write  rf.lib(flash_ext.o)
    0x1fff80e0   0x1fff80e0   0x0000003c   Code   RO          587    i.displaySystemMenu  display.o
    0x1fff811c   0x1fff811c   0x00000080   Code   RO          588    i.display_Init      display.o
    0x1fff819c   0x1fff819c   0x00000020   Code   RO         3468    i.enable_spif_flash_write  rf.lib(flash_ext.o)
    0x1fff81bc   0x1fff81bc   0x00000050   Code   RO         3470    i.flash_sector_erase  rf.lib(flash_ext.o)
    0x1fff820c   0x1fff820c   0x00000012   Code   RO         3846    i.fputc             mc_p.l(fputc.o)
    0x1fff821e   COMPRESSED   0x00000002   PAD
    0x1fff8220   0x1fff8220   0x00000030   Code   RO         2768    i.gapBondMgrFindAddr  gapbondmgr.o
    0x1fff8250   0x1fff8250   0x00000036   Code   RO         2770    i.gapBondMgrGetPublicAddr  gapbondmgr.o
    0x1fff8286   0x1fff8286   0x0000001c   Code   RO         2771    i.gapBondMgrInvertCharCfgItem  gapbondmgr.o
    0x1fff82a2   COMPRESSED   0x00000002   PAD
    0x1fff82a4   0x1fff82a4   0x000001f4   Code   RO         2656    i.gapRole_ProcessGAPMsg  peripheral.o
    0x1fff8498   0x1fff8498   0x000000b0   Code   RO         2657    i.gapRole_ProcessOSALMsg  peripheral.o
    0x1fff8548   0x1fff8548   0x00000058   Code   RO         2658    i.gapRole_startConnUpdate  peripheral.o
    0x1fff85a0   0x1fff85a0   0x0000000e   Code   RO         2438    i.gattServApp_FindAuthorizeAttrCB  gattservapp.o
    0x1fff85ae   0x1fff85ae   0x0000001c   Code   RO         2439    i.gattServApp_FindCharCfgItem  gattservapp.o
    0x1fff85ca   COMPRESSED   0x00000002   PAD
    0x1fff85cc   0x1fff85cc   0x00000024   Code   RO         2440    i.gattServApp_FindPrepareWriteQ  gattservapp.o
    0x1fff85f0   0x1fff85f0   0x00000020   Code   RO         2441    i.gattServApp_FindServiceCBs  gattservapp.o
    0x1fff8610   0x1fff8610   0x0000005c   Code   RO         2442    i.gattServApp_HandleConnStatusCB  gattservapp.o
    0x1fff866c   0x1fff866c   0x00000088   Code   RO         2443    i.gattServApp_ProcessExecuteWriteReq  gattservapp.o
    0x1fff86f4   0x1fff86f4   0x000000f0   Code   RO         2444    i.gattServApp_ProcessFindByTypeValueReq  gattservapp.o
    0x1fff87e4   0x1fff87e4   0x00000164   Code   RO         2445    i.gattServApp_ProcessMsg  gattservapp.o
    0x1fff8948   0x1fff8948   0x000000a4   Code   RO         2446    i.gattServApp_ProcessPrepareWriteReq  gattservapp.o
    0x1fff89ec   0x1fff89ec   0x00000138   Code   RO         2447    i.gattServApp_ProcessReadByGrpTypeReq  gattservapp.o
    0x1fff8b24   0x1fff8b24   0x00000118   Code   RO         2448    i.gattServApp_ProcessReadByTypeReq  gattservapp.o
    0x1fff8c3c   0x1fff8c3c   0x000000c8   Code   RO         2449    i.gattServApp_ProcessReadMultiReq  gattservapp.o
    0x1fff8d04   0x1fff8d04   0x0000007a   Code   RO         2450    i.gattServApp_ProcessWriteReq  gattservapp.o
    0x1fff8d7e   COMPRESSED   0x00000002   PAD
    0x1fff8d80   0x1fff8d80   0x00000078   Code   RO         2452    i.gattServApp_SetNumPrepareWrites  gattservapp.o
    0x1fff8df8   0x1fff8df8   0x000000c2   Code   RO         2343    i.ggs_ReadAttrCB    gapgattserver.o
    0x1fff8eba   0x1fff8eba   0x00000058   Code   RO         2344    i.ggs_SetAttrWPermit  gapgattserver.o
    0x1fff8f12   COMPRESSED   0x00000002   PAD
    0x1fff8f14   0x1fff8f14   0x000000e4   Code   RO         2345    i.ggs_WriteAttrCB   gapgattserver.o
    0x1fff8ff8   0x1fff8ff8   0x0000003c   Code   RO         1255    i.gpio_interrupt_enable  gpio.o
    0x1fff9034   0x1fff9034   0x00000028   Code   RO         1256    i.gpio_pin0to3_pin31to34_control  gpio.o
    0x1fff905c   0x1fff905c   0x00000044   Code   RO         1257    i.gpio_sleep_handler  gpio.o
    0x1fff90a0   0x1fff90a0   0x0000005c   Code   RO         1258    i.gpio_wakeup_handler  gpio.o
    0x1fff90fc   0x1fff90fc   0x00000068   Code   RO         1259    i.gpioin_event      gpio.o
    0x1fff9164   0x1fff9164   0x00000024   Code   RO         1260    i.gpioin_event_pin  gpio.o
    0x1fff9188   0x1fff9188   0x000000c4   Code   RO         1606    i.hal_ADC_IRQHandler  adc.o
    0x1fff924c   0x1fff924c   0x00000018   Code   RO         1261    i.hal_GPIO_IRQHandler  gpio.o
    0x1fff9264   0x1fff9264   0x00000038   Code   RO         1848    i.hal_SPI0_IRQHandler  spi.o
    0x1fff929c   0x1fff929c   0x00000038   Code   RO         1849    i.hal_SPI1_IRQHandler  spi.o
    0x1fff92d4   0x1fff92d4   0x00000040   Code   RO         1463    i.hal_UART0_IRQHandler  uart.o
    0x1fff9314   0x1fff9314   0x00000270   Code   RO         1608    i.hal_adc_config_channel  adc.o
    0x1fff9584   0x1fff9584   0x00000020   Code   RO         1609    i.hal_adc_init      adc.o
    0x1fff95a4   0x1fff95a4   0x0000004c   Code   RO         1610    i.hal_adc_start     adc.o
    0x1fff95f0   0x1fff95f0   0x000000e4   Code   RO         1611    i.hal_adc_stop      adc.o
    0x1fff96d4   0x1fff96d4   0x00000120   Code   RO         1612    i.hal_adc_value_cal  adc.o
    0x1fff97f4   0x1fff97f4   0x00000028   Code   RO         1262    i.hal_gpio_DS_control  gpio.o
    0x1fff981c   0x1fff981c   0x00000040   Code   RO         1263    i.hal_gpio_cfg_analog_io  gpio.o
    0x1fff985c   0x1fff985c   0x00000028   Code   RO         1265    i.hal_gpio_fmux     gpio.o
    0x1fff9884   0x1fff9884   0x00000030   Code   RO         1266    i.hal_gpio_fmux_set  gpio.o
    0x1fff98b4   0x1fff98b4   0x0000005c   Code   RO         1267    i.hal_gpio_init     gpio.o
    0x1fff9910   0x1fff9910   0x00000058   Code   RO         1276    i.hal_gpio_pin_init  gpio.o
    0x1fff9968   0x1fff9968   0x00000038   Code   RO         1277    i.hal_gpio_pull_set  gpio.o
    0x1fff99a0   0x1fff99a0   0x00000038   Code   RO         1278    i.hal_gpio_read     gpio.o
    0x1fff99d8   0x1fff99d8   0x00000050   Code   RO         1280    i.hal_gpio_wakeup_set  gpio.o
    0x1fff9a28   0x1fff9a28   0x00000040   Code   RO         1281    i.hal_gpio_write    gpio.o
    0x1fff9a68   0x1fff9a68   0x00000048   Code   RO         1282    i.hal_gpioin_disable  gpio.o
    0x1fff9ab0   0x1fff9ab0   0x0000006c   Code   RO         1283    i.hal_gpioin_enable  gpio.o
    0x1fff9b1c   0x1fff9b1c   0x00000030   Code   RO         1284    i.hal_gpioin_register  gpio.o
    0x1fff9b4c   0x1fff9b4c   0x00000028   Code   RO          949    i.hal_ms_intv       clock.o
    0x1fff9b74   0x1fff9b74   0x0000000c   Code   RO         1685    i.hal_pwm_ch_enable  pwm.o
    0x1fff9b80   0x1fff9b80   0x0000001c   Code   RO         1689    i.hal_pwm_close_channel  pwm.o
    0x1fff9b9c   0x1fff9b9c   0x00000078   Code   RO         1690    i.hal_pwm_destroy   pwm.o
    0x1fff9c14   0x1fff9c14   0x00000058   Code   RO         1692    i.hal_pwm_init      pwm.o
    0x1fff9c6c   0x1fff9c6c   0x00000028   Code   RO         1695    i.hal_pwm_open_channel  pwm.o
    0x1fff9c94   0x1fff9c94   0x0000004c   Code   RO         1696    i.hal_pwm_set_count_val  pwm.o
    0x1fff9ce0   0x1fff9ce0   0x00000030   Code   RO         1697    i.hal_pwm_start     pwm.o
    0x1fff9d10   0x1fff9d10   0x00000030   Code   RO         1698    i.hal_pwm_stop      pwm.o
    0x1fff9d40   0x1fff9d40   0x00000018   Code   RO         1016    i.hal_pwrmgr_RAM_retention  pwrmgr.o
    0x1fff9d58   0x1fff9d58   0x0000001c   Code   RO         1018    i.hal_pwrmgr_RAM_retention_set  pwrmgr.o
    0x1fff9d74   0x1fff9d74   0x00000034   Code   RO         1019    i.hal_pwrmgr_init   pwrmgr.o
    0x1fff9da8   0x1fff9da8   0x00000050   Code   RO         1020    i.hal_pwrmgr_is_lock  pwrmgr.o
    0x1fff9df8   0x1fff9df8   0x00000054   Code   RO         1021    i.hal_pwrmgr_lock   pwrmgr.o
    0x1fff9e4c   0x1fff9e4c   0x00000044   Code   RO         1023    i.hal_pwrmgr_register  pwrmgr.o
    0x1fff9e90   0x1fff9e90   0x00000034   Code   RO         1024    i.hal_pwrmgr_sleep_process  pwrmgr.o
    0x1fff9ec4   0x1fff9ec4   0x00000060   Code   RO         1025    i.hal_pwrmgr_unlock  pwrmgr.o
    0x1fff9f24   0x1fff9f24   0x00000030   Code   RO         1027    i.hal_pwrmgr_wakeup_process  pwrmgr.o
    0x1fff9f54   0x1fff9f54   0x00000014   Code   RO         1139    i.hal_read_current_time  common.o
    0x1fff9f68   0x1fff9f68   0x00000078   Code   RO         3161    i.hal_rfphy_init    main.o
    0x1fff9fe0   0x1fff9fe0   0x00000064   Code   RO         3343    i.hal_rom_code_ini  rf.lib(patch.o)
    0x1fffa044   0x1fffa044   0x0000008c   Code   RO          950    i.hal_rtc_clock_config  clock.o
    0x1fffa0d0   0x1fffa0d0   0x00000080   Code   RO         1852    i.hal_spi_bus_init  spi.o
    0x1fffa150   0x1fffa150   0x00000090   Code   RO         1856    i.hal_spi_master_init  spi.o
    0x1fffa1e0   0x1fffa1e0   0x00000098   Code   RO         1859    i.hal_spi_pin_init  spi.o
    0x1fffa278   0x1fffa278   0x00000078   Code   RO         1860    i.hal_spi_send_byte  spi.o
    0x1fffa2f0   0x1fffa2f0   0x000000d4   Code   RO         1141    i.hal_system_init   common.o
    0x1fffa3c4   0x1fffa3c4   0x0000000c   Code   RO          951    i.hal_systick       clock.o
    0x1fffa3d0   0x1fffa3d0   0x0000004c   Code   RO         1465    i.hal_uart_init     uart.o
    0x1fffa41c   0x1fffa41c   0x0000001c   Code   RO         1466    i.hal_uart_send_buff  uart.o
    0x1fffa438   0x1fffa438   0x0000003c   Code   RO         1468    i.hal_uart_set_tx_buf  uart.o
    0x1fffa474   0x1fffa474   0x0000006c   Code   RO         3084    i.handleConnStatusCB  ota_app_service.o
    0x1fffa4e0   0x1fffa4e0   0x00000040   Code   RO         3258    i.hard_fault        jump_table.o
    0x1fffa520   0x1fffa520   0x0000020c   Code   RO         3344    i.init_config       rf.lib(patch.o)
    0x1fffa72c   0x1fffa72c   0x00000050   Code   RO         1469    i.irq_rx_handler    uart.o
    0x1fffa77c   0x1fffa77c   0x0000007c   Code   RO         1470    i.irq_tx_empty_handler  uart.o
    0x1fffa7f8   0x1fffa7f8   0x00000028   Code   RO         2046    i.keys_Debounce_Handle  keys.o
    0x1fffa820   0x1fffa820   0x000000c4   Code   RO         2047    i.keys_Init         keys.o
    0x1fffa8e4   0x1fffa8e4   0x00000018   Code   RO         2048    i.keys_RegisterCBs  keys.o
    0x1fffa8fc   0x1fffa8fc   0x00000018   Code   RO         2049    i.keys_RegisterDebounceCBs  keys.o
    0x1fffa914   0x1fffa914   0x0000004c   Code   RO         2050    i.keys_read         keys.o
    0x1fffa960   0x1fffa960   0x00000050   Code   RO          589    i.lcd_clear         display.o
    0x1fffa9b0   0x1fffa9b0   0x000000dc   Code   RO          590    i.lcd_config        display.o
    0x1fffaa8c   0x1fffaa8c   0x00000016   Code   RO          591    i.lcd_off           display.o
    0x1fffaaa2   0x1fffaaa2   0x00000020   Code   RO          592    i.lcd_on            display.o
    0x1fffaac2   COMPRESSED   0x00000002   PAD
    0x1fffaac4   0x1fffaac4   0x00000020   Code   RO          769    i.light_Init        light.o
    0x1fffaae4   0x1fffaae4   0x00000034   Code   RO          770    i.light_ProcessEvent  light.o
    0x1fffab18   0x1fffab18   0x0000009c   Code   RO          771    i.light_ctrl        light.o
    0x1fffabb4   0x1fffabb4   0x0000008c   Code   RO          772    i.light_off         light.o
    0x1fffac40   0x1fffac40   0x00000148   Code   RO          773    i.light_update      light.o
    0x1fffad88   0x1fffad88   0x00000084   Code   RO         3346    i.llSetupAdv1       rf.lib(patch.o)
    0x1fffae0c   0x1fffae0c   0x0000011c   Code   RO         3347    i.ll_hw_go1         rf.lib(patch.o)
    0x1fffaf28   0x1fffaf28   0x0000007c   Code   RO         3085    i.load_ota_version  ota_app_service.o
    0x1fffafa4   0x1fffafa4   0x00000030   Code   RO         2930    i.lumecontrolProfile_HandleConnStatusCB  lumecontrolprofile.o
    0x1fffafd4   0x1fffafd4   0x00000064   Code   RO         2931    i.lumecontrolProfile_ReadAttrCB  lumecontrolprofile.o
    0x1fffb038   0x1fffb038   0x000000b8   Code   RO         2932    i.lumecontrolProfile_WriteAttrCB  lumecontrolprofile.o
    0x1fffb0f0   0x1fffb0f0   0x00000030   Code   RO         3010    i.lumecubeProfile_HandleConnStatusCB  lumecubeprofile.o
    0x1fffb120   0x1fffb120   0x00000064   Code   RO         3011    i.lumecubeProfile_ReadAttrCB  lumecubeprofile.o
    0x1fffb184   0x1fffb184   0x000000b8   Code   RO         3012    i.lumecubeProfile_WriteAttrCB  lumecubeprofile.o
    0x1fffb23c   0x1fffb23c   0x00000070   Code   RO         3162    i.main              main.o
    0x1fffb2ac   0x1fffb2ac   0x00000070   Code   RO         2051    i.negedge_callback_wakeup  keys.o
    0x1fffb31c   0x1fffb31c   0x00000080   Code   RO           52    i.osalInitTasks     osal_blesmartperipheral.o
    0x1fffb39c   0x1fffb39c   0x00000050   Code   RO         3207    i.osal_snv_read     osal_snv.o
    0x1fffb3ec   0x1fffb3ec   0x000000ac   Code   RO         3208    i.osal_snv_write    osal_snv.o
    0x1fffb498   0x1fffb498   0x00000018   Code   RO          188    i.otaDemo_AddService  appservice.o
    0x1fffb4b0   0x1fffb4b0   0x00000028   Code   RO         3086    i.ota_ReadAttrCB    ota_app_service.o
    0x1fffb4d8   0x1fffb4d8   0x000000a4   Code   RO         3087    i.ota_WriteAttrCB   ota_app_service.o
    0x1fffb57c   0x1fffb57c   0x0000005c   Code   RO         3088    i.ota_app_AddService  ota_app_service.o
    0x1fffb5d8   0x1fffb5d8   0x000000b0   Code   RO          245    i.peripheralStateNotificationCB  blesmartperipheral.o
    0x1fffb688   0x1fffb688   0x0000003c   Code   RO         1544    i.phy_printf        my_printf.o
    0x1fffb6c4   0x1fffb6c4   0x00000010   Code   RO         1545    i.phy_printf_init   my_printf.o
    0x1fffb6d4   0x1fffb6d4   0x0000004c   Code   RO         2052    i.posedge_callback_wakeup  keys.o
    0x1fffb720   0x1fffb720   0x000000f0   Code   RO         1546    i.print             my_printf.o
    0x1fffb810   0x1fffb810   0x00000034   Code   RO         3209    i.print_hex         osal_snv.o
    0x1fffb844   0x1fffb844   0x0000002c   Code   RO         1548    i.printchar         my_printf.o
    0x1fffb870   0x1fffb870   0x00000092   Code   RO         1549    i.printi            my_printf.o
    0x1fffb902   0x1fffb902   0x00000070   Code   RO         1550    i.prints            my_printf.o
    0x1fffb972   COMPRESSED   0x00000002   PAD
    0x1fffb974   0x1fffb974   0x000000e0   Code   RO         3089    i.process_cmd       ota_app_service.o
    0x1fffba54   0x1fffba54   0x00000056   Code   RO          821    i.protocol_uart_GetBandrate  protocol_uart.o
    0x1fffbaaa   COMPRESSED   0x00000002   PAD
    0x1fffbaac   0x1fffbaac   0x00000058   Code   RO          822    i.protocol_uart_Init  protocol_uart.o
    0x1fffbb04   0x1fffbb04   0x00000028   Code   RO          823    i.protocol_uart_ProcessEvent  protocol_uart.o
    0x1fffbb2c   0x1fffbb2c   0x0000004c   Code   RO          824    i.protocol_uart_evt_hdl  protocol_uart.o
    0x1fffbb78   0x1fffbb78   0x0000001c   Code   RO          825    i.protocol_uart_wakeup_handle  protocol_uart.o
    0x1fffbb94   0x1fffbb94   0x00000060   Code   RO         3350    i.rc32k_calibration  rf.lib(patch.o)
    0x1fffbbf4   0x1fffbbf4   0x00000040   Code   RO         3351    i.rc32k_calibration_check  rf.lib(patch.o)
    0x1fffbc34   0x1fffbc34   0x00000070   Code   RO         3352    i.rc32k_tracking_check  rf.lib(patch.o)
    0x1fffbca4   0x1fffbca4   0x0000003c   Code   RO         3471    i.read_chip_id      rf.lib(flash_ext.o)
    0x1fffbce0   0x1fffbce0   0x00000040   Code   RO         3472    i.read_chip_mAddr   rf.lib(flash_ext.o)
    0x1fffbd20   0x1fffbd20   0x0000006c   Code   RO         3090    i.response          ota_app_service.o
    0x1fffbd8c   0x1fffbd8c   0x00000028   Code   RO         3353    i.rf_calibrate1     rf.lib(patch.o)
    0x1fffbdb4   0x1fffbdb4   0x000000f0   Code   RO         3393    i.rf_phy_ana_cfg    rf.lib(rf_phy_driver.o)
    0x1fffbea4   0x1fffbea4   0x00000120   Code   RO         3394    i.rf_phy_bb_cfg     rf.lib(rf_phy_driver.o)
    0x1fffbfc4   0x1fffbfc4   0x00000060   Code   RO         3395    i.rf_phy_change_cfg  rf.lib(rf_phy_driver.o)
    0x1fffc024   0x1fffc024   0x00000020   Code   RO         3412    i.rf_phy_ini        rf.lib(rf_phy_driver.o)
    0x1fffc044   0x1fffc044   0x00000034   Code   RO         3413    i.rf_phy_set_txPower  rf.lib(rf_phy_driver.o)
    0x1fffc078   0x1fffc078   0x00000110   Code   RO         3414    i.rf_rxDcoc_cfg     rf.lib(rf_phy_driver.o)
    0x1fffc188   0x1fffc188   0x0000004c   Code   RO         3417    i.rf_tpCal_gen_cap_arrary  rf.lib(rf_phy_driver.o)
    0x1fffc1d4   0x1fffc1d4   0x0000009c   Code   RO         3418    i.rf_tp_cal         rf.lib(rf_phy_driver.o)
    0x1fffc270   0x1fffc270   0x00000014   Code   RO         3163    i.rf_wakeup_handler  main.o
    0x1fffc284   0x1fffc284   0x00000088   Code   RO         1613    i.set_sampling_resolution  adc.o
    0x1fffc30c   0x1fffc30c   0x00000020   Code   RO          246    i.simpleProfileChangeCB  blesmartperipheral.o
    0x1fffc32c   0x1fffc32c   0x00000030   Code   RO         2243    i.simpleProfile_HandleConnStatusCB  simplegattprofile.o
    0x1fffc35c   0x1fffc35c   0x000000b4   Code   RO         2244    i.simpleProfile_ReadAttrCB  simplegattprofile.o
    0x1fffc410   0x1fffc410   0x0000000c   Code   RO         2245    i.simpleProfile_Set_notify_status  simplegattprofile.o
    0x1fffc41c   0x1fffc41c   0x000000b4   Code   RO         2246    i.simpleProfile_WriteAttrCB  simplegattprofile.o
    0x1fffc4d0   0x1fffc4d0   0x00000038   Code   RO         3210    i.snv_calc_addr     osal_snv.o
    0x1fffc508   0x1fffc508   0x0000003c   Code   RO         3211    i.snvwr             osal_snv.o
    0x1fffc544   0x1fffc544   0x00000040   Code   RO         1875    i.spi_int_disable   spi.o
    0x1fffc584   0x1fffc584   0x00000060   Code   RO         1876    i.spi_int_enable    spi.o
    0x1fffc5e4   0x1fffc5e4   0x000000e8   Code   RO         1877    i.spi_int_handle    spi.o
    0x1fffc6cc   0x1fffc6cc   0x0000005c   Code   RO         1878    i.spis_int_handle   spi.o
    0x1fffc728   0x1fffc728   0x00000024   Code   RO         1143    i.subWriteReg       common.o
    0x1fffc74c   0x1fffc74c   0x0000009c   Code   RO          382    i.systems_param_Get_param  systems_parameters.o
    0x1fffc7e8   0x1fffc7e8   0x000000b4   Code   RO          383    i.systems_param_Set_param  systems_parameters.o
    0x1fffc89c   0x1fffc89c   0x00000234   Code   RO          384    i.systems_parameters_Init  systems_parameters.o
    0x1fffcad0   0x1fffcad0   0x00000024   Code   RO          593    i.temperatureDisplay  display.o
    0x1fffcaf4   0x1fffcaf4   0x00000024   Code   RO          594    i.temperatureDisplay_char  display.o
    0x1fffcb18   0x1fffcb18   0x00000068   Code   RO         1471    i.txmit_buf_polling  uart.o
    0x1fffcb80   0x1fffcb80   0x00000080   Code   RO         1472    i.txmit_buf_use_tx_buf  uart.o
    0x1fffcc00   0x1fffcc00   0x000000bc   Code   RO         1473    i.uart_hw_config    uart.o
    0x1fffccbc   0x1fffccbc   0x00000038   Code   RO          595    i.updateArrowDisplay  display.o
    0x1fffccf4   0x1fffccf4   0x00000016   Code   RO          596    i.updateBLEDisplay  display.o
    0x1fffcd0a   0x1fffcd0a   0x0000005a   Code   RO          597    i.updateBrightnessDisplay  display.o
    0x1fffcd64   0x1fffcd64   0x00000020   Code   RO          598    i.updateColorTempDisplay  display.o
    0x1fffcd84   0x1fffcd84   0x0000002c   Code   RO          599    i.updateHotDisplay  display.o
    0x1fffcdb0   0x1fffcdb0   0x0000014c   Code   RO          602    i.updateRemainingTimeByValue  display.o
    0x1fffcefc   0x1fffcefc   0x00000034   Code   RO          604    i.write_cmd         display.o
    0x1fffcf30   0x1fffcf30   0x00000034   Code   RO          605    i.write_data        display.o
    0x1fffcf64   0x1fffcf64   0x00000030   Data   RO           53    .constdata          osal_blesmartperipheral.o
    0x1fffcf94   0x1fffcf94   0x00000001   Data   RO           54    .constdata          osal_blesmartperipheral.o
    0x1fffcf95   0x1fffcf95   0x00000002   Data   RO          189    .constdata          appservice.o
    0x1fffcf97   0x1fffcf97   0x00000002   Data   RO          190    .constdata          appservice.o
    0x1fffcf99   COMPRESSED   0x00000003   PAD
    0x1fffcf9c   0x1fffcf9c   0x00000008   Data   RO          191    .constdata          appservice.o
    0x1fffcfa4   0x1fffcfa4   0x0000000c   Data   RO          192    .constdata          appservice.o
    0x1fffcfb0   0x1fffcfb0   0x0000007d   Data   RO          386    .constdata          systems_parameters.o
    0x1fffd02d   COMPRESSED   0x00000001   PAD
    0x1fffd02e   0x1fffd02e   0x0000001c   Data   RO          495    .constdata          command_center.o
    0x1fffd04a   COMPRESSED   0x00000002   PAD
    0x1fffd04c   0x1fffd04c   0x00000b74   Data   RO          607    .constdata          display.o
    0x1fffdbc0   0x1fffdbc0   0x00000064   Data   RO          775    .constdata          light.o
    0x1fffdc24   0x1fffdc24   0x00000010   Data   RO          827    .constdata          protocol_uart.o
    0x1fffdc34   0x1fffdc34   0x0000000c   Data   RO         1475    .constdata          uart.o
    0x1fffdc40   0x1fffdc40   0x00000010   Data   RO         1552    .constdata          my_printf.o
    0x1fffdc50   0x1fffdc50   0x00000002   Data   RO         2111    .constdata          battservice.o
    0x1fffdc52   0x1fffdc52   0x00000002   Data   RO         2112    .constdata          battservice.o
    0x1fffdc54   0x1fffdc54   0x00000008   Data   RO         2113    .constdata          battservice.o
    0x1fffdc5c   0x1fffdc5c   0x0000000c   Data   RO         2114    .constdata          battservice.o
    0x1fffdc68   0x1fffdc68   0x00000002   Data   RO         2188    .constdata          devinfoservice.o
    0x1fffdc6a   0x1fffdc6a   0x00000002   Data   RO         2189    .constdata          devinfoservice.o
    0x1fffdc6c   0x1fffdc6c   0x00000002   Data   RO         2190    .constdata          devinfoservice.o
    0x1fffdc6e   0x1fffdc6e   0x00000002   Data   RO         2191    .constdata          devinfoservice.o
    0x1fffdc70   0x1fffdc70   0x00000002   Data   RO         2192    .constdata          devinfoservice.o
    0x1fffdc72   0x1fffdc72   0x00000002   Data   RO         2193    .constdata          devinfoservice.o
    0x1fffdc74   0x1fffdc74   0x00000002   Data   RO         2194    .constdata          devinfoservice.o
    0x1fffdc76   0x1fffdc76   0x00000002   Data   RO         2195    .constdata          devinfoservice.o
    0x1fffdc78   0x1fffdc78   0x00000002   Data   RO         2196    .constdata          devinfoservice.o
    0x1fffdc7a   0x1fffdc7a   0x00000002   Data   RO         2197    .constdata          devinfoservice.o
    0x1fffdc7c   0x1fffdc7c   0x00000008   Data   RO         2198    .constdata          devinfoservice.o
    0x1fffdc84   0x1fffdc84   0x0000000c   Data   RO         2199    .constdata          devinfoservice.o
    0x1fffdc90   0x1fffdc90   0x00000002   Data   RO         2249    .constdata          simplegattprofile.o
    0x1fffdc92   0x1fffdc92   0x00000002   Data   RO         2250    .constdata          simplegattprofile.o
    0x1fffdc94   0x1fffdc94   0x00000002   Data   RO         2251    .constdata          simplegattprofile.o
    0x1fffdc96   0x1fffdc96   0x00000002   Data   RO         2252    .constdata          simplegattprofile.o
    0x1fffdc98   0x1fffdc98   0x00000002   Data   RO         2253    .constdata          simplegattprofile.o
    0x1fffdc9a   0x1fffdc9a   0x00000002   Data   RO         2254    .constdata          simplegattprofile.o
    0x1fffdc9c   0x1fffdc9c   0x00000002   Data   RO         2255    .constdata          simplegattprofile.o
    0x1fffdc9e   COMPRESSED   0x00000002   PAD
    0x1fffdca0   0x1fffdca0   0x00000008   Data   RO         2256    .constdata          simplegattprofile.o
    0x1fffdca8   0x1fffdca8   0x0000000c   Data   RO         2257    .constdata          simplegattprofile.o
    0x1fffdcb4   0x1fffdcb4   0x00000008   Data   RO         2347    .constdata          gapgattserver.o
    0x1fffdcbc   0x1fffdcbc   0x0000000c   Data   RO         2348    .constdata          gapgattserver.o
    0x1fffdcc8   0x1fffdcc8   0x00000008   Data   RO         2455    .constdata          gattservapp.o
    0x1fffdcd0   0x1fffdcd0   0x00000010   Data   RO         2934    .constdata          lumecontrolprofile.o
    0x1fffdce0   0x1fffdce0   0x0000001c   Data   RO         2935    .constdata          lumecontrolprofile.o
    0x1fffdcfc   0x1fffdcfc   0x00000008   Data   RO         2936    .constdata          lumecontrolprofile.o
    0x1fffdd04   0x1fffdd04   0x00000010   Data   RO         3014    .constdata          lumecubeprofile.o
    0x1fffdd14   0x1fffdd14   0x0000001c   Data   RO         3015    .constdata          lumecubeprofile.o
    0x1fffdd30   0x1fffdd30   0x00000008   Data   RO         3016    .constdata          lumecubeprofile.o
    0x1fffdd38   0x1fffdd38   0x00000010   Data   RO         3091    .constdata          ota_app_service.o
    0x1fffdd48   0x1fffdd48   0x00000010   Data   RO         3092    .constdata          ota_app_service.o
    0x1fffdd58   0x1fffdd58   0x00000010   Data   RO         3093    .constdata          ota_app_service.o
    0x1fffdd68   0x1fffdd68   0x00000008   Data   RO         3094    .constdata          ota_app_service.o
    0x1fffdd70   0x1fffdd70   0x0000000c   Data   RO         3095    .constdata          ota_app_service.o
    0x1fffdd7c   0x1fffdd7c   0x00000050   Data   RO         3878    Region$$Table       anon$$obj.o
    0x1fffddcc   COMPRESSED   0x00000004   Data   RW           55    .data               osal_blesmartperipheral.o
    0x1fffddd0   COMPRESSED   0x00000001   Data   RW          193    .data               appservice.o
    0x1fffddd1   COMPRESSED   0x00000001   Data   RW          194    .data               appservice.o
    0x1fffddd2   COMPRESSED   0x00000002   PAD
    0x1fffddd4   COMPRESSED   0x00000030   Data   RW          195    .data               appservice.o
    0x1fffde04   COMPRESSED   0x00000018   Data   RW          247    .data               blesmartperipheral.o
    0x1fffde1c   COMPRESSED   0x0000000c   Data   RW          387    .data               systems_parameters.o
    0x1fffde28   COMPRESSED   0x00000014   Data   RW          431    .data               battery.o
    0x1fffde3c   COMPRESSED   0x00000018   Data   RW          496    .data               command_center.o
    0x1fffde54   COMPRESSED   0x00000003   Data   RW          617    .data               display.o
    0x1fffde57   COMPRESSED   0x00000001   Data   RW          778    .data               light.o
    0x1fffde58   COMPRESSED   0x00000001   Data   RW          828    .data               protocol_uart.o
    0x1fffde59   COMPRESSED   0x00000003   PAD
    0x1fffde5c   COMPRESSED   0x00000008   Data   RW         1030    .data               pwrmgr.o
    0x1fffde64   COMPRESSED   0x00000002   Data   RW         1553    .data               my_printf.o
    0x1fffde66   COMPRESSED   0x0000000f   Data   RW         1615    .data               adc.o
    0x1fffde75   COMPRESSED   0x00000001   Data   RW         1700    .data               pwm.o
    0x1fffde76   COMPRESSED   0x0000000a   Data   RW         2053    .data               keys.o
    0x1fffde80   COMPRESSED   0x00000001   Data   RW         2115    .data               battservice.o
    0x1fffde81   COMPRESSED   0x00000003   PAD
    0x1fffde84   COMPRESSED   0x00000060   Data   RW         2116    .data               battservice.o
    0x1fffdee4   COMPRESSED   0x00000001   Data   RW         2200    .data               devinfoservice.o
    0x1fffdee5   COMPRESSED   0x00000001   Data   RW         2201    .data               devinfoservice.o
    0x1fffdee6   COMPRESSED   0x00000001   Data   RW         2202    .data               devinfoservice.o
    0x1fffdee7   COMPRESSED   0x00000001   Data   RW         2203    .data               devinfoservice.o
    0x1fffdee8   COMPRESSED   0x00000001   Data   RW         2204    .data               devinfoservice.o
    0x1fffdee9   COMPRESSED   0x00000001   Data   RW         2205    .data               devinfoservice.o
    0x1fffdeea   COMPRESSED   0x00000001   Data   RW         2206    .data               devinfoservice.o
    0x1fffdeeb   COMPRESSED   0x00000001   Data   RW         2207    .data               devinfoservice.o
    0x1fffdeec   COMPRESSED   0x00000001   Data   RW         2208    .data               devinfoservice.o
    0x1fffdeed   COMPRESSED   0x00000003   PAD
    0x1fffdef0   COMPRESSED   0x00000130   Data   RW         2209    .data               devinfoservice.o
    0x1fffe020   COMPRESSED   0x00000158   Data   RW         2258    .data               simplegattprofile.o
    0x1fffe178   COMPRESSED   0x00000001   Data   RW         2259    .data               simplegattprofile.o
    0x1fffe179   COMPRESSED   0x0000000f   Data   RW         2260    .data               simplegattprofile.o
    0x1fffe188   COMPRESSED   0x00000001   Data   RW         2261    .data               simplegattprofile.o
    0x1fffe189   COMPRESSED   0x0000000f   Data   RW         2262    .data               simplegattprofile.o
    0x1fffe198   COMPRESSED   0x00000001   Data   RW         2263    .data               simplegattprofile.o
    0x1fffe199   COMPRESSED   0x00000011   Data   RW         2264    .data               simplegattprofile.o
    0x1fffe1aa   COMPRESSED   0x00000001   Data   RW         2265    .data               simplegattprofile.o
    0x1fffe1ab   COMPRESSED   0x0000000c   Data   RW         2266    .data               simplegattprofile.o
    0x1fffe1b7   COMPRESSED   0x00000001   Data   RW         2267    .data               simplegattprofile.o
    0x1fffe1b8   COMPRESSED   0x0000000c   Data   RW         2268    .data               simplegattprofile.o
    0x1fffe1c4   COMPRESSED   0x00000001   Data   RW         2269    .data               simplegattprofile.o
    0x1fffe1c5   COMPRESSED   0x00000012   Data   RW         2270    .data               simplegattprofile.o
    0x1fffe1d7   COMPRESSED   0x00000001   PAD
    0x1fffe1d8   COMPRESSED   0x00000080   Data   RW         2349    .data               gapgattserver.o
    0x1fffe258   COMPRESSED   0x00000001   Data   RW         2350    .data               gapgattserver.o
    0x1fffe259   COMPRESSED   0x00000001   Data   RW         2351    .data               gapgattserver.o
    0x1fffe25a   COMPRESSED   0x00000001   Data   RW         2352    .data               gapgattserver.o
    0x1fffe25b   COMPRESSED   0x00000001   PAD
    0x1fffe25c   COMPRESSED   0x0000005c   Data   RW         2457    .data               gattservapp.o
    0x1fffe2b8   COMPRESSED   0x00000001   Data   RW         2458    .data               gattservapp.o
    0x1fffe2b9   COMPRESSED   0x00000003   PAD
    0x1fffe2bc   COMPRESSED   0x00000061   Data   RW         2660    .data               peripheral.o
    0x1fffe31d   COMPRESSED   0x00000003   PAD
    0x1fffe320   COMPRESSED   0x00000024   Data   RW         2779    .data               gapbondmgr.o
    0x1fffe344   COMPRESSED   0x00000060   Data   RW         2937    .data               lumecontrolprofile.o
    0x1fffe3a4   COMPRESSED   0x00000001   Data   RW         2938    .data               lumecontrolprofile.o
    0x1fffe3a5   COMPRESSED   0x0000000f   Data   RW         2939    .data               lumecontrolprofile.o
    0x1fffe3b4   COMPRESSED   0x00000060   Data   RW         3017    .data               lumecubeprofile.o
    0x1fffe414   COMPRESSED   0x00000001   Data   RW         3018    .data               lumecubeprofile.o
    0x1fffe415   COMPRESSED   0x0000000c   Data   RW         3019    .data               lumecubeprofile.o
    0x1fffe421   COMPRESSED   0x00000001   Data   RW         3096    .data               ota_app_service.o
    0x1fffe422   COMPRESSED   0x00000001   Data   RW         3097    .data               ota_app_service.o
    0x1fffe423   COMPRESSED   0x00000001   Data   RW         3098    .data               ota_app_service.o
    0x1fffe424   COMPRESSED   0x00000001   Data   RW         3099    .data               ota_app_service.o
    0x1fffe425   COMPRESSED   0x00000003   PAD
    0x1fffe428   COMPRESSED   0x00000070   Data   RW         3100    .data               ota_app_service.o
    0x1fffe498   COMPRESSED   0x00000004   Data   RW         3305    .data               system_armcm0.o
    0x1fffe49c   COMPRESSED   0x00000018   Data   RW         3362    .data               rf.lib(patch.o)
    0x1fffe4b4   COMPRESSED   0x00000001   Data   RW         3363    .data               rf.lib(patch.o)
    0x1fffe4b5   COMPRESSED   0x00000007   Data   RW         3474    .data               rf.lib(flash_ext.o)
    0x1fffe4bc   COMPRESSED   0x00000004   Data   RW         3848    .data               mc_p.l(stdout.o)
    0x1fffe4c0        -       0x0000007a   Zero   RW          385    .bss                systems_parameters.o
    0x1fffe53a        -       0x00000018   Zero   RW          606    .bss                display.o
    0x1fffe552        -       0x0000000e   Zero   RW          774    .bss                light.o
    0x1fffe560        -       0x0000040a   Zero   RW          826    .bss                protocol_uart.o
    0x1fffe96a   COMPRESSED   0x00000002   PAD
    0x1fffe96c        -       0x00000078   Zero   RW         1029    .bss                pwrmgr.o
    0x1fffe9e4        -       0x000001c8   Zero   RW         1286    .bss                gpio.o
    0x1fffebac        -       0x00000020   Zero   RW         1474    .bss                uart.o
    0x1fffebcc        -       0x00000078   Zero   RW         1551    .bss                my_printf.o
    0x1fffec44        -       0x00000028   Zero   RW         1614    .bss                adc.o
    0x1fffec6c        -       0x00000044   Zero   RW         1699    .bss                pwm.o
    0x1fffecb0        -       0x00000058   Zero   RW         1879    .bss                spi.o
    0x1fffed08        -       0x00000010   Zero   RW         2187    .bss                devinfoservice.o
    0x1fffed18        -       0x00000a00   Zero   RW         2247    .bss                simplegattprofile.o
    0x1ffff718        -       0x00000200   Zero   RW         2248    .bss                simplegattprofile.o
    0x1ffff918        -       0x00000016   Zero   RW         2346    .bss                gapgattserver.o
    0x1ffff92e        -       0x000002e8   Zero   RW         2454    .bss                gattservapp.o
    0x1ffffc16        -       0x0000003f   Zero   RW         2659    .bss                peripheral.o
    0x1ffffc55   COMPRESSED   0x00000001   PAD
    0x1ffffc56        -       0x000000a6   Zero   RW         2778    .bss                gapbondmgr.o
    0x1ffffcfc        -       0x00000014   Zero   RW         2933    .bss                lumecontrolprofile.o
    0x1ffffd10        -       0x00000014   Zero   RW         3013    .bss                lumecubeprofile.o
    0x1ffffd24        -       0x00001800   Zero   RW         3164    .bss                main.o
    0x20001524        -       0x00000010   Zero   RW         3357    .bss                rf.lib(patch.o)
    0x20001534        -       0x00000041   Zero   RW         3473    .bss                rf.lib(flash_ext.o)
    0x20001575   COMPRESSED   0x00000003   PAD
    0x20001578        -       0x00000800   Zero   RW         3294    STACK               startup_armcm0.o



  Load Region LR_IROM2 (Base: 0x1fff0800, Size: 0x00000800, Max: 0x00000800, ABSOLUTE, COMPRESSED[0x0000040c])

    Execution Region JUMP_TABLE (Exec base: 0x1fff0800, Load base: 0x1fff0800, Size: 0x00000400, Max: 0x00000400, ABSOLUTE)

    Exec Addr    Load Addr    Size         Type   Attr      Idx    E Section Name        Object

    0x1fff0800   0x1fff0800   0x00000400   Data   RO         3260    jump_table_mem_area  jump_table.o


    Execution Region GOLBAL_CONFIG (Exec base: 0x1fff0c00, Load base: 0x1fff0c00, Size: 0x00000400, Max: 0x00000400, ABSOLUTE, COMPRESSED[0x0000000c])

    Exec Addr    Load Addr    Size         Type   Attr      Idx    E Section Name        Object

    0x1fff0c00   COMPRESSED   0x00000400   Data   RW         3259    global_config_area  jump_table.o


==============================================================================

Image component sizes


      Code (inc. data)   RO Data    RW Data    ZI Data      Debug   Object Name

      1620        170          0         15         40      20887   adc.o
       168         34         24         50          0       4571   appservice.o
       288         82          0         20          0       4103   battery.o
       224         34         24         97          0       9065   battservice.o
       910         66          0         24          0      14336   blesmartperipheral.o
        20          0          0          0          0      12543   blesmartperipheral_main.o
       266         34          0          0          0       3615   clock.o
      3128        216         28         24          0      17068   command_center.o
       370         54          0          0          0       4755   common.o
       160         20         40        313         16       3403   devinfoservice.o
      1950        116       2932          3         24      18387   display.o
        62         12          0          0          0       1193   gap.o
       630         16          0         36        166       8802   gapbondmgr.o
       678         44         20        131         22       5828   gapgattserver.o
      3466        182          8         93        744      29267   gattservapp.o
      1372        134          0          0        456      23908   gpio.o
        64         34       1024       1024          0       1772   jump_table.o
       548        138          0         10          0       3801   keys.o
       708         30        100          1         14       7682   light.o
       456         64         52        112         20       6101   lumecontrolprofile.o
       540         78         52        109         20       7185   lumecubeprofile.o
       320         70          0          0       6144       3092   main.o
       618         30         16          2        120       6620   my_printf.o
       128          6         49          4          0      67709   osal_blesmartperipheral.o
       420         72          0          0          0       4109   osal_snv.o
       888        258         68        116          0      15578   ota_app_service.o
      2016        178          0         97         63      12064   peripheral.o
       318         44         16          1       1034      10689   protocol_uart.o
       460         44          0          1         68       5401   pwm.o
       532         66          0          8        120       7960   pwrmgr.o
       708        118         34        439       3072       9046   simplegattprofile.o
      1208        110          0          0         88      18267   spi.o
        28          8        192          0       2048        624   startup_armcm0.o
        16          8          0          4          0        679   system_armcm0.o
       900         64        125         12        122       4438   systems_parameters.o
       852         82         12          0         32      15370   uart.o

    ----------------------------------------------------------------------
     28128       3068       4904       2768      14436     389918   Object Totals
      1056        352         80          0          0          0   (incl. Generated)
        32          0          8         22          3          0   (incl. Padding)

    ----------------------------------------------------------------------

      Code (inc. data)   RO Data    RW Data    ZI Data      Debug   Library Member Name

        86          0          0          0          0          0   __dczerorl2.o
         0          0          0          0          0          0   entry.o
         0          0          0          0          0          0   entry10a.o
         0          0          0          0          0          0   entry11a.o
         8          4          0          0          0          0   entry2.o
         4          0          0          0          0          0   entry5.o
         0          0          0          0          0          0   entry7b.o
         0          0          0          0          0          0   entry8b.o
         8          4          0          0          0          0   entry9a.o
        18          0          0          0          0         72   fputc.o
        30          0          0          0          0          0   handlers.o
        36          8          0          0          0         68   init.o
         0          0          0          0          0          0   iusefp.o
         0          0          0          0          0          0   iusesemip.o
        32          0          0          0          0         68   llshl.o
        34          0          0          0          0         68   llushr.o
        36          0          0          0          0         60   memcpya.o
        36          0          0          0          0        100   memseta.o
      1222         56          0          0          0        468   printf8.o
         0          0          0          0          0          0   semi.o
         0          0          0          4          0          0   stdout.o
        96          0          0          0          0         84   uldiv.o
        56          0          0          0          0         68   d2f.o
       236          0          0          0          0        216   depilogue.o
        40          6          0          0          0         68   dflti.o
        44          0          0          0          0         72   dscalb.o
       178          0          0          0          0        108   fadd.o
       124          0          0          0          0         72   fdiv.o
       130          0          0          0          0        144   fepilogue.o
        50          0          0          0          0         60   ffixi.o
        40          0          0          0          0         60   ffixui.o
        22          0          0          0          0         68   fflti.o
        14          0          0          0          0         68   ffltui.o
       122          0          0          0          0         72   fmul.o
        24          0          0          0          0         60   fscalb.o
       648         52          0          7         65        688   flash_ext.o
      1742        282          0         25         16        744   patch.o
      1212        318          0          0          0        572   rf_phy_driver.o

    ----------------------------------------------------------------------
      6340        730          0         36         84       4128   Library Totals
        12          0          0          0          3          0   (incl. Padding)

    ----------------------------------------------------------------------

      Code (inc. data)   RO Data    RW Data    ZI Data      Debug   Library Name

      1646         72          0          4          0        988   mc_p.l
      1080          6          0          0          0       1136   mf_p.l
      3602        652          0         32         81       2004   rf.lib

    ----------------------------------------------------------------------
      6340        730          0         36         84       4128   Library Totals

    ----------------------------------------------------------------------

==============================================================================


      Code (inc. data)   RO Data    RW Data    ZI Data      Debug   

     34468       3798       4904       2804      14520     380762   Grand Totals
     34468       3798       4904        624      14520     380762   ELF Image Totals (compressed)
     34468       3798       4904        624          0          0   ROM Totals

==============================================================================

    Total RO  Size (Code + RO Data)                39372 (  38.45kB)
    Total RW  Size (RW Data + ZI Data)             17324 (  16.92kB)
    Total ROM Size (Code + RO Data + RW Data)      39996 (  39.06kB)

==============================================================================

